Archive member included to satisfy reference by file (symbol)

/home/tung/st/stm32cubeide_1.2.0/plugins/com.st.stm32cube.ide.mcu.externaltools.gnu-tools-for-stm32.7-2018-q2-update.linux64_1.0.0.201904181610/tools/bin/../lib/gcc/arm-none-eabi/7.3.1/../../../../arm-none-eabi/lib/thumb/v7e-m/fpv4-sp/hard/libstdc++_nano.a(del_ops.o)
                              Core/Src/main.o (operator delete(void*, unsigned int))
/home/tung/st/stm32cubeide_1.2.0/plugins/com.st.stm32cube.ide.mcu.externaltools.gnu-tools-for-stm32.7-2018-q2-update.linux64_1.0.0.201904181610/tools/bin/../lib/gcc/arm-none-eabi/7.3.1/../../../../arm-none-eabi/lib/thumb/v7e-m/fpv4-sp/hard/libstdc++_nano.a(del_op.o)
                              /home/tung/st/stm32cubeide_1.2.0/plugins/com.st.stm32cube.ide.mcu.externaltools.gnu-tools-for-stm32.7-2018-q2-update.linux64_1.0.0.201904181610/tools/bin/../lib/gcc/arm-none-eabi/7.3.1/../../../../arm-none-eabi/lib/thumb/v7e-m/fpv4-sp/hard/libstdc++_nano.a(del_ops.o) (operator delete(void*))
/home/tung/st/stm32cubeide_1.2.0/plugins/com.st.stm32cube.ide.mcu.externaltools.gnu-tools-for-stm32.7-2018-q2-update.linux64_1.0.0.201904181610/tools/bin/../lib/gcc/arm-none-eabi/7.3.1/../../../../arm-none-eabi/lib/thumb/v7e-m/fpv4-sp/hard/libm.a(lib_a-sf_atan.o)
                              Core/Src/main.o (atanf)
/home/tung/st/stm32cubeide_1.2.0/plugins/com.st.stm32cube.ide.mcu.externaltools.gnu-tools-for-stm32.7-2018-q2-update.linux64_1.0.0.201904181610/tools/bin/../lib/gcc/arm-none-eabi/7.3.1/../../../../arm-none-eabi/lib/thumb/v7e-m/fpv4-sp/hard/libm.a(lib_a-sf_fabs.o)
                              /home/tung/st/stm32cubeide_1.2.0/plugins/com.st.stm32cube.ide.mcu.externaltools.gnu-tools-for-stm32.7-2018-q2-update.linux64_1.0.0.201904181610/tools/bin/../lib/gcc/arm-none-eabi/7.3.1/../../../../arm-none-eabi/lib/thumb/v7e-m/fpv4-sp/hard/libm.a(lib_a-sf_atan.o) (fabsf)
/home/tung/st/stm32cubeide_1.2.0/plugins/com.st.stm32cube.ide.mcu.externaltools.gnu-tools-for-stm32.7-2018-q2-update.linux64_1.0.0.201904181610/tools/bin/../lib/gcc/arm-none-eabi/7.3.1/../../../../arm-none-eabi/lib/thumb/v7e-m/fpv4-sp/hard/libm.a(lib_a-w_sqrt.o)
                              Core/Src/main.o (sqrt)
/home/tung/st/stm32cubeide_1.2.0/plugins/com.st.stm32cube.ide.mcu.externaltools.gnu-tools-for-stm32.7-2018-q2-update.linux64_1.0.0.201904181610/tools/bin/../lib/gcc/arm-none-eabi/7.3.1/../../../../arm-none-eabi/lib/thumb/v7e-m/fpv4-sp/hard/libm.a(lib_a-wf_asin.o)
                              Core/Src/main.o (asinf)
/home/tung/st/stm32cubeide_1.2.0/plugins/com.st.stm32cube.ide.mcu.externaltools.gnu-tools-for-stm32.7-2018-q2-update.linux64_1.0.0.201904181610/tools/bin/../lib/gcc/arm-none-eabi/7.3.1/../../../../arm-none-eabi/lib/thumb/v7e-m/fpv4-sp/hard/libm.a(lib_a-wf_atan2.o)
                              Core/Src/main.o (atan2f)
/home/tung/st/stm32cubeide_1.2.0/plugins/com.st.stm32cube.ide.mcu.externaltools.gnu-tools-for-stm32.7-2018-q2-update.linux64_1.0.0.201904181610/tools/bin/../lib/gcc/arm-none-eabi/7.3.1/../../../../arm-none-eabi/lib/thumb/v7e-m/fpv4-sp/hard/libm.a(lib_a-wf_sqrt.o)
                              Core/Src/main.o (sqrtf)
/home/tung/st/stm32cubeide_1.2.0/plugins/com.st.stm32cube.ide.mcu.externaltools.gnu-tools-for-stm32.7-2018-q2-update.linux64_1.0.0.201904181610/tools/bin/../lib/gcc/arm-none-eabi/7.3.1/../../../../arm-none-eabi/lib/thumb/v7e-m/fpv4-sp/hard/libm.a(lib_a-e_sqrt.o)
                              /home/tung/st/stm32cubeide_1.2.0/plugins/com.st.stm32cube.ide.mcu.externaltools.gnu-tools-for-stm32.7-2018-q2-update.linux64_1.0.0.201904181610/tools/bin/../lib/gcc/arm-none-eabi/7.3.1/../../../../arm-none-eabi/lib/thumb/v7e-m/fpv4-sp/hard/libm.a(lib_a-w_sqrt.o) (__ieee754_sqrt)
/home/tung/st/stm32cubeide_1.2.0/plugins/com.st.stm32cube.ide.mcu.externaltools.gnu-tools-for-stm32.7-2018-q2-update.linux64_1.0.0.201904181610/tools/bin/../lib/gcc/arm-none-eabi/7.3.1/../../../../arm-none-eabi/lib/thumb/v7e-m/fpv4-sp/hard/libm.a(lib_a-ef_asin.o)
                              /home/tung/st/stm32cubeide_1.2.0/plugins/com.st.stm32cube.ide.mcu.externaltools.gnu-tools-for-stm32.7-2018-q2-update.linux64_1.0.0.201904181610/tools/bin/../lib/gcc/arm-none-eabi/7.3.1/../../../../arm-none-eabi/lib/thumb/v7e-m/fpv4-sp/hard/libm.a(lib_a-wf_asin.o) (__ieee754_asinf)
/home/tung/st/stm32cubeide_1.2.0/plugins/com.st.stm32cube.ide.mcu.externaltools.gnu-tools-for-stm32.7-2018-q2-update.linux64_1.0.0.201904181610/tools/bin/../lib/gcc/arm-none-eabi/7.3.1/../../../../arm-none-eabi/lib/thumb/v7e-m/fpv4-sp/hard/libm.a(lib_a-ef_atan2.o)
                              /home/tung/st/stm32cubeide_1.2.0/plugins/com.st.stm32cube.ide.mcu.externaltools.gnu-tools-for-stm32.7-2018-q2-update.linux64_1.0.0.201904181610/tools/bin/../lib/gcc/arm-none-eabi/7.3.1/../../../../arm-none-eabi/lib/thumb/v7e-m/fpv4-sp/hard/libm.a(lib_a-wf_atan2.o) (__ieee754_atan2f)
[...]
Memory Configuration

Name             Origin             Length             Attributes
CCMRAM           0x0000000010000000 0x0000000000010000 xrw
RAM              0x0000000020000000 0x0000000000020000 xrw
FLASH            0x0000000008000000 0x0000000000100000 xr
*default*        0x0000000000000000 0xffffffffffffffff

Linker script and memory map

LOAD /home/tung/st/stm32cubeide_1.2.0/plugins/com.st.stm32cube.ide.mcu.externaltools.gnu-tools-for-stm32.7-2018-q2-update.linux64_1.0.0.201904181610/tools/bin/../lib/gcc/arm-none-eabi/7.3.1/thumb/v7e-m/fpv4-sp/hard/crti.o
LOAD /home/tung/st/stm32cubeide_1.2.0/plugins/com.st.stm32cube.ide.mcu.externaltools.gnu-tools-for-stm32.7-2018-q2-update.linux64_1.0.0.201904181610/tools/bin/../lib/gcc/arm-none-eabi/7.3.1/thumb/v7e-m/fpv4-sp/hard/crtbegin.o
LOAD /home/tung/st/stm32cubeide_1.2.0/plugins/com.st.stm32cube.ide.mcu.externaltools.gnu-tools-for-stm32.7-2018-q2-update.linux64_1.0.0.201904181610/tools/bin/../lib/gcc/arm-none-eabi/7.3.1/../../../../arm-none-eabi/lib/thumb/v7e-m/fpv4-sp/hard/crt0.o
LOAD Core/Src/main.o
LOAD Core/Src/stm32f4xx_hal_msp.o
LOAD Core/Src/stm32f4xx_it.o
LOAD Core/Src/syscalls.o
LOAD Core/Src/sysmem.o
LOAD Core/Src/system_stm32f4xx.o
LOAD Core/Startup/startup_stm32f405rgtx.o
LOAD Drivers/STM32F4xx_HAL_Driver/Src/stm32f4xx_hal.o
LOAD Drivers/STM32F4xx_HAL_Driver/Src/stm32f4xx_hal_cortex.o
LOAD Drivers/STM32F4xx_HAL_Driver/Src/stm32f4xx_hal_dma.o
LOAD Drivers/STM32F4xx_HAL_Driver/Src/stm32f4xx_hal_dma_ex.o
LOAD Drivers/STM32F4xx_HAL_Driver/Src/stm32f4xx_hal_exti.o
LOAD Drivers/STM32F4xx_HAL_Driver/Src/stm32f4xx_hal_flash.o
LOAD Drivers/STM32F4xx_HAL_Driver/Src/stm32f4xx_hal_flash_ex.o
LOAD Drivers/STM32F4xx_HAL_Driver/Src/stm32f4xx_hal_flash_ramfunc.o
LOAD Drivers/STM32F4xx_HAL_Driver/Src/stm32f4xx_hal_gpio.o
LOAD Drivers/STM32F4xx_HAL_Driver/Src/stm32f4xx_hal_i2c.o
LOAD Drivers/STM32F4xx_HAL_Driver/Src/stm32f4xx_hal_i2c_ex.o
LOAD Drivers/STM32F4xx_HAL_Driver/Src/stm32f4xx_hal_pwr.o
LOAD Drivers/STM32F4xx_HAL_Driver/Src/stm32f4xx_hal_pwr_ex.o
LOAD Drivers/STM32F4xx_HAL_Driver/Src/stm32f4xx_hal_rcc.o
LOAD Drivers/STM32F4xx_HAL_Driver/Src/stm32f4xx_hal_rcc_ex.o
LOAD Drivers/STM32F4xx_HAL_Driver/Src/stm32f4xx_hal_tim.o
LOAD Drivers/STM32F4xx_HAL_Driver/Src/stm32f4xx_hal_tim_ex.o
LOAD Drivers/STM32F4xx_HAL_Driver/Src/stm32f4xx_hal_uart.o
START GROUP
LOAD /home/tung/st/stm32cubeide_1.2.0/plugins/com.st.stm32cube.ide.mcu.externaltools.gnu-tools-for-stm32.7-2018-q2-update.linux64_1.0.0.201904181610/tools/bin/../lib/gcc/arm-none-eabi/7.3.1/../../../../arm-none-eabi/lib/thumb/v7e-m/fpv4-sp/hard/libstdc++_nano.a
LOAD /home/tung/st/stm32cubeide_1.2.0/plugins/com.st.stm32cube.ide.mcu.externaltools.gnu-tools-for-stm32.7-2018-q2-update.linux64_1.0.0.201904181610/tools/bin/../lib/gcc/arm-none-eabi/7.3.1/../../../../arm-none-eabi/lib/thumb/v7e-m/fpv4-sp/hard/libsupc++_nano.a
END GROUP
LOAD /home/tung/st/stm32cubeide_1.2.0/plugins/com.st.stm32cube.ide.mcu.externaltools.gnu-tools-for-stm32.7-2018-q2-update.linux64_1.0.0.201904181610/tools/bin/../lib/gcc/arm-none-eabi/7.3.1/../../../../arm-none-eabi/lib/thumb/v7e-m/fpv4-sp/hard/libstdc++_nano.a
LOAD /home/tung/st/stm32cubeide_1.2.0/plugins/com.st.stm32cube.ide.mcu.externaltools.gnu-tools-for-stm32.7-2018-q2-update.linux64_1.0.0.201904181610/tools/bin/../lib/gcc/arm-none-eabi/7.3.1/../../../../arm-none-eabi/lib/thumb/v7e-m/fpv4-sp/hard/libm.a
LOAD /home/tung/st/stm32cubeide_1.2.0/plugins/com.st.stm32cube.ide.mcu.externaltools.gnu-tools-for-stm32.7-2018-q2-update.linux64_1.0.0.201904181610/tools/bin/../lib/gcc/arm-none-eabi/7.3.1/../../../../arm-none-eabi/lib/thumb/v7e-m/fpv4-sp/hard/libc_nano.a
START GROUP
LOAD /home/tung/st/stm32cubeide_1.2.0/plugins/com.st.stm32cube.ide.mcu.externaltools.gnu-tools-for-stm32.7-2018-q2-update.linux64_1.0.0.201904181610/tools/bin/../lib/gcc/arm-none-eabi/7.3.1/thumb/v7e-m/fpv4-sp/hard/libgcc.a
LOAD /home/tung/st/stm32cubeide_1.2.0/plugins/com.st.stm32cube.ide.mcu.externaltools.gnu-tools-for-stm32.7-2018-q2-update.linux64_1.0.0.201904181610/tools/bin/../lib/gcc/arm-none-eabi/7.3.1/../../../../arm-none-eabi/lib/thumb/v7e-m/fpv4-sp/hard/libc_nano.a
END GROUP
START GROUP
LOAD /home/tung/st/stm32cubeide_1.2.0/plugins/com.st.stm32cube.ide.mcu.externaltools.gnu-tools-for-stm32.7-2018-q2-update.linux64_1.0.0.201904181610/tools/bin/../lib/gcc/arm-none-eabi/7.3.1/thumb/v7e-m/fpv4-sp/hard/libgcc.a
LOAD /home/tung/st/stm32cubeide_1.2.0/plugins/com.st.stm32cube.ide.mcu.externaltools.gnu-tools-for-stm32.7-2018-q2-update.linux64_1.0.0.201904181610/tools/bin/../lib/gcc/arm-none-eabi/7.3.1/../../../../arm-none-eabi/lib/thumb/v7e-m/fpv4-sp/hard/libc_nano.a
LOAD /home/tung/st/stm32cubeide_1.2.0/plugins/com.st.stm32cube.ide.mcu.externaltools.gnu-tools-for-stm32.7-2018-q2-update.linux64_1.0.0.201904181610/tools/bin/../lib/gcc/arm-none-eabi/7.3.1/../../../../arm-none-eabi/lib/thumb/v7e-m/fpv4-sp/hard/libnosys.a
END GROUP
START GROUP
LOAD /home/tung/st/stm32cubeide_1.2.0/plugins/com.st.stm32cube.ide.mcu.externaltools.gnu-tools-for-stm32.7-2018-q2-update.linux64_1.0.0.201904181610/tools/bin/../lib/gcc/arm-none-eabi/7.3.1/thumb/v7e-m/fpv4-sp/hard/libgcc.a
LOAD /home/tung/st/stm32cubeide_1.2.0/plugins/com.st.stm32cube.ide.mcu.externaltools.gnu-tools-for-stm32.7-2018-q2-update.linux64_1.0.0.201904181610/tools/bin/../lib/gcc/arm-none-eabi/7.3.1/../../../../arm-none-eabi/lib/thumb/v7e-m/fpv4-sp/hard/libc_nano.a
LOAD /home/tung/st/stm32cubeide_1.2.0/plugins/com.st.stm32cube.ide.mcu.externaltools.gnu-tools-for-stm32.7-2018-q2-update.linux64_1.0.0.201904181610/tools/bin/../lib/gcc/arm-none-eabi/7.3.1/../../../../arm-none-eabi/lib/thumb/v7e-m/fpv4-sp/hard/libnosys.a
END GROUP
LOAD /home/tung/st/stm32cubeide_1.2.0/plugins/com.st.stm32cube.ide.mcu.externaltools.gnu-tools-for-stm32.7-2018-q2-update.linux64_1.0.0.201904181610/tools/bin/../lib/gcc/arm-none-eabi/7.3.1/thumb/v7e-m/fpv4-sp/hard/crtend.o
LOAD /home/tung/st/stm32cubeide_1.2.0/plugins/com.st.stm32cube.ide.mcu.externaltools.gnu-tools-for-stm32.7-2018-q2-update.linux64_1.0.0.201904181610/tools/bin/../lib/gcc/arm-none-eabi/7.3.1/thumb/v7e-m/fpv4-sp/hard/crtn.o
                0x0000000020020000                _estack = (ORIGIN (RAM) + LENGTH (RAM))
                0x0000000000000200                _Min_Heap_Size = 0x200
                0x0000000000000400                _Min_Stack_Size = 0x400

.isr_vector     0x0000000008000000      0x188
                0x0000000008000000                . = ALIGN (0x4)
 *(.isr_vector)
 .isr_vector    0x0000000008000000      0x188 Core/Startup/startup_stm32f405rgtx.o
                0x0000000008000000                g_pfnVectors
                0x0000000008000188                . = ALIGN (0x4)

.text           0x0000000008000188     0x6000
                0x0000000008000188                . = ALIGN (0x4)
 *(.text)
 .text          0x0000000008000188       0x40 /home/tung/st/stm32cubeide_1.2.0/plugins/com.st.stm32cube.ide.mcu.externaltools.gnu-tools-for-stm32.7-2018-q2-update.linux64_1.0.0.201904181610/tools/bin/../lib/gcc/arm-none-eabi/7.3.1/thumb/v7e-m/fpv4-sp/hard/crtbegin.o
 .text          0x00000000080001c8      0x378 /home/tung/st/stm32cubeide_1.2.0/plugins/com.st.stm32cube.ide.mcu.externaltools.gnu-tools-for-stm32.7-2018-q2-update.linux64_1.0.0.201904181610/tools/bin/../lib/gcc/arm-none-eabi/7.3.1/thumb/v7e-m/fpv4-sp/hard/libgcc.a(_arm_addsubdf3.o)
                0x00000000080001c8                __aeabi_drsub
                0x00000000080001d0                __aeabi_dsub
                0x00000000080001d0                __subdf3
                0x00000000080001d4                __adddf3
                0x00000000080001d4                __aeabi_dadd
                0x000000000800044c                __aeabi_ui2d
                0x000000000800044c                __floatunsidf
                0x000000000800046c                __floatsidf
                0x000000000800046c                __aeabi_i2d
                0x0000000008000490                __extendsfdf2
                0x0000000008000490                __aeabi_f2d
                0x00000000080004d4                __aeabi_ul2d
                0x00000000080004d4                __floatundidf
                0x00000000080004e4                __floatdidf
                0x00000000080004e4                __aeabi_l2d
 .text          0x0000000008000540      0x424 /home/tung/st/stm32cubeide_1.2.0/plugins/com.st.stm32cube.ide.mcu.externaltools.gnu-tools-for-stm32.7-2018-q2-update.linux64_1.0.0.201904181610/tools/bin/../lib/gcc/arm-none-eabi/7.3.1/thumb/v7e-m/fpv4-sp/hard/libgcc.a(_arm_muldivdf3.o)
                0x0000000008000540                __aeabi_dmul
                0x0000000008000540                __muldf3
                0x0000000008000794                __aeabi_ddiv
                0x0000000008000794                __divdf3
 .text          0x0000000008000964      0x110 /home/tung/st/stm32cubeide_1.2.0/plugins/com.st.stm32cube.ide.mcu.externaltools.gnu-tools-for-stm32.7-2018-q2-update.linux64_1.0.0.201904181610/tools/bin/../lib/gcc/arm-none-eabi/7.3.1/thumb/v7e-m/fpv4-sp/hard/libgcc.a(_arm_cmpdf2.o)
                0x0000000008000964                __gtdf2
                0x0000000008000964                __gedf2
                0x000000000800096c                __ltdf2
                0x000000000800096c                __ledf2
                0x0000000008000974                __cmpdf2
                0x0000000008000974                __eqdf2
                0x0000000008000974                __nedf2
                0x00000000080009f0                __aeabi_cdrcmple
                0x0000000008000a00                __aeabi_cdcmple
                0x0000000008000a00                __aeabi_cdcmpeq
                0x0000000008000a10                __aeabi_dcmpeq
                0x0000000008000a24                __aeabi_dcmplt
                0x0000000008000a38                __aeabi_dcmple
                0x0000000008000a4c                __aeabi_dcmpge
                0x0000000008000a60                __aeabi_dcmpgt
 .text          0x0000000008000a74       0x2c /home/tung/st/stm32cubeide_1.2.0/plugins/com.st.stm32cube.ide.mcu.externaltools.gnu-tools-for-stm32.7-2018-q2-update.linux64_1.0.0.201904181610/tools/bin/../lib/gcc/arm-none-eabi/7.3.1/thumb/v7e-m/fpv4-sp/hard/libgcc.a(_arm_unorddf2.o)
                0x0000000008000a74                __aeabi_dcmpun
                0x0000000008000a74                __unorddf2
 .text          0x0000000008000aa0       0xa0 /home/tung/st/stm32cubeide_1.2.0/plugins/com.st.stm32cube.ide.mcu.externaltools.gnu-tools-for-stm32.7-2018-q2-update.linux64_1.0.0.201904181610/tools/bin/../lib/gcc/arm-none-eabi/7.3.1/thumb/v7e-m/fpv4-sp/hard/libgcc.a(_arm_truncdfsf2.o)
                0x0000000008000aa0                __aeabi_d2f
                0x0000000008000aa0                __truncdfsf2
 .text          0x0000000008000b40       0x30 /home/tung/st/stm32cubeide_1.2.0/plugins/com.st.stm32cube.ide.mcu.externaltools.gnu-tools-for-stm32.7-2018-q2-update.linux64_1.0.0.201904181610/tools/bin/../lib/gcc/arm-none-eabi/7.3.1/thumb/v7e-m/fpv4-sp/hard/libgcc.a(_aeabi_uldivmod.o)
                0x0000000008000b40                __aeabi_uldivmod
 .text          0x0000000008000b70      0x2cc /home/tung/st/stm32cubeide_1.2.0/plugins/com.st.stm32cube.ide.mcu.externaltools.gnu-tools-for-stm32.7-2018-q2-update.linux64_1.0.0.201904181610/tools/bin/../lib/gcc/arm-none-eabi/7.3.1/thumb/v7e-m/fpv4-sp/hard/libgcc.a(_udivmoddi4.o)
                0x0000000008000b70                __udivmoddi4
 .text          0x0000000008000e3c        0x4 /home/tung/st/stm32cubeide_1.2.0/plugins/com.st.stm32cube.ide.mcu.externaltools.gnu-tools-for-stm32.7-2018-q2-update.linux64_1.0.0.201904181610/tools/bin/../lib/gcc/arm-none-eabi/7.3.1/thumb/v7e-m/fpv4-sp/hard/libgcc.a(_dvmd_tls.o)
                0x0000000008000e3c                __aeabi_ldiv0
                0x0000000008000e3c                __aeabi_idiv0
 *(.text*)
 .text.MX_I2C1_Init
                0x0000000008000e40       0x58 Core/Src/main.o
 .text.MX_TIM4_Init
                0x0000000008000e98       0x88 Core/Src/main.o
 .text.MX_USART3_UART_Init
                0x0000000008000f20       0x4c Core/Src/main.o
 .text.MX_GPIO_Init
                0x0000000008000f6c      0x114 Core/Src/main.o
 .text._ZSt4atanf
                0x0000000008001080       0x20 Core/Src/main.o
                0x0000000008001080                std::atan(float)
 .text._ZSt5atan2ff
                0x00000000080010a0       0x28 Core/Src/main.o
                0x00000000080010a0                std::atan2(float, float)
 .text._ZSt4sqrtf
                0x00000000080010c8       0x20 Core/Src/main.o
                0x00000000080010c8                std::sqrt(float)
 .text._Z8init_MPUv
                0x00000000080010e8      0x4e4 Core/Src/main.o
                0x00000000080010e8                init_MPU()
 *fill*         0x00000000080015cc        0x4 
 .text._Z11process_MPUb
                0x00000000080015d0      0x3b0 Core/Src/main.o
                0x00000000080015d0                process_MPU(bool)
 .text._Z20complementary_filter8IMU_dataff
                0x0000000008001980      0x1f4 Core/Src/main.o
                0x0000000008001980                complementary_filter(IMU_data, float, float)
 *fill*         0x0000000008001b74        0x4 
 .text._Z15calibration_IMUv
                0x0000000008001b78      0x47c Core/Src/main.o
                0x0000000008001b78                calibration_IMU()
 .text._ZN6Matrix9get_valueEPd
                0x0000000008001ff4       0x74 Core/Src/main.o
                0x0000000008001ff4                Matrix::get_value(double*)
 .text._ZN6MatrixC2Eii
                0x0000000008002068       0x80 Core/Src/main.o
                0x0000000008002068                Matrix::Matrix(int, int)
                0x0000000008002068                Matrix::Matrix(int, int)
 .text._ZN6MatrixD2Ev
                0x00000000080020e8       0x20 Core/Src/main.o
                0x00000000080020e8                Matrix::~Matrix()
                0x00000000080020e8                Matrix::~Matrix()
 .text._ZN6MatrixD0Ev
                0x0000000008002108       0x22 Core/Src/main.o
                0x0000000008002108                Matrix::~Matrix()
 *fill*         0x000000000800212a        0x2 
 .text._Z8diag_matii
                0x000000000800212c       0x74 Core/Src/main.o
                0x000000000800212c                diag_mat(int, int)
 .text._ZN3EKF7loadEKFEPdS0_S0_S0_
                0x00000000080021a0       0x4c Core/Src/main.o
                0x00000000080021a0                EKF::loadEKF(double*, double*, double*, double*)
 .text._ZN3EKFC2Ev
                0x00000000080021ec       0xe0 Core/Src/main.o
                0x00000000080021ec                EKF::EKF()
                0x00000000080021ec                EKF::EKF()
 .text._ZN3EKFD2Ev
                0x00000000080022cc       0xb0 Core/Src/main.o
                0x00000000080022cc                EKF::~EKF()
                0x00000000080022cc                EKF::~EKF()
 .text._ZN3EKFD0Ev
                0x000000000800237c       0x22 Core/Src/main.o
                0x000000000800237c                EKF::~EKF()
 *fill*         0x000000000800239e        0x2 
 .text.main     0x00000000080023a0      0x13c Core/Src/main.o
                0x00000000080023a0                main
 .text._Z18SystemClock_Configv
                0x00000000080024dc       0xe8 Core/Src/main.o
                0x00000000080024dc                SystemClock_Config()
 .text._ZL12MX_TIM3_Initv
                0x00000000080025c4       0xb8 Core/Src/main.o
 .text.HAL_TIM_PeriodElapsedCallback
                0x000000000800267c       0x50 Core/Src/main.o
                0x000000000800267c                HAL_TIM_PeriodElapsedCallback
 .text.Error_Handler
                0x00000000080026cc        0xe Core/Src/main.o
                0x00000000080026cc                Error_Handler
 *fill*         0x00000000080026da        0x2 
 .text._Z41__static_initialization_and_destruction_0ii
                0x00000000080026dc       0x44 Core/Src/main.o
 .text._GLOBAL__sub_I_hi2c1
                0x0000000008002720       0x10 Core/Src/main.o
 .text._GLOBAL__sub_D_hi2c1
                0x0000000008002730       0x10 Core/Src/main.o
 .text.HAL_MspInit
                0x0000000008002740       0x50 Core/Src/stm32f4xx_hal_msp.o
                0x0000000008002740                HAL_MspInit
 .text.HAL_I2C_MspInit
                0x0000000008002790       0x90 Core/Src/stm32f4xx_hal_msp.o
                0x0000000008002790                HAL_I2C_MspInit
 .text.HAL_TIM_Base_MspInit
                0x0000000008002820       0x7c Core/Src/stm32f4xx_hal_msp.o
                0x0000000008002820                HAL_TIM_Base_MspInit
 .text.HAL_UART_MspInit
                0x000000000800289c       0x90 Core/Src/stm32f4xx_hal_msp.o
                0x000000000800289c                HAL_UART_MspInit
 .text.NMI_Handler
                0x000000000800292c        0xe Core/Src/stm32f4xx_it.o
                0x000000000800292c                NMI_Handler
 .text.HardFault_Handler
                0x000000000800293a        0x6 Core/Src/stm32f4xx_it.o
                0x000000000800293a                HardFault_Handler
 .text.MemManage_Handler
                0x0000000008002940        0x6 Core/Src/stm32f4xx_it.o
                0x0000000008002940                MemManage_Handler
 .text.BusFault_Handler
                0x0000000008002946        0x6 Core/Src/stm32f4xx_it.o
                0x0000000008002946                BusFault_Handler
 .text.UsageFault_Handler
                0x000000000800294c        0x6 Core/Src/stm32f4xx_it.o
                0x000000000800294c                UsageFault_Handler
 .text.SVC_Handler
                0x0000000008002952        0xe Core/Src/stm32f4xx_it.o
                0x0000000008002952                SVC_Handler
 .text.DebugMon_Handler
                0x0000000008002960        0xe Core/Src/stm32f4xx_it.o
                0x0000000008002960                DebugMon_Handler
 .text.PendSV_Handler
                0x000000000800296e        0xe Core/Src/stm32f4xx_it.o
                0x000000000800296e                PendSV_Handler
 .text.SysTick_Handler
                0x000000000800297c        0xc Core/Src/stm32f4xx_it.o
                0x000000000800297c                SysTick_Handler
 .text.TIM3_IRQHandler
                0x0000000008002988       0x14 Core/Src/stm32f4xx_it.o
                0x0000000008002988                TIM3_IRQHandler
 .text.SystemInit
                0x000000000800299c       0x2c Core/Src/system_stm32f4xx.o
                0x000000000800299c                SystemInit
 .text.Reset_Handler
                0x00000000080029c8       0x50 Core/Startup/startup_stm32f405rgtx.o
                0x00000000080029c8                Reset_Handler
 .text.Default_Handler
                0x0000000008002a18        0x2 Core/Startup/startup_stm32f405rgtx.o
                0x0000000008002a18                RTC_Alarm_IRQHandler
                0x0000000008002a18                HASH_RNG_IRQHandler
                0x0000000008002a18                EXTI2_IRQHandler
                0x0000000008002a18                TIM8_CC_IRQHandler
                0x0000000008002a18                TIM1_CC_IRQHandler
                0x0000000008002a18                DMA2_Stream5_IRQHandler
                0x0000000008002a18                DMA1_Stream5_IRQHandler
                0x0000000008002a18                PVD_IRQHandler
                0x0000000008002a18                SDIO_IRQHandler
                0x0000000008002a18                TAMP_STAMP_IRQHandler
                0x0000000008002a18                CAN2_RX1_IRQHandler
                0x0000000008002a18                EXTI3_IRQHandler
                0x0000000008002a18                TIM8_TRG_COM_TIM14_IRQHandler
                0x0000000008002a18                TIM1_UP_TIM10_IRQHandler
                0x0000000008002a18                TIM8_UP_TIM13_IRQHandler
                0x0000000008002a18                I2C3_ER_IRQHandler
                0x0000000008002a18                EXTI0_IRQHandler
                0x0000000008002a18                I2C2_EV_IRQHandler
                0x0000000008002a18                DMA1_Stream2_IRQHandler
                0x0000000008002a18                CAN1_RX0_IRQHandler
                0x0000000008002a18                FPU_IRQHandler
                0x0000000008002a18                OTG_HS_WKUP_IRQHandler
                0x0000000008002a18                CAN2_SCE_IRQHandler
                0x0000000008002a18                DMA2_Stream2_IRQHandler
                0x0000000008002a18                SPI1_IRQHandler
                0x0000000008002a18                TIM6_DAC_IRQHandler
                0x0000000008002a18                TIM1_BRK_TIM9_IRQHandler
                0x0000000008002a18                CAN2_RX0_IRQHandler
                0x0000000008002a18                DMA2_Stream3_IRQHandler
                0x0000000008002a18                USART6_IRQHandler
                0x0000000008002a18                USART3_IRQHandler
                0x0000000008002a18                CAN1_RX1_IRQHandler
                0x0000000008002a18                UART5_IRQHandler
                0x0000000008002a18                DMA2_Stream0_IRQHandler
                0x0000000008002a18                TIM4_IRQHandler
                0x0000000008002a18                I2C1_EV_IRQHandler
                0x0000000008002a18                DMA1_Stream6_IRQHandler
                0x0000000008002a18                DMA1_Stream1_IRQHandler
                0x0000000008002a18                UART4_IRQHandler
                0x0000000008002a18                RCC_IRQHandler
                0x0000000008002a18                TIM8_BRK_TIM12_IRQHandler
                0x0000000008002a18                Default_Handler
                0x0000000008002a18                EXTI15_10_IRQHandler
                0x0000000008002a18                ADC_IRQHandler
                0x0000000008002a18                DMA1_Stream7_IRQHandler
                0x0000000008002a18                TIM7_IRQHandler
                0x0000000008002a18                CAN2_TX_IRQHandler
                0x0000000008002a18                TIM5_IRQHandler
                0x0000000008002a18                DMA2_Stream7_IRQHandler
                0x0000000008002a18                I2C3_EV_IRQHandler
                0x0000000008002a18                EXTI9_5_IRQHandler
                0x0000000008002a18                RTC_WKUP_IRQHandler
                0x0000000008002a18                SPI2_IRQHandler
                0x0000000008002a18                OTG_HS_EP1_IN_IRQHandler
                0x0000000008002a18                DMA1_Stream0_IRQHandler
                0x0000000008002a18                CAN1_TX_IRQHandler
                0x0000000008002a18                EXTI4_IRQHandler
                0x0000000008002a18                FSMC_IRQHandler
                0x0000000008002a18                OTG_HS_EP1_OUT_IRQHandler
                0x0000000008002a18                WWDG_IRQHandler
                0x0000000008002a18                TIM2_IRQHandler
                0x0000000008002a18                OTG_FS_WKUP_IRQHandler
                0x0000000008002a18                TIM1_TRG_COM_TIM11_IRQHandler
                0x0000000008002a18                OTG_HS_IRQHandler
                0x0000000008002a18                EXTI1_IRQHandler
                0x0000000008002a18                USART2_IRQHandler
                0x0000000008002a18                I2C2_ER_IRQHandler
                0x0000000008002a18                DMA2_Stream1_IRQHandler
                0x0000000008002a18                CAN1_SCE_IRQHandler
                0x0000000008002a18                FLASH_IRQHandler
                0x0000000008002a18                DMA2_Stream4_IRQHandler
                0x0000000008002a18                USART1_IRQHandler
                0x0000000008002a18                OTG_FS_IRQHandler
                0x0000000008002a18                SPI3_IRQHandler
                0x0000000008002a18                DMA1_Stream4_IRQHandler
                0x0000000008002a18                I2C1_ER_IRQHandler
                0x0000000008002a18                DMA2_Stream6_IRQHandler
                0x0000000008002a18                DMA1_Stream3_IRQHandler
 *fill*         0x0000000008002a1a        0x2 
 .text.HAL_Init
                0x0000000008002a1c       0x44 Drivers/STM32F4xx_HAL_Driver/Src/stm32f4xx_hal.o
                0x0000000008002a1c                HAL_Init
 .text.HAL_InitTick
                0x0000000008002a60       0x60 Drivers/STM32F4xx_HAL_Driver/Src/stm32f4xx_hal.o
                0x0000000008002a60                HAL_InitTick
 .text.HAL_IncTick
                0x0000000008002ac0       0x28 Drivers/STM32F4xx_HAL_Driver/Src/stm32f4xx_hal.o
                0x0000000008002ac0                HAL_IncTick
 .text.HAL_GetTick
                0x0000000008002ae8       0x18 Drivers/STM32F4xx_HAL_Driver/Src/stm32f4xx_hal.o
                0x0000000008002ae8                HAL_GetTick
 .text.HAL_Delay
                0x0000000008002b00       0x44 Drivers/STM32F4xx_HAL_Driver/Src/stm32f4xx_hal.o
                0x0000000008002b00                HAL_Delay
 .text.__NVIC_SetPriorityGrouping
                0x0000000008002b44       0x48 Drivers/STM32F4xx_HAL_Driver/Src/stm32f4xx_hal_cortex.o
 .text.__NVIC_GetPriorityGrouping
                0x0000000008002b8c       0x1c Drivers/STM32F4xx_HAL_Driver/Src/stm32f4xx_hal_cortex.o
 .text.__NVIC_EnableIRQ
                0x0000000008002ba8       0x3c Drivers/STM32F4xx_HAL_Driver/Src/stm32f4xx_hal_cortex.o
 .text.__NVIC_SetPriority
                0x0000000008002be4       0x54 Drivers/STM32F4xx_HAL_Driver/Src/stm32f4xx_hal_cortex.o
 .text.NVIC_EncodePriority
                0x0000000008002c38       0x66 Drivers/STM32F4xx_HAL_Driver/Src/stm32f4xx_hal_cortex.o
 *fill*         0x0000000008002c9e        0x2 
 .text.SysTick_Config
                0x0000000008002ca0       0x44 Drivers/STM32F4xx_HAL_Driver/Src/stm32f4xx_hal_cortex.o
 .text.HAL_NVIC_SetPriorityGrouping
                0x0000000008002ce4       0x16 Drivers/STM32F4xx_HAL_Driver/Src/stm32f4xx_hal_cortex.o
                0x0000000008002ce4                HAL_NVIC_SetPriorityGrouping
 .text.HAL_NVIC_SetPriority
                0x0000000008002cfa       0x38 Drivers/STM32F4xx_HAL_Driver/Src/stm32f4xx_hal_cortex.o
                0x0000000008002cfa                HAL_NVIC_SetPriority
 .text.HAL_NVIC_EnableIRQ
                0x0000000008002d32       0x1c Drivers/STM32F4xx_HAL_Driver/Src/stm32f4xx_hal_cortex.o
                0x0000000008002d32                HAL_NVIC_EnableIRQ
 .text.HAL_SYSTICK_Config
                0x0000000008002d4e       0x18 Drivers/STM32F4xx_HAL_Driver/Src/stm32f4xx_hal_cortex.o
                0x0000000008002d4e                HAL_SYSTICK_Config
 *fill*         0x0000000008002d66        0x2 
 .text.HAL_GPIO_Init
                0x0000000008002d68      0x334 Drivers/STM32F4xx_HAL_Driver/Src/stm32f4xx_hal_gpio.o
                0x0000000008002d68                HAL_GPIO_Init
 .text.HAL_GPIO_WritePin
                0x000000000800309c       0x32 Drivers/STM32F4xx_HAL_Driver/Src/stm32f4xx_hal_gpio.o
                0x000000000800309c                HAL_GPIO_WritePin
 .text.HAL_GPIO_TogglePin
                0x00000000080030ce       0x36 Drivers/STM32F4xx_HAL_Driver/Src/stm32f4xx_hal_gpio.o
                0x00000000080030ce                HAL_GPIO_TogglePin
 .text.HAL_I2C_Init
                0x0000000008003104      0x270 Drivers/STM32F4xx_HAL_Driver/Src/stm32f4xx_hal_i2c.o
                0x0000000008003104                HAL_I2C_Init
 .text.HAL_I2C_Master_Transmit
                0x0000000008003374      0x1fc Drivers/STM32F4xx_HAL_Driver/Src/stm32f4xx_hal_i2c.o
                0x0000000008003374                HAL_I2C_Master_Transmit
 .text.HAL_I2C_Master_Receive
                0x0000000008003570      0x44c Drivers/STM32F4xx_HAL_Driver/Src/stm32f4xx_hal_i2c.o
                0x0000000008003570                HAL_I2C_Master_Receive
 .text.HAL_I2C_IsDeviceReady
                0x00000000080039bc      0x25c Drivers/STM32F4xx_HAL_Driver/Src/stm32f4xx_hal_i2c.o
                0x00000000080039bc                HAL_I2C_IsDeviceReady
 .text.I2C_MasterRequestWrite
                0x0000000008003c18      0x104 Drivers/STM32F4xx_HAL_Driver/Src/stm32f4xx_hal_i2c.o
 .text.I2C_MasterRequestRead
                0x0000000008003d1c      0x198 Drivers/STM32F4xx_HAL_Driver/Src/stm32f4xx_hal_i2c.o
 .text.I2C_WaitOnFlagUntilTimeout
                0x0000000008003eb4       0xae Drivers/STM32F4xx_HAL_Driver/Src/stm32f4xx_hal_i2c.o
 .text.I2C_WaitOnMasterAddressFlagUntilTimeout
                0x0000000008003f62       0xfe Drivers/STM32F4xx_HAL_Driver/Src/stm32f4xx_hal_i2c.o
 .text.I2C_WaitOnTXEFlagUntilTimeout
                0x0000000008004060       0x82 Drivers/STM32F4xx_HAL_Driver/Src/stm32f4xx_hal_i2c.o
 .text.I2C_WaitOnBTFFlagUntilTimeout
                0x00000000080040e2       0x82 Drivers/STM32F4xx_HAL_Driver/Src/stm32f4xx_hal_i2c.o
 .text.I2C_WaitOnRXNEFlagUntilTimeout
                0x0000000008004164       0xac Drivers/STM32F4xx_HAL_Driver/Src/stm32f4xx_hal_i2c.o
 .text.I2C_IsAcknowledgeFailed
                0x0000000008004210       0x5e Drivers/STM32F4xx_HAL_Driver/Src/stm32f4xx_hal_i2c.o
 *fill*         0x000000000800426e        0x2 
 .text.HAL_RCC_OscConfig
                0x0000000008004270      0x4e0 Drivers/STM32F4xx_HAL_Driver/Src/stm32f4xx_hal_rcc.o
                0x0000000008004270                HAL_RCC_OscConfig
 .text.HAL_RCC_ClockConfig
                0x0000000008004750      0x1cc Drivers/STM32F4xx_HAL_Driver/Src/stm32f4xx_hal_rcc.o
                0x0000000008004750                HAL_RCC_ClockConfig
 .text.HAL_RCC_GetSysClockFreq
                0x000000000800491c      0x164 Drivers/STM32F4xx_HAL_Driver/Src/stm32f4xx_hal_rcc.o
                0x000000000800491c                HAL_RCC_GetSysClockFreq
 .text.HAL_RCC_GetHCLKFreq
                0x0000000008004a80       0x18 Drivers/STM32F4xx_HAL_Driver/Src/stm32f4xx_hal_rcc.o
                0x0000000008004a80                HAL_RCC_GetHCLKFreq
 .text.HAL_RCC_GetPCLK1Freq
                0x0000000008004a98       0x28 Drivers/STM32F4xx_HAL_Driver/Src/stm32f4xx_hal_rcc.o
                0x0000000008004a98                HAL_RCC_GetPCLK1Freq
 .text.HAL_RCC_GetPCLK2Freq
                0x0000000008004ac0       0x28 Drivers/STM32F4xx_HAL_Driver/Src/stm32f4xx_hal_rcc.o
                0x0000000008004ac0                HAL_RCC_GetPCLK2Freq
 .text.HAL_TIM_Base_Init
                0x0000000008004ae8       0x56 Drivers/STM32F4xx_HAL_Driver/Src/stm32f4xx_hal_tim.o
                0x0000000008004ae8                HAL_TIM_Base_Init
 .text.HAL_TIM_Base_Start
                0x0000000008004b3e       0x48 Drivers/STM32F4xx_HAL_Driver/Src/stm32f4xx_hal_tim.o
                0x0000000008004b3e                HAL_TIM_Base_Start
 .text.HAL_TIM_IRQHandler
                0x0000000008004b86      0x210 Drivers/STM32F4xx_HAL_Driver/Src/stm32f4xx_hal_tim.o
                0x0000000008004b86                HAL_TIM_IRQHandler
 .text.HAL_TIM_ConfigClockSource
                0x0000000008004d96      0x16e Drivers/STM32F4xx_HAL_Driver/Src/stm32f4xx_hal_tim.o
                0x0000000008004d96                HAL_TIM_ConfigClockSource
 .text.HAL_TIM_OC_DelayElapsedCallback
                0x0000000008004f04       0x14 Drivers/STM32F4xx_HAL_Driver/Src/stm32f4xx_hal_tim.o
                0x0000000008004f04                HAL_TIM_OC_DelayElapsedCallback
 .text.HAL_TIM_IC_CaptureCallback
                0x0000000008004f18       0x14 Drivers/STM32F4xx_HAL_Driver/Src/stm32f4xx_hal_tim.o
                0x0000000008004f18                HAL_TIM_IC_CaptureCallback
 .text.HAL_TIM_PWM_PulseFinishedCallback
                0x0000000008004f2c       0x14 Drivers/STM32F4xx_HAL_Driver/Src/stm32f4xx_hal_tim.o
                0x0000000008004f2c                HAL_TIM_PWM_PulseFinishedCallback
 .text.HAL_TIM_TriggerCallback
                0x0000000008004f40       0x14 Drivers/STM32F4xx_HAL_Driver/Src/stm32f4xx_hal_tim.o
                0x0000000008004f40                HAL_TIM_TriggerCallback
 .text.TIM_Base_SetConfig
                0x0000000008004f54      0x140 Drivers/STM32F4xx_HAL_Driver/Src/stm32f4xx_hal_tim.o
                0x0000000008004f54                TIM_Base_SetConfig
 .text.TIM_TI1_ConfigInputStage
                0x0000000008005094       0x5e Drivers/STM32F4xx_HAL_Driver/Src/stm32f4xx_hal_tim.o
 .text.TIM_TI2_ConfigInputStage
                0x00000000080050f2       0x60 Drivers/STM32F4xx_HAL_Driver/Src/stm32f4xx_hal_tim.o
 .text.TIM_ITRx_SetConfig
                0x0000000008005152       0x36 Drivers/STM32F4xx_HAL_Driver/Src/stm32f4xx_hal_tim.o
 .text.TIM_ETR_SetConfig
                0x0000000008005188       0x40 Drivers/STM32F4xx_HAL_Driver/Src/stm32f4xx_hal_tim.o
                0x0000000008005188                TIM_ETR_SetConfig
 .text.HAL_TIMEx_MasterConfigSynchronization
                0x00000000080051c8       0xf8 Drivers/STM32F4xx_HAL_Driver/Src/stm32f4xx_hal_tim_ex.o
                0x00000000080051c8                HAL_TIMEx_MasterConfigSynchronization
 .text.HAL_TIMEx_CommutCallback
                0x00000000080052c0       0x14 Drivers/STM32F4xx_HAL_Driver/Src/stm32f4xx_hal_tim_ex.o
                0x00000000080052c0                HAL_TIMEx_CommutCallback
 .text.HAL_TIMEx_BreakCallback
                0x00000000080052d4       0x14 Drivers/STM32F4xx_HAL_Driver/Src/stm32f4xx_hal_tim_ex.o
                0x00000000080052d4                HAL_TIMEx_BreakCallback
 .text.HAL_UART_Init
                0x00000000080052e8       0x9a Drivers/STM32F4xx_HAL_Driver/Src/stm32f4xx_hal_uart.o
                0x00000000080052e8                HAL_UART_Init
 *fill*         0x0000000008005382        0x2 
 .text.UART_SetConfig
                0x0000000008005384      0x6f8 Drivers/STM32F4xx_HAL_Driver/Src/stm32f4xx_hal_uart.o
 .text._ZdlPvj  0x0000000008005a7c        0x4 /home/tung/st/stm32cubeide_1.2.0/plugins/com.st.stm32cube.ide.mcu.externaltools.gnu-tools-for-stm32.7-2018-q2-update.linux64_1.0.0.201904181610/tools/bin/../lib/gcc/arm-none-eabi/7.3.1/../../../../arm-none-eabi/lib/thumb/v7e-m/fpv4-sp/hard/libstdc++_nano.a(del_ops.o)
                0x0000000008005a7c                operator delete(void*, unsigned int)
 .text._ZdlPv   0x0000000008005a80        0x4 /home/tung/st/stm32cubeide_1.2.0/plugins/com.st.stm32cube.ide.mcu.externaltools.gnu-tools-for-stm32.7-2018-q2-update.linux64_1.0.0.201904181610/tools/bin/../lib/gcc/arm-none-eabi/7.3.1/../../../../arm-none-eabi/lib/thumb/v7e-m/fpv4-sp/hard/libstdc++_nano.a(del_op.o)
                0x0000000008005a80                operator delete(void*)
 .text.atanf    0x0000000008005a84      0x1a8 /home/tung/st/stm32cubeide_1.2.0/plugins/com.st.stm32cube.ide.mcu.externaltools.gnu-tools-for-stm32.7-2018-q2-update.linux64_1.0.0.201904181610/tools/bin/../lib/gcc/arm-none-eabi/7.3.1/../../../../arm-none-eabi/lib/thumb/v7e-m/fpv4-sp/hard/libm.a(lib_a-sf_atan.o)
                0x0000000008005a84                atanf
 .text.fabsf    0x0000000008005c2c        0xe /home/tung/st/stm32cubeide_1.2.0/plugins/com.st.stm32cube.ide.mcu.externaltools.gnu-tools-for-stm32.7-2018-q2-update.linux64_1.0.0.201904181610/tools/bin/../lib/gcc/arm-none-eabi/7.3.1/../../../../arm-none-eabi/lib/thumb/v7e-m/fpv4-sp/hard/libm.a(lib_a-sf_fabs.o)
                0x0000000008005c2c                fabsf
 *fill*         0x0000000008005c3a        0x2 
 .text.sqrt     0x0000000008005c3c       0xb4 /home/tung/st/stm32cubeide_1.2.0/plugins/com.st.stm32cube.ide.mcu.externaltools.gnu-tools-for-stm32.7-2018-q2-update.linux64_1.0.0.201904181610/tools/bin/../lib/gcc/arm-none-eabi/7.3.1/../../../../arm-none-eabi/lib/thumb/v7e-m/fpv4-sp/hard/libm.a(lib_a-w_sqrt.o)
                0x0000000008005c3c                sqrt
 .text.atan2f   0x0000000008005cf0        0x4 /home/tung/st/stm32cubeide_1.2.0/plugins/com.st.stm32cube.ide.mcu.externaltools.gnu-tools-for-stm32.7-2018-q2-update.linux64_1.0.0.201904181610/tools/bin/../lib/gcc/arm-none-eabi/7.3.1/../../../../arm-none-eabi/lib/thumb/v7e-m/fpv4-sp/hard/libm.a(lib_a-wf_atan2.o)
                0x0000000008005cf0                atan2f
 .text.sqrtf    0x0000000008005cf4       0xa0 /home/tung/st/stm32cubeide_1.2.0/plugins/com.st.stm32cube.ide.mcu.externaltools.gnu-tools-for-stm32.7-2018-q2-update.linux64_1.0.0.201904181610/tools/bin/../lib/gcc/arm-none-eabi/7.3.1/../../../../arm-none-eabi/lib/thumb/v7e-m/fpv4-sp/hard/libm.a(lib_a-wf_sqrt.o)
                0x0000000008005cf4                sqrtf
 .text.__ieee754_sqrt
                0x0000000008005d94      0x160 /home/tung/st/stm32cubeide_1.2.0/plugins/com.st.stm32cube.ide.mcu.externaltools.gnu-tools-for-stm32.7-2018-q2-update.linux64_1.0.0.201904181610/tools/bin/../lib/gcc/arm-none-eabi/7.3.1/../../../../arm-none-eabi/lib/thumb/v7e-m/fpv4-sp/hard/libm.a(lib_a-e_sqrt.o)
                0x0000000008005d94                __ieee754_sqrt
 .text.__ieee754_atan2f
                0x0000000008005ef4      0x15c /home/tung/st/stm32cubeide_1.2.0/plugins/com.st.stm32cube.ide.mcu.externaltools.gnu-tools-for-stm32.7-2018-q2-update.linux64_1.0.0.201904181610/tools/bin/../lib/gcc/arm-none-eabi/7.3.1/../../../../arm-none-eabi/lib/thumb/v7e-m/fpv4-sp/hard/libm.a(lib_a-ef_atan2.o)
                0x0000000008005ef4                __ieee754_atan2f
 .text.__ieee754_sqrtf
                0x0000000008006050        0x6 /home/tung/st/stm32cubeide_1.2.0/plugins/com.st.stm32cube.ide.mcu.externaltools.gnu-tools-for-stm32.7-2018-q2-update.linux64_1.0.0.201904181610/tools/bin/../lib/gcc/arm-none-eabi/7.3.1/../../../../arm-none-eabi/lib/thumb/v7e-m/fpv4-sp/hard/libm.a(lib_a-ef_sqrt.o)
                0x0000000008006050                __ieee754_sqrtf
 .text.matherr  0x0000000008006056        0x4 /home/tung/st/stm32cubeide_1.2.0/plugins/com.st.stm32cube.ide.mcu.externaltools.gnu-tools-for-stm32.7-2018-q2-update.linux64_1.0.0.201904181610/tools/bin/../lib/gcc/arm-none-eabi/7.3.1/../../../../arm-none-eabi/lib/thumb/v7e-m/fpv4-sp/hard/libm.a(lib_a-s_matherr.o)
                0x0000000008006056                matherr
 *fill*         0x000000000800605a        0x2 
 .text.__errno  0x000000000800605c        0xc /home/tung/st/stm32cubeide_1.2.0/plugins/com.st.stm32cube.ide.mcu.externaltools.gnu-tools-for-stm32.7-2018-q2-update.linux64_1.0.0.201904181610/tools/bin/../lib/gcc/arm-none-eabi/7.3.1/../../../../arm-none-eabi/lib/thumb/v7e-m/fpv4-sp/hard/libc_nano.a(lib_a-errno.o)
                0x000000000800605c                __errno
 .text.__libc_init_array
                0x0000000008006068       0x48 /home/tung/st/stm32cubeide_1.2.0/plugins/com.st.stm32cube.ide.mcu.externaltools.gnu-tools-for-stm32.7-2018-q2-update.linux64_1.0.0.201904181610/tools/bin/../lib/gcc/arm-none-eabi/7.3.1/../../../../arm-none-eabi/lib/thumb/v7e-m/fpv4-sp/hard/libc_nano.a(lib_a-init.o)
                0x0000000008006068                __libc_init_array
 .text.free     0x00000000080060b0       0x10 /home/tung/st/stm32cubeide_1.2.0/plugins/com.st.stm32cube.ide.mcu.externaltools.gnu-tools-for-stm32.7-2018-q2-update.linux64_1.0.0.201904181610/tools/bin/../lib/gcc/arm-none-eabi/7.3.1/../../../../arm-none-eabi/lib/thumb/v7e-m/fpv4-sp/hard/libc_nano.a(lib_a-malloc.o)
                0x00000000080060b0                free
 .text.memset   0x00000000080060c0       0x10 /home/tung/st/stm32cubeide_1.2.0/plugins/com.st.stm32cube.ide.mcu.externaltools.gnu-tools-for-stm32.7-2018-q2-update.linux64_1.0.0.201904181610/tools/bin/../lib/gcc/arm-none-eabi/7.3.1/../../../../arm-none-eabi/lib/thumb/v7e-m/fpv4-sp/hard/libc_nano.a(lib_a-memset.o)
                0x00000000080060c0                memset
 .text._free_r  0x00000000080060d0       0x9c /home/tung/st/stm32cubeide_1.2.0/plugins/com.st.stm32cube.ide.mcu.externaltools.gnu-tools-for-stm32.7-2018-q2-update.linux64_1.0.0.201904181610/tools/bin/../lib/gcc/arm-none-eabi/7.3.1/../../../../arm-none-eabi/lib/thumb/v7e-m/fpv4-sp/hard/libc_nano.a(lib_a-nano-freer.o)
                0x00000000080060d0                _free_r
 .text.__malloc_lock
                0x000000000800616c        0x2 /home/tung/st/stm32cubeide_1.2.0/plugins/com.st.stm32cube.ide.mcu.externaltools.gnu-tools-for-stm32.7-2018-q2-update.linux64_1.0.0.201904181610/tools/bin/../lib/gcc/arm-none-eabi/7.3.1/../../../../arm-none-eabi/lib/thumb/v7e-m/fpv4-sp/hard/libc_nano.a(lib_a-mlock.o)
                0x000000000800616c                __malloc_lock
 .text.__malloc_unlock
                0x000000000800616e        0x2 /home/tung/st/stm32cubeide_1.2.0/plugins/com.st.stm32cube.ide.mcu.externaltools.gnu-tools-for-stm32.7-2018-q2-update.linux64_1.0.0.201904181610/tools/bin/../lib/gcc/arm-none-eabi/7.3.1/../../../../arm-none-eabi/lib/thumb/v7e-m/fpv4-sp/hard/libc_nano.a(lib_a-mlock.o)
                0x000000000800616e                __malloc_unlock
 *(.glue_7)
 .glue_7        0x0000000008006170        0x0 linker stubs
 *(.glue_7t)
 .glue_7t       0x0000000008006170        0x0 linker stubs
 *(.eh_frame)
 .eh_frame      0x0000000008006170        0x0 /home/tung/st/stm32cubeide_1.2.0/plugins/com.st.stm32cube.ide.mcu.externaltools.gnu-tools-for-stm32.7-2018-q2-update.linux64_1.0.0.201904181610/tools/bin/../lib/gcc/arm-none-eabi/7.3.1/thumb/v7e-m/fpv4-sp/hard/crtbegin.o
 *(.init)
 .init          0x0000000008006170        0x4 /home/tung/st/stm32cubeide_1.2.0/plugins/com.st.stm32cube.ide.mcu.externaltools.gnu-tools-for-stm32.7-2018-q2-update.linux64_1.0.0.201904181610/tools/bin/../lib/gcc/arm-none-eabi/7.3.1/thumb/v7e-m/fpv4-sp/hard/crti.o
                0x0000000008006170                _init
 .init          0x0000000008006174        0x8 /home/tung/st/stm32cubeide_1.2.0/plugins/com.st.stm32cube.ide.mcu.externaltools.gnu-tools-for-stm32.7-2018-q2-update.linux64_1.0.0.201904181610/tools/bin/../lib/gcc/arm-none-eabi/7.3.1/thumb/v7e-m/fpv4-sp/hard/crtn.o
 *(.fini)
 .fini          0x000000000800617c        0x4 /home/tung/st/stm32cubeide_1.2.0/plugins/com.st.stm32cube.ide.mcu.externaltools.gnu-tools-for-stm32.7-2018-q2-update.linux64_1.0.0.201904181610/tools/bin/../lib/gcc/arm-none-eabi/7.3.1/thumb/v7e-m/fpv4-sp/hard/crti.o
                0x000000000800617c                _fini
 .fini          0x0000000008006180        0x8 /home/tung/st/stm32cubeide_1.2.0/plugins/com.st.stm32cube.ide.mcu.externaltools.gnu-tools-for-stm32.7-2018-q2-update.linux64_1.0.0.201904181610/tools/bin/../lib/gcc/arm-none-eabi/7.3.1/thumb/v7e-m/fpv4-sp/hard/crtn.o
                0x0000000008006188                . = ALIGN (0x4)
                0x0000000008006188                _etext = .

.vfp11_veneer   0x0000000008006188        0x0
 .vfp11_veneer  0x0000000008006188        0x0 linker stubs

.v4_bx          0x0000000008006188        0x0
 .v4_bx         0x0000000008006188        0x0 linker stubs

.iplt           0x0000000008006188        0x0
 .iplt          0x0000000008006188        0x0 /home/tung/st/stm32cubeide_1.2.0/plugins/com.st.stm32cube.ide.mcu.externaltools.gnu-tools-for-stm32.7-2018-q2-update.linux64_1.0.0.201904181610/tools/bin/../lib/gcc/arm-none-eabi/7.3.1/thumb/v7e-m/fpv4-sp/hard/crtbegin.o

.rodata         0x0000000008006188       0x74
                0x0000000008006188                . = ALIGN (0x4)
 *(.rodata)
 .rodata        0x0000000008006188        0xe Core/Src/main.o
 *(.rodata*)
 *fill*         0x0000000008006196        0x2 
 .rodata._ZTV3EKF
                0x0000000008006198       0x10 Core/Src/main.o
                0x0000000008006198                vtable for EKF
 .rodata._ZTV6Matrix
                0x00000000080061a8       0x10 Core/Src/main.o
                0x00000000080061a8                vtable for Matrix
 .rodata.AHBPrescTable
                0x00000000080061b8       0x10 Core/Src/system_stm32f4xx.o
                0x00000000080061b8                AHBPrescTable
 .rodata.APBPrescTable
                0x00000000080061c8        0x8 Core/Src/system_stm32f4xx.o
                0x00000000080061c8                APBPrescTable
 .rodata.atanhi
                0x00000000080061d0       0x10 /home/tung/st/stm32cubeide_1.2.0/plugins/com.st.stm32cube.ide.mcu.externaltools.gnu-tools-for-stm32.7-2018-q2-update.linux64_1.0.0.201904181610/tools/bin/../lib/gcc/arm-none-eabi/7.3.1/../../../../arm-none-eabi/lib/thumb/v7e-m/fpv4-sp/hard/libm.a(lib_a-sf_atan.o)
 .rodata.atanlo
                0x00000000080061e0       0x10 /home/tung/st/stm32cubeide_1.2.0/plugins/com.st.stm32cube.ide.mcu.externaltools.gnu-tools-for-stm32.7-2018-q2-update.linux64_1.0.0.201904181610/tools/bin/../lib/gcc/arm-none-eabi/7.3.1/../../../../arm-none-eabi/lib/thumb/v7e-m/fpv4-sp/hard/libm.a(lib_a-sf_atan.o)
 .rodata.sqrt.str1.1
                0x00000000080061f0        0x5 /home/tung/st/stm32cubeide_1.2.0/plugins/com.st.stm32cube.ide.mcu.externaltools.gnu-tools-for-stm32.7-2018-q2-update.linux64_1.0.0.201904181610/tools/bin/../lib/gcc/arm-none-eabi/7.3.1/../../../../arm-none-eabi/lib/thumb/v7e-m/fpv4-sp/hard/libm.a(lib_a-w_sqrt.o)
 .rodata.sqrtf.str1.1
                0x00000000080061f5        0x6 /home/tung/st/stm32cubeide_1.2.0/plugins/com.st.stm32cube.ide.mcu.externaltools.gnu-tools-for-stm32.7-2018-q2-update.linux64_1.0.0.201904181610/tools/bin/../lib/gcc/arm-none-eabi/7.3.1/../../../../arm-none-eabi/lib/thumb/v7e-m/fpv4-sp/hard/libm.a(lib_a-wf_sqrt.o)
                0x00000000080061fc                . = ALIGN (0x4)
 *fill*         0x00000000080061fb        0x1 

.ARM.extab      0x00000000080061fc        0x0
                0x00000000080061fc                . = ALIGN (0x4)
 *(.ARM.extab* .gnu.linkonce.armextab.*)
                0x00000000080061fc                . = ALIGN (0x4)

.ARM            0x00000000080061fc        0x8
                0x00000000080061fc                . = ALIGN (0x4)
                0x00000000080061fc                __exidx_start = .
 *(.ARM.exidx*)
 .ARM.exidx     0x00000000080061fc        0x8 /home/tung/st/stm32cubeide_1.2.0/plugins/com.st.stm32cube.ide.mcu.externaltools.gnu-tools-for-stm32.7-2018-q2-update.linux64_1.0.0.201904181610/tools/bin/../lib/gcc/arm-none-eabi/7.3.1/thumb/v7e-m/fpv4-sp/hard/libgcc.a(_udivmoddi4.o)
                0x0000000008006204                __exidx_end = .
                0x0000000008006204                . = ALIGN (0x4)

.rel.dyn        0x0000000008006204        0x0
 .rel.iplt      0x0000000008006204        0x0 /home/tung/st/stm32cubeide_1.2.0/plugins/com.st.stm32cube.ide.mcu.externaltools.gnu-tools-for-stm32.7-2018-q2-update.linux64_1.0.0.201904181610/tools/bin/../lib/gcc/arm-none-eabi/7.3.1/thumb/v7e-m/fpv4-sp/hard/crtbegin.o

.preinit_array  0x0000000008006204        0x0
                0x0000000008006204                . = ALIGN (0x4)
                0x0000000008006204                PROVIDE (__preinit_array_start = .)
 *(.preinit_array*)
                0x0000000008006204                PROVIDE (__preinit_array_end = .)
                0x0000000008006204                . = ALIGN (0x4)

.init_array     0x0000000008006204        0x8
                0x0000000008006204                . = ALIGN (0x4)
                0x0000000008006204                PROVIDE (__init_array_start = .)
 *(SORT_BY_NAME(.init_array.*))
 *(.init_array*)
 .init_array    0x0000000008006204        0x4 /home/tung/st/stm32cubeide_1.2.0/plugins/com.st.stm32cube.ide.mcu.externaltools.gnu-tools-for-stm32.7-2018-q2-update.linux64_1.0.0.201904181610/tools/bin/../lib/gcc/arm-none-eabi/7.3.1/thumb/v7e-m/fpv4-sp/hard/crtbegin.o
 .init_array    0x0000000008006208        0x4 Core/Src/main.o
                0x000000000800620c                PROVIDE (__init_array_end = .)
                0x000000000800620c                . = ALIGN (0x4)

.fini_array     0x000000000800620c        0x8
                0x000000000800620c                . = ALIGN (0x4)
                [!provide]                        PROVIDE (__fini_array_start = .)
 *(SORT_BY_NAME(.fini_array.*))
 *(.fini_array*)
 .fini_array    0x000000000800620c        0x4 /home/tung/st/stm32cubeide_1.2.0/plugins/com.st.stm32cube.ide.mcu.externaltools.gnu-tools-for-stm32.7-2018-q2-update.linux64_1.0.0.201904181610/tools/bin/../lib/gcc/arm-none-eabi/7.3.1/thumb/v7e-m/fpv4-sp/hard/crtbegin.o
 .fini_array    0x0000000008006210        0x4 Core/Src/main.o
                [!provide]                        PROVIDE (__fini_array_end = .)
                0x0000000008006214                . = ALIGN (0x4)
                0x0000000008006214                _sidata = LOADADDR (.data)

.data           0x0000000020000000      0x4d8 load address 0x0000000008006214
                0x0000000020000000                . = ALIGN (0x4)
                0x0000000020000000                _sdata = .
 *(.data)
 *(.data*)
 .data.Q        0x0000000020000000      0x188 Core/Src/main.o
                0x0000000020000000                Q
 .data.P        0x0000000020000188      0x188 Core/Src/main.o
                0x0000000020000188                P
 .data.R_full   0x0000000020000310      0x120 Core/Src/main.o
                0x0000000020000310                R_full
 .data.x        0x0000000020000430       0x38 Core/Src/main.o
                0x0000000020000430                x
 .data.SystemCoreClock
                0x0000000020000468        0x4 Core/Src/system_stm32f4xx.o
                0x0000000020000468                SystemCoreClock
 .data.uwTickPrio
                0x000000002000046c        0x4 Drivers/STM32F4xx_HAL_Driver/Src/stm32f4xx_hal.o
                0x000000002000046c                uwTickPrio
 .data.uwTickFreq
                0x0000000020000470        0x1 Drivers/STM32F4xx_HAL_Driver/Src/stm32f4xx_hal.o
                0x0000000020000470                uwTickFreq
 .data.__fdlib_version
                0x0000000020000471        0x1 /home/tung/st/stm32cubeide_1.2.0/plugins/com.st.stm32cube.ide.mcu.externaltools.gnu-tools-for-stm32.7-2018-q2-update.linux64_1.0.0.201904181610/tools/bin/../lib/gcc/arm-none-eabi/7.3.1/../../../../arm-none-eabi/lib/thumb/v7e-m/fpv4-sp/hard/libm.a(lib_a-s_lib_ver.o)
                0x0000000020000471                __fdlib_version
 *fill*         0x0000000020000472        0x2 
 .data._impure_ptr
                0x0000000020000474        0x4 /home/tung/st/stm32cubeide_1.2.0/plugins/com.st.stm32cube.ide.mcu.externaltools.gnu-tools-for-stm32.7-2018-q2-update.linux64_1.0.0.201904181610/tools/bin/../lib/gcc/arm-none-eabi/7.3.1/../../../../arm-none-eabi/lib/thumb/v7e-m/fpv4-sp/hard/libc_nano.a(lib_a-impure.o)
                0x0000000020000474                _impure_ptr
 .data.impure_data
                0x0000000020000478       0x60 /home/tung/st/stm32cubeide_1.2.0/plugins/com.st.stm32cube.ide.mcu.externaltools.gnu-tools-for-stm32.7-2018-q2-update.linux64_1.0.0.201904181610/tools/bin/../lib/gcc/arm-none-eabi/7.3.1/../../../../arm-none-eabi/lib/thumb/v7e-m/fpv4-sp/hard/libc_nano.a(lib_a-impure.o)
                0x00000000200004d8                . = ALIGN (0x4)
                0x00000000200004d8                _edata = .

.igot.plt       0x00000000200004d8        0x0 load address 0x00000000080066ec
 .igot.plt      0x00000000200004d8        0x0 /home/tung/st/stm32cubeide_1.2.0/plugins/com.st.stm32cube.ide.mcu.externaltools.gnu-tools-for-stm32.7-2018-q2-update.linux64_1.0.0.201904181610/tools/bin/../lib/gcc/arm-none-eabi/7.3.1/thumb/v7e-m/fpv4-sp/hard/crtbegin.o
                0x00000000200004d8                . = ALIGN (0x4)

.bss            0x00000000200004d8     0x156c load address 0x00000000080066ec
                0x00000000200004d8                _sbss = .
                0x00000000200004d8                __bss_start__ = _sbss
 *(.bss)
 .bss           0x00000000200004d8       0x1c /home/tung/st/stm32cubeide_1.2.0/plugins/com.st.stm32cube.ide.mcu.externaltools.gnu-tools-for-stm32.7-2018-q2-update.linux64_1.0.0.201904181610/tools/bin/../lib/gcc/arm-none-eabi/7.3.1/thumb/v7e-m/fpv4-sp/hard/crtbegin.o
 *(.bss*)
 .bss.hi2c1     0x00000000200004f4       0x54 Core/Src/main.o
                0x00000000200004f4                hi2c1
 .bss.huart3    0x0000000020000548       0x40 Core/Src/main.o
                0x0000000020000548                huart3
 .bss.htim4     0x0000000020000588       0x40 Core/Src/main.o
                0x0000000020000588                htim4
 .bss.temp      0x00000000200005c8        0x4 Core/Src/main.o
                0x00000000200005c8                temp
 .bss.asax      0x00000000200005cc        0x4 Core/Src/main.o
                0x00000000200005cc                asax
 .bss.asay      0x00000000200005d0        0x4 Core/Src/main.o
                0x00000000200005d0                asay
 .bss.asaz      0x00000000200005d4        0x4 Core/Src/main.o
                0x00000000200005d4                asaz
 .bss.bAx       0x00000000200005d8        0x8 Core/Src/main.o
                0x00000000200005d8                bAx
 .bss.bAy       0x00000000200005e0        0x8 Core/Src/main.o
                0x00000000200005e0                bAy
 .bss.bAz       0x00000000200005e8        0x8 Core/Src/main.o
                0x00000000200005e8                bAz
 .bss.bGx       0x00000000200005f0        0x8 Core/Src/main.o
                0x00000000200005f0                bGx
 .bss.bGy       0x00000000200005f8        0x8 Core/Src/main.o
                0x00000000200005f8                bGy
 .bss.bGz       0x0000000020000600        0x8 Core/Src/main.o
                0x0000000020000600                bGz
 .bss.g         0x0000000020000608        0x8 Core/Src/main.o
                0x0000000020000608                g
 .bss.Acc_x     0x0000000020000610        0x4 Core/Src/main.o
                0x0000000020000610                Acc_x
 .bss.Acc_y     0x0000000020000614        0x4 Core/Src/main.o
                0x0000000020000614                Acc_y
 .bss.Acc_z     0x0000000020000618        0x4 Core/Src/main.o
                0x0000000020000618                Acc_z
 .bss.Gyro_x    0x000000002000061c        0x4 Core/Src/main.o
                0x000000002000061c                Gyro_x
 .bss.Gyro_y    0x0000000020000620        0x4 Core/Src/main.o
                0x0000000020000620                Gyro_y
 .bss.Gyro_z    0x0000000020000624        0x4 Core/Src/main.o
                0x0000000020000624                Gyro_z
 .bss.com_angle_r
                0x0000000020000628        0x4 Core/Src/main.o
                0x0000000020000628                com_angle_r
 .bss.com_angle_p
                0x000000002000062c        0x4 Core/Src/main.o
                0x000000002000062c                com_angle_p
 .bss.htim3     0x0000000020000630       0x40 Core/Src/main.o
                0x0000000020000630                htim3
 .bss.data_imu_raw
                0x0000000020000670       0x18 Core/Src/main.o
                0x0000000020000670                data_imu_raw
 .bss.data_imu_buffer
                0x0000000020000688       0x18 Core/Src/main.o
                0x0000000020000688                data_imu_buffer
 .bss.drone_state
                0x00000000200006a0        0xc Core/Src/main.o
                0x00000000200006a0                drone_state
 *fill*         0x00000000200006ac        0x4 
 .bss.ekf       0x00000000200006b0     0x1388 Core/Src/main.o
                0x00000000200006b0                ekf
 .bss.i         0x0000000020001a38        0x1 Core/Src/main.o
                0x0000000020001a38                i
 *fill*         0x0000000020001a39        0x3 
 .bss.__malloc_free_list
                0x0000000020001a3c        0x4 /home/tung/st/stm32cubeide_1.2.0/plugins/com.st.stm32cube.ide.mcu.externaltools.gnu-tools-for-stm32.7-2018-q2-update.linux64_1.0.0.201904181610/tools/bin/../lib/gcc/arm-none-eabi/7.3.1/../../../../arm-none-eabi/lib/thumb/v7e-m/fpv4-sp/hard/libc_nano.a(lib_a-nano-mallocr.o)
                0x0000000020001a3c                __malloc_free_list
 *(COMMON)
 COMMON         0x0000000020001a40        0x4 Drivers/STM32F4xx_HAL_Driver/Src/stm32f4xx_hal.o
                0x0000000020001a40                uwTick
                0x0000000020001a44                . = ALIGN (0x4)
                0x0000000020001a44                _ebss = .
                0x0000000020001a44                __bss_end__ = _ebss

._user_heap_stack
                0x0000000020001a44      0x604 load address 0x00000000080066ec
                0x0000000020001a48                . = ALIGN (0x8)
 *fill*         0x0000000020001a44        0x4 
                0x0000000020001a48                PROVIDE (end = .)
                [!provide]                        PROVIDE (_end = .)
                0x0000000020001c48                . = (. + _Min_Heap_Size)
 *fill*         0x0000000020001a48      0x200 
                0x0000000020002048                . = (. + _Min_Stack_Size)
 *fill*         0x0000000020001c48      0x400 
                0x0000000020002048                . = ALIGN (0x8)

/DISCARD/
 libc.a(*)
 libm.a(*)
 libgcc.a(*)

.ARM.attributes
                0x0000000000000000       0x30
 *(.ARM.attributes)
 .ARM.attributes
                0x0000000000000000       0x22 /home/tung/st/stm32cubeide_1.2.0/plugins/com.st.stm32cube.ide.mcu.externaltools.gnu-tools-for-stm32.7-2018-q2-update.linux64_1.0.0.201904181610/tools/bin/../lib/gcc/arm-none-eabi/7.3.1/thumb/v7e-m/fpv4-sp/hard/crti.o
 .ARM.attributes
                0x0000000000000022       0x34 /home/tung/st/stm32cubeide_1.2.0/plugins/com.st.stm32cube.ide.mcu.externaltools.gnu-tools-for-stm32.7-2018-q2-update.linux64_1.0.0.201904181610/tools/bin/../lib/gcc/arm-none-eabi/7.3.1/thumb/v7e-m/fpv4-sp/hard/crtbegin.o
 .ARM.attributes
                0x0000000000000056       0x39 Core/Src/main.o
 .ARM.attributes
                0x000000000000008f       0x39 Core/Src/stm32f4xx_hal_msp.o
 .ARM.attributes
                0x00000000000000c8       0x39 Core/Src/stm32f4xx_it.o
 .ARM.attributes
                0x0000000000000101       0x39 Core/Src/system_stm32f4xx.o
 .ARM.attributes
                0x000000000000013a       0x21 Core/Startup/startup_stm32f405rgtx.o
 .ARM.attributes
                0x000000000000015b       0x39 Drivers/STM32F4xx_HAL_Driver/Src/stm32f4xx_hal.o
 .ARM.attributes
                0x0000000000000194       0x39 Drivers/STM32F4xx_HAL_Driver/Src/stm32f4xx_hal_cortex.o
 .ARM.attributes
                0x00000000000001cd       0x39 Drivers/STM32F4xx_HAL_Driver/Src/stm32f4xx_hal_gpio.o
 .ARM.attributes
                0x0000000000000206       0x39 Drivers/STM32F4xx_HAL_Driver/Src/stm32f4xx_hal_i2c.o
 .ARM.attributes
                0x000000000000023f       0x39 Drivers/STM32F4xx_HAL_Driver/Src/stm32f4xx_hal_rcc.o
 .ARM.attributes
                0x0000000000000278       0x39 Drivers/STM32F4xx_HAL_Driver/Src/stm32f4xx_hal_tim.o
 .ARM.attributes
                0x00000000000002b1       0x39 Drivers/STM32F4xx_HAL_Driver/Src/stm32f4xx_hal_tim_ex.o
 .ARM.attributes
                0x00000000000002ea       0x39 Drivers/STM32F4xx_HAL_Driver/Src/stm32f4xx_hal_uart.o
 .ARM.attributes
                0x0000000000000323       0x34 /home/tung/st/stm32cubeide_1.2.0/plugins/com.st.stm32cube.ide.mcu.externaltools.gnu-tools-for-stm32.7-2018-q2-update.linux64_1.0.0.201904181610/tools/bin/../lib/gcc/arm-none-eabi/7.3.1/../../../../arm-none-eabi/lib/thumb/v7e-m/fpv4-sp/hard/libstdc++_nano.a(del_ops.o)
 .ARM.attributes
                0x0000000000000357       0x34 /home/tung/st/stm32cubeide_1.2.0/plugins/com.st.stm32cube.ide.mcu.externaltools.gnu-tools-for-stm32.7-2018-q2-update.linux64_1.0.0.201904181610/tools/bin/../lib/gcc/arm-none-eabi/7.3.1/../../../../arm-none-eabi/lib/thumb/v7e-m/fpv4-sp/hard/libstdc++_nano.a(del_op.o)
 .ARM.attributes
                0x000000000000038b       0x34 /home/tung/st/stm32cubeide_1.2.0/plugins/com.st.stm32cube.ide.mcu.externaltools.gnu-tools-for-stm32.7-2018-q2-update.linux64_1.0.0.201904181610/tools/bin/../lib/gcc/arm-none-eabi/7.3.1/../../../../arm-none-eabi/lib/thumb/v7e-m/fpv4-sp/hard/libm.a(lib_a-sf_atan.o)
 .ARM.attributes
                0x00000000000003bf       0x34 /home/tung/st/stm32cubeide_1.2.0/plugins/com.st.stm32cube.ide.mcu.externaltools.gnu-tools-for-stm32.7-2018-q2-update.linux64_1.0.0.201904181610/tools/bin/../lib/gcc/arm-none-eabi/7.3.1/../../../../arm-none-eabi/lib/thumb/v7e-m/fpv4-sp/hard/libm.a(lib_a-sf_fabs.o)
 .ARM.attributes
                0x00000000000003f3       0x34 /home/tung/st/stm32cubeide_1.2.0/plugins/com.st.stm32cube.ide.mcu.externaltools.gnu-tools-for-stm32.7-2018-q2-update.linux64_1.0.0.201904181610/tools/bin/../lib/gcc/arm-none-eabi/7.3.1/../../../../arm-none-eabi/lib/thumb/v7e-m/fpv4-sp/hard/libm.a(lib_a-w_sqrt.o)
 .ARM.attributes
                0x0000000000000427       0x34 /home/tung/st/stm32cubeide_1.2.0/plugins/com.st.stm32cube.ide.mcu.externaltools.gnu-tools-for-stm32.7-2018-q2-update.linux64_1.0.0.201904181610/tools/bin/../lib/gcc/arm-none-eabi/7.3.1/../../../../arm-none-eabi/lib/thumb/v7e-m/fpv4-sp/hard/libm.a(lib_a-wf_atan2.o)
 .ARM.attributes
                0x000000000000045b       0x34 /home/tung/st/stm32cubeide_1.2.0/plugins/com.st.stm32cube.ide.mcu.externaltools.gnu-tools-for-stm32.7-2018-q2-update.linux64_1.0.0.201904181610/tools/bin/../lib/gcc/arm-none-eabi/7.3.1/../../../../arm-none-eabi/lib/thumb/v7e-m/fpv4-sp/hard/libm.a(lib_a-wf_sqrt.o)
 .ARM.attributes
                0x000000000000048f       0x34 /home/tung/st/stm32cubeide_1.2.0/plugins/com.st.stm32cube.ide.mcu.externaltools.gnu-tools-for-stm32.7-2018-q2-update.linux64_1.0.0.201904181610/tools/bin/../lib/gcc/arm-none-eabi/7.3.1/../../../../arm-none-eabi/lib/thumb/v7e-m/fpv4-sp/hard/libm.a(lib_a-e_sqrt.o)
 .ARM.attributes
                0x00000000000004c3       0x34 /home/tung/st/stm32cubeide_1.2.0/plugins/com.st.stm32cube.ide.mcu.externaltools.gnu-tools-for-stm32.7-2018-q2-update.linux64_1.0.0.201904181610/tools/bin/../lib/gcc/arm-none-eabi/7.3.1/../../../../arm-none-eabi/lib/thumb/v7e-m/fpv4-sp/hard/libm.a(lib_a-ef_atan2.o)
 .ARM.attributes
                0x00000000000004f7       0x34 /home/tung/st/stm32cubeide_1.2.0/plugins/com.st.stm32cube.ide.mcu.externaltools.gnu-tools-for-stm32.7-2018-q2-update.linux64_1.0.0.201904181610/tools/bin/../lib/gcc/arm-none-eabi/7.3.1/../../../../arm-none-eabi/lib/thumb/v7e-m/fpv4-sp/hard/libm.a(lib_a-ef_sqrt.o)
 .ARM.attributes
                0x000000000000052b       0x34 /home/tung/st/stm32cubeide_1.2.0/plugins/com.st.stm32cube.ide.mcu.externaltools.gnu-tools-for-stm32.7-2018-q2-update.linux64_1.0.0.201904181610/tools/bin/../lib/gcc/arm-none-eabi/7.3.1/../../../../arm-none-eabi/lib/thumb/v7e-m/fpv4-sp/hard/libm.a(lib_a-s_lib_ver.o)
 .ARM.attributes
                0x000000000000055f       0x34 /home/tung/st/stm32cubeide_1.2.0/plugins/com.st.stm32cube.ide.mcu.externaltools.gnu-tools-for-stm32.7-2018-q2-update.linux64_1.0.0.201904181610/tools/bin/../lib/gcc/arm-none-eabi/7.3.1/../../../../arm-none-eabi/lib/thumb/v7e-m/fpv4-sp/hard/libm.a(lib_a-s_matherr.o)
 .ARM.attributes
                0x0000000000000593       0x34 /home/tung/st/stm32cubeide_1.2.0/plugins/com.st.stm32cube.ide.mcu.externaltools.gnu-tools-for-stm32.7-2018-q2-update.linux64_1.0.0.201904181610/tools/bin/../lib/gcc/arm-none-eabi/7.3.1/../../../../arm-none-eabi/lib/thumb/v7e-m/fpv4-sp/hard/libc_nano.a(lib_a-errno.o)
 .ARM.attributes
                0x00000000000005c7       0x34 /home/tung/st/stm32cubeide_1.2.0/plugins/com.st.stm32cube.ide.mcu.externaltools.gnu-tools-for-stm32.7-2018-q2-update.linux64_1.0.0.201904181610/tools/bin/../lib/gcc/arm-none-eabi/7.3.1/../../../../arm-none-eabi/lib/thumb/v7e-m/fpv4-sp/hard/libc_nano.a(lib_a-impure.o)
 .ARM.attributes
                0x00000000000005fb       0x34 /home/tung/st/stm32cubeide_1.2.0/plugins/com.st.stm32cube.ide.mcu.externaltools.gnu-tools-for-stm32.7-2018-q2-update.linux64_1.0.0.201904181610/tools/bin/../lib/gcc/arm-none-eabi/7.3.1/../../../../arm-none-eabi/lib/thumb/v7e-m/fpv4-sp/hard/libc_nano.a(lib_a-init.o)
 .ARM.attributes
                0x000000000000062f       0x34 /home/tung/st/stm32cubeide_1.2.0/plugins/com.st.stm32cube.ide.mcu.externaltools.gnu-tools-for-stm32.7-2018-q2-update.linux64_1.0.0.201904181610/tools/bin/../lib/gcc/arm-none-eabi/7.3.1/../../../../arm-none-eabi/lib/thumb/v7e-m/fpv4-sp/hard/libc_nano.a(lib_a-malloc.o)
 .ARM.attributes
                0x0000000000000663       0x34 /home/tung/st/stm32cubeide_1.2.0/plugins/com.st.stm32cube.ide.mcu.externaltools.gnu-tools-for-stm32.7-2018-q2-update.linux64_1.0.0.201904181610/tools/bin/../lib/gcc/arm-none-eabi/7.3.1/../../../../arm-none-eabi/lib/thumb/v7e-m/fpv4-sp/hard/libc_nano.a(lib_a-memset.o)
 .ARM.attributes
                0x0000000000000697       0x34 /home/tung/st/stm32cubeide_1.2.0/plugins/com.st.stm32cube.ide.mcu.externaltools.gnu-tools-for-stm32.7-2018-q2-update.linux64_1.0.0.201904181610/tools/bin/../lib/gcc/arm-none-eabi/7.3.1/../../../../arm-none-eabi/lib/thumb/v7e-m/fpv4-sp/hard/libc_nano.a(lib_a-nano-freer.o)
 .ARM.attributes
                0x00000000000006cb       0x34 /home/tung/st/stm32cubeide_1.2.0/plugins/com.st.stm32cube.ide.mcu.externaltools.gnu-tools-for-stm32.7-2018-q2-update.linux64_1.0.0.201904181610/tools/bin/../lib/gcc/arm-none-eabi/7.3.1/../../../../arm-none-eabi/lib/thumb/v7e-m/fpv4-sp/hard/libc_nano.a(lib_a-nano-mallocr.o)
 .ARM.attributes
                0x00000000000006ff       0x34 /home/tung/st/stm32cubeide_1.2.0/plugins/com.st.stm32cube.ide.mcu.externaltools.gnu-tools-for-stm32.7-2018-q2-update.linux64_1.0.0.201904181610/tools/bin/../lib/gcc/arm-none-eabi/7.3.1/../../../../arm-none-eabi/lib/thumb/v7e-m/fpv4-sp/hard/libc_nano.a(lib_a-mlock.o)
 .ARM.attributes
                0x0000000000000733       0x22 /home/tung/st/stm32cubeide_1.2.0/plugins/com.st.stm32cube.ide.mcu.externaltools.gnu-tools-for-stm32.7-2018-q2-update.linux64_1.0.0.201904181610/tools/bin/../lib/gcc/arm-none-eabi/7.3.1/thumb/v7e-m/fpv4-sp/hard/libgcc.a(_arm_addsubdf3.o)
 .ARM.attributes
                0x0000000000000755       0x22 /home/tung/st/stm32cubeide_1.2.0/plugins/com.st.stm32cube.ide.mcu.externaltools.gnu-tools-for-stm32.7-2018-q2-update.linux64_1.0.0.201904181610/tools/bin/../lib/gcc/arm-none-eabi/7.3.1/thumb/v7e-m/fpv4-sp/hard/libgcc.a(_arm_muldivdf3.o)
 .ARM.attributes
                0x0000000000000777       0x22 /home/tung/st/stm32cubeide_1.2.0/plugins/com.st.stm32cube.ide.mcu.externaltools.gnu-tools-for-stm32.7-2018-q2-update.linux64_1.0.0.201904181610/tools/bin/../lib/gcc/arm-none-eabi/7.3.1/thumb/v7e-m/fpv4-sp/hard/libgcc.a(_arm_cmpdf2.o)
 .ARM.attributes
                0x0000000000000799       0x22 /home/tung/st/stm32cubeide_1.2.0/plugins/com.st.stm32cube.ide.mcu.externaltools.gnu-tools-for-stm32.7-2018-q2-update.linux64_1.0.0.201904181610/tools/bin/../lib/gcc/arm-none-eabi/7.3.1/thumb/v7e-m/fpv4-sp/hard/libgcc.a(_arm_unorddf2.o)
 .ARM.attributes
                0x00000000000007bb       0x22 /home/tung/st/stm32cubeide_1.2.0/plugins/com.st.stm32cube.ide.mcu.externaltools.gnu-tools-for-stm32.7-2018-q2-update.linux64_1.0.0.201904181610/tools/bin/../lib/gcc/arm-none-eabi/7.3.1/thumb/v7e-m/fpv4-sp/hard/libgcc.a(_arm_truncdfsf2.o)
 .ARM.attributes
                0x00000000000007dd       0x22 /home/tung/st/stm32cubeide_1.2.0/plugins/com.st.stm32cube.ide.mcu.externaltools.gnu-tools-for-stm32.7-2018-q2-update.linux64_1.0.0.201904181610/tools/bin/../lib/gcc/arm-none-eabi/7.3.1/thumb/v7e-m/fpv4-sp/hard/libgcc.a(_aeabi_uldivmod.o)
 .ARM.attributes
                0x00000000000007ff       0x34 /home/tung/st/stm32cubeide_1.2.0/plugins/com.st.stm32cube.ide.mcu.externaltools.gnu-tools-for-stm32.7-2018-q2-update.linux64_1.0.0.201904181610/tools/bin/../lib/gcc/arm-none-eabi/7.3.1/thumb/v7e-m/fpv4-sp/hard/libgcc.a(_udivmoddi4.o)
 .ARM.attributes
                0x0000000000000833       0x22 /home/tung/st/stm32cubeide_1.2.0/plugins/com.st.stm32cube.ide.mcu.externaltools.gnu-tools-for-stm32.7-2018-q2-update.linux64_1.0.0.201904181610/tools/bin/../lib/gcc/arm-none-eabi/7.3.1/thumb/v7e-m/fpv4-sp/hard/libgcc.a(_dvmd_tls.o)
 .ARM.attributes
                0x0000000000000855       0x22 /home/tung/st/stm32cubeide_1.2.0/plugins/com.st.stm32cube.ide.mcu.externaltools.gnu-tools-for-stm32.7-2018-q2-update.linux64_1.0.0.201904181610/tools/bin/../lib/gcc/arm-none-eabi/7.3.1/thumb/v7e-m/fpv4-sp/hard/crtn.o
OUTPUT(RTOS drone test.elf elf32-littlearm)

.debug_info     0x0000000000000000    0x10875
 .debug_info    0x0000000000000000     0x4925 Core/Src/main.o
 .debug_info    0x0000000000004925     0x1491 Core/Src/stm32f4xx_hal_msp.o
 .debug_info    0x0000000000005db6     0x1146 Core/Src/stm32f4xx_it.o
 .debug_info    0x0000000000006efc      0x554 Core/Src/system_stm32f4xx.o
 .debug_info    0x0000000000007450       0x22 Core/Startup/startup_stm32f405rgtx.o
 .debug_info    0x0000000000007472      0x933 Drivers/STM32F4xx_HAL_Driver/Src/stm32f4xx_hal.o
 .debug_info    0x0000000000007da5      0xe16 Drivers/STM32F4xx_HAL_Driver/Src/stm32f4xx_hal_cortex.o
 .debug_info    0x0000000000008bbb      0x7b5 Drivers/STM32F4xx_HAL_Driver/Src/stm32f4xx_hal_gpio.o
 .debug_info    0x0000000000009370     0x23b5 Drivers/STM32F4xx_HAL_Driver/Src/stm32f4xx_hal_i2c.o
 .debug_info    0x000000000000b725      0x904 Drivers/STM32F4xx_HAL_Driver/Src/stm32f4xx_hal_rcc.o
 .debug_info    0x000000000000c029     0x24a9 Drivers/STM32F4xx_HAL_Driver/Src/stm32f4xx_hal_tim.o
 .debug_info    0x000000000000e4d2     0x1157 Drivers/STM32F4xx_HAL_Driver/Src/stm32f4xx_hal_tim_ex.o
 .debug_info    0x000000000000f629     0x124c Drivers/STM32F4xx_HAL_Driver/Src/stm32f4xx_hal_uart.o

.debug_abbrev   0x0000000000000000     0x1f03
 .debug_abbrev  0x0000000000000000      0x7be Core/Src/main.o
 .debug_abbrev  0x00000000000007be      0x24d Core/Src/stm32f4xx_hal_msp.o
 .debug_abbrev  0x0000000000000a0b      0x208 Core/Src/stm32f4xx_it.o
 .debug_abbrev  0x0000000000000c13      0x12b Core/Src/system_stm32f4xx.o
 .debug_abbrev  0x0000000000000d3e       0x12 Core/Startup/startup_stm32f405rgtx.o
 .debug_abbrev  0x0000000000000d50      0x1c7 Drivers/STM32F4xx_HAL_Driver/Src/stm32f4xx_hal.o
 .debug_abbrev  0x0000000000000f17      0x2fa Drivers/STM32F4xx_HAL_Driver/Src/stm32f4xx_hal_cortex.o
 .debug_abbrev  0x0000000000001211      0x1c9 Drivers/STM32F4xx_HAL_Driver/Src/stm32f4xx_hal_gpio.o
 .debug_abbrev  0x00000000000013da      0x254 Drivers/STM32F4xx_HAL_Driver/Src/stm32f4xx_hal_i2c.o
 .debug_abbrev  0x000000000000162e      0x245 Drivers/STM32F4xx_HAL_Driver/Src/stm32f4xx_hal_rcc.o
 .debug_abbrev  0x0000000000001873      0x230 Drivers/STM32F4xx_HAL_Driver/Src/stm32f4xx_hal_tim.o
 .debug_abbrev  0x0000000000001aa3      0x21e Drivers/STM32F4xx_HAL_Driver/Src/stm32f4xx_hal_tim_ex.o
 .debug_abbrev  0x0000000000001cc1      0x242 Drivers/STM32F4xx_HAL_Driver/Src/stm32f4xx_hal_uart.o

.debug_aranges  0x0000000000000000      0xf58
 .debug_aranges
                0x0000000000000000      0x1a8 Core/Src/main.o
 .debug_aranges
                0x00000000000001a8       0x80 Core/Src/stm32f4xx_hal_msp.o
 .debug_aranges
                0x0000000000000228       0x98 Core/Src/stm32f4xx_it.o
 .debug_aranges
                0x00000000000002c0       0x28 Core/Src/system_stm32f4xx.o
 .debug_aranges
                0x00000000000002e8       0x28 Core/Startup/startup_stm32f405rgtx.o
 .debug_aranges
                0x0000000000000310       0xf0 Drivers/STM32F4xx_HAL_Driver/Src/stm32f4xx_hal.o
 .debug_aranges
                0x0000000000000400      0x118 Drivers/STM32F4xx_HAL_Driver/Src/stm32f4xx_hal_cortex.o
 .debug_aranges
                0x0000000000000518       0x58 Drivers/STM32F4xx_HAL_Driver/Src/stm32f4xx_hal_gpio.o
 .debug_aranges
                0x0000000000000570      0x298 Drivers/STM32F4xx_HAL_Driver/Src/stm32f4xx_hal_i2c.o
 .debug_aranges
                0x0000000000000808       0x88 Drivers/STM32F4xx_HAL_Driver/Src/stm32f4xx_hal_rcc.o
 .debug_aranges
                0x0000000000000890      0x3a8 Drivers/STM32F4xx_HAL_Driver/Src/stm32f4xx_hal_tim.o
 .debug_aranges
                0x0000000000000c38      0x150 Drivers/STM32F4xx_HAL_Driver/Src/stm32f4xx_hal_tim_ex.o
 .debug_aranges
                0x0000000000000d88      0x1d0 Drivers/STM32F4xx_HAL_Driver/Src/stm32f4xx_hal_uart.o

.debug_ranges   0x0000000000000000      0xeb0
 .debug_ranges  0x0000000000000000      0x198 Core/Src/main.o
 .debug_ranges  0x0000000000000198       0x70 Core/Src/stm32f4xx_hal_msp.o
 .debug_ranges  0x0000000000000208       0x88 Core/Src/stm32f4xx_it.o
 .debug_ranges  0x0000000000000290       0x18 Core/Src/system_stm32f4xx.o
 .debug_ranges  0x00000000000002a8       0x20 Core/Startup/startup_stm32f405rgtx.o
 .debug_ranges  0x00000000000002c8       0xe0 Drivers/STM32F4xx_HAL_Driver/Src/stm32f4xx_hal.o
 .debug_ranges  0x00000000000003a8      0x108 Drivers/STM32F4xx_HAL_Driver/Src/stm32f4xx_hal_cortex.o
 .debug_ranges  0x00000000000004b0       0x48 Drivers/STM32F4xx_HAL_Driver/Src/stm32f4xx_hal_gpio.o
 .debug_ranges  0x00000000000004f8      0x2a8 Drivers/STM32F4xx_HAL_Driver/Src/stm32f4xx_hal_i2c.o
 .debug_ranges  0x00000000000007a0       0x78 Drivers/STM32F4xx_HAL_Driver/Src/stm32f4xx_hal_rcc.o
 .debug_ranges  0x0000000000000818      0x398 Drivers/STM32F4xx_HAL_Driver/Src/stm32f4xx_hal_tim.o
 .debug_ranges  0x0000000000000bb0      0x140 Drivers/STM32F4xx_HAL_Driver/Src/stm32f4xx_hal_tim_ex.o
 .debug_ranges  0x0000000000000cf0      0x1c0 Drivers/STM32F4xx_HAL_Driver/Src/stm32f4xx_hal_uart.o

.debug_macro    0x0000000000000000    0x21dc4
 .debug_macro   0x0000000000000000      0x483 Core/Src/main.o
 .debug_macro   0x0000000000000483      0xb2c Core/Src/main.o
 .debug_macro   0x0000000000000faf      0x190 Core/Src/main.o
 .debug_macro   0x000000000000113f       0x32 Core/Src/main.o
 .debug_macro   0x0000000000001171       0x2f Core/Src/main.o
 .debug_macro   0x00000000000011a0       0x1c Core/Src/main.o
 .debug_macro   0x00000000000011bc       0x22 Core/Src/main.o
 .debug_macro   0x00000000000011de       0x8e Core/Src/main.o
 .debug_macro   0x000000000000126c       0x51 Core/Src/main.o
 .debug_macro   0x00000000000012bd       0xef Core/Src/main.o
 .debug_macro   0x00000000000013ac       0x6a Core/Src/main.o
 .debug_macro   0x0000000000001416      0x1df Core/Src/main.o
 .debug_macro   0x00000000000015f5       0x1c Core/Src/main.o
 .debug_macro   0x0000000000001611       0x22 Core/Src/main.o
 .debug_macro   0x0000000000001633       0xdf Core/Src/main.o
 .debug_macro   0x0000000000001712     0x102d Core/Src/main.o
 .debug_macro   0x000000000000273f      0x11f Core/Src/main.o
 .debug_macro   0x000000000000285e    0x14251 Core/Src/main.o
 .debug_macro   0x0000000000016aaf       0x43 Core/Src/main.o
 .debug_macro   0x0000000000016af2     0x3652 Core/Src/main.o
 .debug_macro   0x000000000001a144      0x17b Core/Src/main.o
 .debug_macro   0x000000000001a2bf       0x5a Core/Src/main.o
 .debug_macro   0x000000000001a319      0x8a7 Core/Src/main.o
 .debug_macro   0x000000000001abc0      0x9fe Core/Src/main.o
 .debug_macro   0x000000000001b5be      0x174 Core/Src/main.o
 .debug_macro   0x000000000001b732      0x117 Core/Src/main.o
 .debug_macro   0x000000000001b849      0x130 Core/Src/main.o
 .debug_macro   0x000000000001b979       0x27 Core/Src/main.o
 .debug_macro   0x000000000001b9a0      0x287 Core/Src/main.o
 .debug_macro   0x000000000001bc27       0x5f Core/Src/main.o
 .debug_macro   0x000000000001bc86      0x236 Core/Src/main.o
 .debug_macro   0x000000000001bebc      0x12c Core/Src/main.o
 .debug_macro   0x000000000001bfe8      0x21e Core/Src/main.o
 .debug_macro   0x000000000001c206       0x2e Core/Src/main.o
 .debug_macro   0x000000000001c234      0x1b5 Core/Src/main.o
 .debug_macro   0x000000000001c3e9       0xd6 Core/Src/main.o
 .debug_macro   0x000000000001c4bf      0x11a Core/Src/main.o
 .debug_macro   0x000000000001c5d9       0x7e Core/Src/main.o
 .debug_macro   0x000000000001c657       0x89 Core/Src/main.o
 .debug_macro   0x000000000001c6e0      0x8a0 Core/Src/main.o
 .debug_macro   0x000000000001cf80       0x47 Core/Src/main.o
 .debug_macro   0x000000000001cfc7      0x287 Core/Src/main.o
 .debug_macro   0x000000000001d24e      0x12d Core/Src/main.o
 .debug_macro   0x000000000001d37b      0x168 Core/Src/main.o
 .debug_macro   0x000000000001d4e3       0x10 Core/Src/main.o
 .debug_macro   0x000000000001d4f3      0x3f4 Core/Src/main.o
 .debug_macro   0x000000000001d8e7       0x10 Core/Src/main.o
 .debug_macro   0x000000000001d8f7       0x18 Core/Src/main.o
 .debug_macro   0x000000000001d90f       0x46 Core/Src/main.o
 .debug_macro   0x000000000001d955       0x3c Core/Src/main.o
 .debug_macro   0x000000000001d991       0x34 Core/Src/main.o
 .debug_macro   0x000000000001d9c5       0x16 Core/Src/main.o
 .debug_macro   0x000000000001d9db       0x35 Core/Src/main.o
 .debug_macro   0x000000000001da10       0x52 Core/Src/main.o
 .debug_macro   0x000000000001da62       0x1f Core/Src/main.o
 .debug_macro   0x000000000001da81       0x43 Core/Src/main.o
 .debug_macro   0x000000000001dac4       0x20 Core/Src/main.o
 .debug_macro   0x000000000001dae4      0x1a3 Core/Src/main.o
 .debug_macro   0x000000000001dc87      0x34d Core/Src/main.o
 .debug_macro   0x000000000001dfd4       0x16 Core/Src/main.o
 .debug_macro   0x000000000001dfea       0x29 Core/Src/main.o
 .debug_macro   0x000000000001e013       0x1c Core/Src/main.o
 .debug_macro   0x000000000001e02f       0xde Core/Src/main.o
 .debug_macro   0x000000000001e10d       0x18 Core/Src/main.o
 .debug_macro   0x000000000001e125      0x1da Core/Src/main.o
 .debug_macro   0x000000000001e2ff      0x3cd Core/Src/main.o
 .debug_macro   0x000000000001e6cc       0x1c Core/Src/main.o
 .debug_macro   0x000000000001e6e8       0x10 Core/Src/main.o
 .debug_macro   0x000000000001e6f8       0x10 Core/Src/main.o
 .debug_macro   0x000000000001e708       0x1c Core/Src/main.o
 .debug_macro   0x000000000001e724       0x52 Core/Src/main.o
 .debug_macro   0x000000000001e776       0x40 Core/Src/main.o
 .debug_macro   0x000000000001e7b6       0x10 Core/Src/main.o
 .debug_macro   0x000000000001e7c6       0x40 Core/Src/main.o
 .debug_macro   0x000000000001e806       0xd7 Core/Src/main.o
 .debug_macro   0x000000000001e8dd       0x1c Core/Src/main.o
 .debug_macro   0x000000000001e8f9       0x3d Core/Src/main.o
 .debug_macro   0x000000000001e936       0x16 Core/Src/main.o
 .debug_macro   0x000000000001e94c      0x137 Core/Src/main.o
 .debug_macro   0x000000000001ea83       0x16 Core/Src/main.o
 .debug_macro   0x000000000001ea99       0x20 Core/Src/main.o
 .debug_macro   0x000000000001eab9       0x1e Core/Src/main.o
 .debug_macro   0x000000000001ead7       0xca Core/Src/main.o
 .debug_macro   0x000000000001eba1       0x10 Core/Src/main.o
 .debug_macro   0x000000000001ebb1      0x1f2 Core/Src/stm32f4xx_hal_msp.o
 .debug_macro   0x000000000001eda3      0xa5a Core/Src/stm32f4xx_hal_msp.o
 .debug_macro   0x000000000001f7fd     0x102d Core/Src/stm32f4xx_hal_msp.o
 .debug_macro   0x000000000002082a      0x174 Core/Src/stm32f4xx_hal_msp.o
 .debug_macro   0x000000000002099e      0x1fc Core/Src/stm32f4xx_it.o
 .debug_macro   0x0000000000020b9a      0x1ee Core/Src/system_stm32f4xx.o
 .debug_macro   0x0000000000020d88      0x248 Drivers/STM32F4xx_HAL_Driver/Src/stm32f4xx_hal.o
 .debug_macro   0x0000000000020fd0      0x1e8 Drivers/STM32F4xx_HAL_Driver/Src/stm32f4xx_hal_cortex.o
 .debug_macro   0x00000000000211b8      0x21e Drivers/STM32F4xx_HAL_Driver/Src/stm32f4xx_hal_gpio.o
 .debug_macro   0x00000000000213d6      0x228 Drivers/STM32F4xx_HAL_Driver/Src/stm32f4xx_hal_i2c.o
 .debug_macro   0x00000000000215fe      0x20c Drivers/STM32F4xx_HAL_Driver/Src/stm32f4xx_hal_rcc.o
 .debug_macro   0x000000000002180a      0x1e9 Drivers/STM32F4xx_HAL_Driver/Src/stm32f4xx_hal_tim.o
 .debug_macro   0x00000000000219f3      0x1e8 Drivers/STM32F4xx_HAL_Driver/Src/stm32f4xx_hal_tim_ex.o
 .debug_macro   0x0000000000021bdb      0x1e9 Drivers/STM32F4xx_HAL_Driver/Src/stm32f4xx_hal_uart.o

.debug_line     0x0000000000000000     0xa5ff
 .debug_line    0x0000000000000000     0x170f Core/Src/main.o
 .debug_line    0x000000000000170f      0x85c Core/Src/stm32f4xx_hal_msp.o
 .debug_line    0x0000000000001f6b      0x883 Core/Src/stm32f4xx_it.o
 .debug_line    0x00000000000027ee      0x701 Core/Src/system_stm32f4xx.o
 .debug_line    0x0000000000002eef       0x86 Core/Startup/startup_stm32f405rgtx.o
 .debug_line    0x0000000000002f75      0x8eb Drivers/STM32F4xx_HAL_Driver/Src/stm32f4xx_hal.o
 .debug_line    0x0000000000003860      0xa0f Drivers/STM32F4xx_HAL_Driver/Src/stm32f4xx_hal_cortex.o
 .debug_line    0x000000000000426f      0x8ca Drivers/STM32F4xx_HAL_Driver/Src/stm32f4xx_hal_gpio.o
 .debug_line    0x0000000000004b39     0x1b25 Drivers/STM32F4xx_HAL_Driver/Src/stm32f4xx_hal_i2c.o
 .debug_line    0x000000000000665e      0x943 Drivers/STM32F4xx_HAL_Driver/Src/stm32f4xx_hal_rcc.o
 .debug_line    0x0000000000006fa1     0x1964 Drivers/STM32F4xx_HAL_Driver/Src/stm32f4xx_hal_tim.o
 .debug_line    0x0000000000008905      0xd01 Drivers/STM32F4xx_HAL_Driver/Src/stm32f4xx_hal_tim_ex.o
 .debug_line    0x0000000000009606      0xff9 Drivers/STM32F4xx_HAL_Driver/Src/stm32f4xx_hal_uart.o

.debug_str      0x0000000000000000    0xc425c
 .debug_str     0x0000000000000000    0xc0bf5 Core/Src/main.o
                                      0xc140d (size before relaxing)
 .debug_str     0x00000000000c0bf5      0x72f Core/Src/stm32f4xx_hal_msp.o
                                      0xb9c5c (size before relaxing)
 .debug_str     0x00000000000c1324       0xcd Core/Src/stm32f4xx_it.o
                                      0xb97af (size before relaxing)
 .debug_str     0x00000000000c13f1       0xc4 Core/Src/system_stm32f4xx.o
                                      0xb8c56 (size before relaxing)
 .debug_str     0x00000000000c14b5       0x36 Core/Startup/startup_stm32f405rgtx.o
                                         0x74 (size before relaxing)
 .debug_str     0x00000000000c14eb      0x57b Drivers/STM32F4xx_HAL_Driver/Src/stm32f4xx_hal.o
                                      0xb9702 (size before relaxing)
 .debug_str     0x00000000000c1a66      0x390 Drivers/STM32F4xx_HAL_Driver/Src/stm32f4xx_hal_cortex.o
                                      0xb94f1 (size before relaxing)
 .debug_str     0x00000000000c1df6      0x1f9 Drivers/STM32F4xx_HAL_Driver/Src/stm32f4xx_hal_gpio.o
                                      0xb8e95 (size before relaxing)
 .debug_str     0x00000000000c1fef      0xa7b Drivers/STM32F4xx_HAL_Driver/Src/stm32f4xx_hal_i2c.o
                                      0xb9b9f (size before relaxing)
 .debug_str     0x00000000000c2a6a      0x24e Drivers/STM32F4xx_HAL_Driver/Src/stm32f4xx_hal_rcc.o
                                      0xb9043 (size before relaxing)
 .debug_str     0x00000000000c2cb8      0xc8f Drivers/STM32F4xx_HAL_Driver/Src/stm32f4xx_hal_tim.o
                                      0xb9d62 (size before relaxing)
 .debug_str     0x00000000000c3947      0x40e Drivers/STM32F4xx_HAL_Driver/Src/stm32f4xx_hal_tim_ex.o
                                      0xb9562 (size before relaxing)
 .debug_str     0x00000000000c3d55      0x507 Drivers/STM32F4xx_HAL_Driver/Src/stm32f4xx_hal_uart.o
                                      0xb94a2 (size before relaxing)

.comment        0x0000000000000000       0x7b
 .comment       0x0000000000000000       0x7b Core/Src/main.o
                                         0x7c (size before relaxing)
 .comment       0x000000000000007b       0x7c Core/Src/stm32f4xx_hal_msp.o
 .comment       0x000000000000007b       0x7c Core/Src/stm32f4xx_it.o
 .comment       0x000000000000007b       0x7c Core/Src/system_stm32f4xx.o
 .comment       0x000000000000007b       0x7c Drivers/STM32F4xx_HAL_Driver/Src/stm32f4xx_hal.o
 .comment       0x000000000000007b       0x7c Drivers/STM32F4xx_HAL_Driver/Src/stm32f4xx_hal_cortex.o
 .comment       0x000000000000007b       0x7c Drivers/STM32F4xx_HAL_Driver/Src/stm32f4xx_hal_gpio.o
 .comment       0x000000000000007b       0x7c Drivers/STM32F4xx_HAL_Driver/Src/stm32f4xx_hal_i2c.o
 .comment       0x000000000000007b       0x7c Drivers/STM32F4xx_HAL_Driver/Src/stm32f4xx_hal_rcc.o
 .comment       0x000000000000007b       0x7c Drivers/STM32F4xx_HAL_Driver/Src/stm32f4xx_hal_tim.o
 .comment       0x000000000000007b       0x7c Drivers/STM32F4xx_HAL_Driver/Src/stm32f4xx_hal_tim_ex.o
 .comment       0x000000000000007b       0x7c Drivers/STM32F4xx_HAL_Driver/Src/stm32f4xx_hal_uart.o

.debug_frame    0x0000000000000000     0x4788
 .debug_frame   0x0000000000000000      0x798 Core/Src/main.o
 .debug_frame   0x0000000000000798      0x1d0 Core/Src/stm32f4xx_hal_msp.o
 .debug_frame   0x0000000000000968      0x1e8 Core/Src/stm32f4xx_it.o
 .debug_frame   0x0000000000000b50       0x58 Core/Src/system_stm32f4xx.o
 .debug_frame   0x0000000000000ba8      0x374 Drivers/STM32F4xx_HAL_Driver/Src/stm32f4xx_hal.o
 .debug_frame   0x0000000000000f1c      0x498 Drivers/STM32F4xx_HAL_Driver/Src/stm32f4xx_hal_cortex.o
 .debug_frame   0x00000000000013b4      0x14c Drivers/STM32F4xx_HAL_Driver/Src/stm32f4xx_hal_gpio.o
 .debug_frame   0x0000000000001500      0xc38 Drivers/STM32F4xx_HAL_Driver/Src/stm32f4xx_hal_i2c.o
 .debug_frame   0x0000000000002138      0x1f0 Drivers/STM32F4xx_HAL_Driver/Src/stm32f4xx_hal_rcc.o
 .debug_frame   0x0000000000002328     0x10f0 Drivers/STM32F4xx_HAL_Driver/Src/stm32f4xx_hal_tim.o
 .debug_frame   0x0000000000003418      0x5c0 Drivers/STM32F4xx_HAL_Driver/Src/stm32f4xx_hal_tim_ex.o
 .debug_frame   0x00000000000039d8      0x844 Drivers/STM32F4xx_HAL_Driver/Src/stm32f4xx_hal_uart.o
 .debug_frame   0x000000000000421c       0x20 /home/tung/st/stm32cubeide_1.2.0/plugins/com.st.stm32cube.ide.mcu.externaltools.gnu-tools-for-stm32.7-2018-q2-update.linux64_1.0.0.201904181610/tools/bin/../lib/gcc/arm-none-eabi/7.3.1/../../../../arm-none-eabi/lib/thumb/v7e-m/fpv4-sp/hard/libstdc++_nano.a(del_ops.o)
 .debug_frame   0x000000000000423c       0x20 /home/tung/st/stm32cubeide_1.2.0/plugins/com.st.stm32cube.ide.mcu.externaltools.gnu-tools-for-stm32.7-2018-q2-update.linux64_1.0.0.201904181610/tools/bin/../lib/gcc/arm-none-eabi/7.3.1/../../../../arm-none-eabi/lib/thumb/v7e-m/fpv4-sp/hard/libstdc++_nano.a(del_op.o)
 .debug_frame   0x000000000000425c       0x2c /home/tung/st/stm32cubeide_1.2.0/plugins/com.st.stm32cube.ide.mcu.externaltools.gnu-tools-for-stm32.7-2018-q2-update.linux64_1.0.0.201904181610/tools/bin/../lib/gcc/arm-none-eabi/7.3.1/../../../../arm-none-eabi/lib/thumb/v7e-m/fpv4-sp/hard/libm.a(lib_a-sf_atan.o)
 .debug_frame   0x0000000000004288       0x20 /home/tung/st/stm32cubeide_1.2.0/plugins/com.st.stm32cube.ide.mcu.externaltools.gnu-tools-for-stm32.7-2018-q2-update.linux64_1.0.0.201904181610/tools/bin/../lib/gcc/arm-none-eabi/7.3.1/../../../../arm-none-eabi/lib/thumb/v7e-m/fpv4-sp/hard/libm.a(lib_a-sf_fabs.o)
 .debug_frame   0x00000000000042a8       0x4c /home/tung/st/stm32cubeide_1.2.0/plugins/com.st.stm32cube.ide.mcu.externaltools.gnu-tools-for-stm32.7-2018-q2-update.linux64_1.0.0.201904181610/tools/bin/../lib/gcc/arm-none-eabi/7.3.1/../../../../arm-none-eabi/lib/thumb/v7e-m/fpv4-sp/hard/libm.a(lib_a-w_sqrt.o)
 .debug_frame   0x00000000000042f4       0x20 /home/tung/st/stm32cubeide_1.2.0/plugins/com.st.stm32cube.ide.mcu.externaltools.gnu-tools-for-stm32.7-2018-q2-update.linux64_1.0.0.201904181610/tools/bin/../lib/gcc/arm-none-eabi/7.3.1/../../../../arm-none-eabi/lib/thumb/v7e-m/fpv4-sp/hard/libm.a(lib_a-wf_atan2.o)
 .debug_frame   0x0000000000004314       0x40 /home/tung/st/stm32cubeide_1.2.0/plugins/com.st.stm32cube.ide.mcu.externaltools.gnu-tools-for-stm32.7-2018-q2-update.linux64_1.0.0.201904181610/tools/bin/../lib/gcc/arm-none-eabi/7.3.1/../../../../arm-none-eabi/lib/thumb/v7e-m/fpv4-sp/hard/libm.a(lib_a-wf_sqrt.o)
 .debug_frame   0x0000000000004354       0x30 /home/tung/st/stm32cubeide_1.2.0/plugins/com.st.stm32cube.ide.mcu.externaltools.gnu-tools-for-stm32.7-2018-q2-update.linux64_1.0.0.201904181610/tools/bin/../lib/gcc/arm-none-eabi/7.3.1/../../../../arm-none-eabi/lib/thumb/v7e-m/fpv4-sp/hard/libm.a(lib_a-e_sqrt.o)
 .debug_frame   0x0000000000004384       0x30 /home/tung/st/stm32cubeide_1.2.0/plugins/com.st.stm32cube.ide.mcu.externaltools.gnu-tools-for-stm32.7-2018-q2-update.linux64_1.0.0.201904181610/tools/bin/../lib/gcc/arm-none-eabi/7.3.1/../../../../arm-none-eabi/lib/thumb/v7e-m/fpv4-sp/hard/libm.a(lib_a-ef_atan2.o)
 .debug_frame   0x00000000000043b4       0x20 /home/tung/st/stm32cubeide_1.2.0/plugins/com.st.stm32cube.ide.mcu.externaltools.gnu-tools-for-stm32.7-2018-q2-update.linux64_1.0.0.201904181610/tools/bin/../lib/gcc/arm-none-eabi/7.3.1/../../../../arm-none-eabi/lib/thumb/v7e-m/fpv4-sp/hard/libm.a(lib_a-ef_sqrt.o)
 .debug_frame   0x00000000000043d4       0x20 /home/tung/st/stm32cubeide_1.2.0/plugins/com.st.stm32cube.ide.mcu.externaltools.gnu-tools-for-stm32.7-2018-q2-update.linux64_1.0.0.201904181610/tools/bin/../lib/gcc/arm-none-eabi/7.3.1/../../../../arm-none-eabi/lib/thumb/v7e-m/fpv4-sp/hard/libm.a(lib_a-s_matherr.o)
 .debug_frame   0x00000000000043f4       0x20 /home/tung/st/stm32cubeide_1.2.0/plugins/com.st.stm32cube.ide.mcu.externaltools.gnu-tools-for-stm32.7-2018-q2-update.linux64_1.0.0.201904181610/tools/bin/../lib/gcc/arm-none-eabi/7.3.1/../../../../arm-none-eabi/lib/thumb/v7e-m/fpv4-sp/hard/libc_nano.a(lib_a-errno.o)
 .debug_frame   0x0000000000004414       0x2c /home/tung/st/stm32cubeide_1.2.0/plugins/com.st.stm32cube.ide.mcu.externaltools.gnu-tools-for-stm32.7-2018-q2-update.linux64_1.0.0.201904181610/tools/bin/../lib/gcc/arm-none-eabi/7.3.1/../../../../arm-none-eabi/lib/thumb/v7e-m/fpv4-sp/hard/libc_nano.a(lib_a-init.o)
 .debug_frame   0x0000000000004440       0x30 /home/tung/st/stm32cubeide_1.2.0/plugins/com.st.stm32cube.ide.mcu.externaltools.gnu-tools-for-stm32.7-2018-q2-update.linux64_1.0.0.201904181610/tools/bin/../lib/gcc/arm-none-eabi/7.3.1/../../../../arm-none-eabi/lib/thumb/v7e-m/fpv4-sp/hard/libc_nano.a(lib_a-malloc.o)
 .debug_frame   0x0000000000004470       0x20 /home/tung/st/stm32cubeide_1.2.0/plugins/com.st.stm32cube.ide.mcu.externaltools.gnu-tools-for-stm32.7-2018-q2-update.linux64_1.0.0.201904181610/tools/bin/../lib/gcc/arm-none-eabi/7.3.1/../../../../arm-none-eabi/lib/thumb/v7e-m/fpv4-sp/hard/libc_nano.a(lib_a-memset.o)
 .debug_frame   0x0000000000004490       0x38 /home/tung/st/stm32cubeide_1.2.0/plugins/com.st.stm32cube.ide.mcu.externaltools.gnu-tools-for-stm32.7-2018-q2-update.linux64_1.0.0.201904181610/tools/bin/../lib/gcc/arm-none-eabi/7.3.1/../../../../arm-none-eabi/lib/thumb/v7e-m/fpv4-sp/hard/libc_nano.a(lib_a-nano-freer.o)
 .debug_frame   0x00000000000044c8       0x2c /home/tung/st/stm32cubeide_1.2.0/plugins/com.st.stm32cube.ide.mcu.externaltools.gnu-tools-for-stm32.7-2018-q2-update.linux64_1.0.0.201904181610/tools/bin/../lib/gcc/arm-none-eabi/7.3.1/../../../../arm-none-eabi/lib/thumb/v7e-m/fpv4-sp/hard/libc_nano.a(lib_a-nano-mallocr.o)
 .debug_frame   0x00000000000044f4       0x30 /home/tung/st/stm32cubeide_1.2.0/plugins/com.st.stm32cube.ide.mcu.externaltools.gnu-tools-for-stm32.7-2018-q2-update.linux64_1.0.0.201904181610/tools/bin/../lib/gcc/arm-none-eabi/7.3.1/../../../../arm-none-eabi/lib/thumb/v7e-m/fpv4-sp/hard/libc_nano.a(lib_a-mlock.o)
 .debug_frame   0x0000000000004524       0xac /home/tung/st/stm32cubeide_1.2.0/plugins/com.st.stm32cube.ide.mcu.externaltools.gnu-tools-for-stm32.7-2018-q2-update.linux64_1.0.0.201904181610/tools/bin/../lib/gcc/arm-none-eabi/7.3.1/thumb/v7e-m/fpv4-sp/hard/libgcc.a(_arm_addsubdf3.o)
 .debug_frame   0x00000000000045d0       0x50 /home/tung/st/stm32cubeide_1.2.0/plugins/com.st.stm32cube.ide.mcu.externaltools.gnu-tools-for-stm32.7-2018-q2-update.linux64_1.0.0.201904181610/tools/bin/../lib/gcc/arm-none-eabi/7.3.1/thumb/v7e-m/fpv4-sp/hard/libgcc.a(_arm_muldivdf3.o)
 .debug_frame   0x0000000000004620       0xc4 /home/tung/st/stm32cubeide_1.2.0/plugins/com.st.stm32cube.ide.mcu.externaltools.gnu-tools-for-stm32.7-2018-q2-update.linux64_1.0.0.201904181610/tools/bin/../lib/gcc/arm-none-eabi/7.3.1/thumb/v7e-m/fpv4-sp/hard/libgcc.a(_arm_cmpdf2.o)
 .debug_frame   0x00000000000046e4       0x20 /home/tung/st/stm32cubeide_1.2.0/plugins/com.st.stm32cube.ide.mcu.externaltools.gnu-tools-for-stm32.7-2018-q2-update.linux64_1.0.0.201904181610/tools/bin/../lib/gcc/arm-none-eabi/7.3.1/thumb/v7e-m/fpv4-sp/hard/libgcc.a(_arm_unorddf2.o)
 .debug_frame   0x0000000000004704       0x24 /home/tung/st/stm32cubeide_1.2.0/plugins/com.st.stm32cube.ide.mcu.externaltools.gnu-tools-for-stm32.7-2018-q2-update.linux64_1.0.0.201904181610/tools/bin/../lib/gcc/arm-none-eabi/7.3.1/thumb/v7e-m/fpv4-sp/hard/libgcc.a(_arm_truncdfsf2.o)
 .debug_frame   0x0000000000004728       0x2c /home/tung/st/stm32cubeide_1.2.0/plugins/com.st.stm32cube.ide.mcu.externaltools.gnu-tools-for-stm32.7-2018-q2-update.linux64_1.0.0.201904181610/tools/bin/../lib/gcc/arm-none-eabi/7.3.1/thumb/v7e-m/fpv4-sp/hard/libgcc.a(_aeabi_uldivmod.o)
 .debug_frame   0x0000000000004754       0x34 /home/tung/st/stm32cubeide_1.2.0/plugins/com.st.stm32cube.ide.mcu.externaltools.gnu-tools-for-stm32.7-2018-q2-update.linux64_1.0.0.201904181610/tools/bin/../lib/gcc/arm-none-eabi/7.3.1/thumb/v7e-m/fpv4-sp/hard/libgcc.a(_udivmoddi4.o)