Archive member included to satisfy reference by file (symbol)

/home/tung/st/stm32cubeide_1.2.0/plugins/com.st.stm32cube.ide.mcu.externaltools.gnu-tools-for-stm32.7-2018-q2-update.linux64_1.0.0.201904181610/tools/bin/../lib/gcc/arm-none-eabi/7.3.1/../../../../arm-none-eabi/lib/thumb/v7e-m/fpv4-sp/hard/libc_nano.a(lib_a-errno.o)
                              Core/Src/syscalls.o (__errno)
/home/tung/st/stm32cubeide_1.2.0/plugins/com.st.stm32cube.ide.mcu.externaltools.gnu-tools-for-stm32.7-2018-q2-update.linux64_1.0.0.201904181610/tools/bin/../lib/gcc/arm-none-eabi/7.3.1/../../../../arm-none-eabi/lib/thumb/v7e-m/fpv4-sp/hard/libc_nano.a(lib_a-exit.o)
                              /home/tung/st/stm32cubeide_1.2.0/plugins/com.st.stm32cube.ide.mcu.externaltools.gnu-tools-for-stm32.7-2018-q2-update.linux64_1.0.0.201904181610/tools/bin/../lib/gcc/arm-none-eabi/7.3.1/../../../../arm-none-eabi/lib/thumb/v7e-m/fpv4-sp/hard/crt0.o (exit)
/home/tung/st/stm32cubeide_1.2.0/plugins/com.st.stm32cube.ide.mcu.externaltools.gnu-tools-for-stm32.7-2018-q2-update.linux64_1.0.0.201904181610/tools/bin/../lib/gcc/arm-none-eabi/7.3.1/../../../../arm-none-eabi/lib/thumb/v7e-m/fpv4-sp/hard/libc_nano.a(lib_a-impure.o)
                              /home/tung/st/stm32cubeide_1.2.0/plugins/com.st.stm32cube.ide.mcu.externaltools.gnu-tools-for-stm32.7-2018-q2-update.linux64_1.0.0.201904181610/tools/bin/../lib/gcc/arm-none-eabi/7.3.1/../../../../arm-none-eabi/lib/thumb/v7e-m/fpv4-sp/hard/libc_nano.a(lib_a-exit.o) (_global_impure_ptr)
/home/tung/st/stm32cubeide_1.2.0/plugins/com.st.stm32cube.ide.mcu.externaltools.gnu-tools-for-stm32.7-2018-q2-update.linux64_1.0.0.201904181610/tools/bin/../lib/gcc/arm-none-eabi/7.3.1/../../../../arm-none-eabi/lib/thumb/v7e-m/fpv4-sp/hard/libc_nano.a(lib_a-init.o)
                              /home/tung/st/stm32cubeide_1.2.0/plugins/com.st.stm32cube.ide.mcu.externaltools.gnu-tools-for-stm32.7-2018-q2-update.linux64_1.0.0.201904181610/tools/bin/../lib/gcc/arm-none-eabi/7.3.1/../../../../arm-none-eabi/lib/thumb/v7e-m/fpv4-sp/hard/crt0.o (__libc_init_array)
/home/tung/st/stm32cubeide_1.2.0/plugins/com.st.stm32cube.ide.mcu.externaltools.gnu-tools-for-stm32.7-2018-q2-update.linux64_1.0.0.201904181610/tools/bin/../lib/gcc/arm-none-eabi/7.3.1/../../../../arm-none-eabi/lib/thumb/v7e-m/fpv4-sp/hard/libc_nano.a(lib_a-malloc.o)
                              Core/Src/matrix.o (malloc)
/home/tung/st/stm32cubeide_1.2.0/plugins/com.st.stm32cube.ide.mcu.externaltools.gnu-tools-for-stm32.7-2018-q2-update.linux64_1.0.0.201904181610/tools/bin/../lib/gcc/arm-none-eabi/7.3.1/../../../../arm-none-eabi/lib/thumb/v7e-m/fpv4-sp/hard/libc_nano.a(lib_a-memcpy-stub.o)
                              Core/Src/EKF.o (memcpy)
/home/tung/st/stm32cubeide_1.2.0/plugins/com.st.stm32cube.ide.mcu.externaltools.gnu-tools-for-stm32.7-2018-q2-update.linux64_1.0.0.201904181610/tools/bin/../lib/gcc/arm-none-eabi/7.3.1/../../../../arm-none-eabi/lib/thumb/v7e-m/fpv4-sp/hard/libc_nano.a(lib_a-memset.o)
                              /home/tung/st/stm32cubeide_1.2.0/plugins/com.st.stm32cube.ide.mcu.externaltools.gnu-tools-for-stm32.7-2018-q2-update.linux64_1.0.0.201904181610/tools/bin/../lib/gcc/arm-none-eabi/7.3.1/../../../../arm-none-eabi/lib/thumb/v7e-m/fpv4-sp/hard/crt0.o (memset)
/home/tung/st/stm32cubeide_1.2.0/plugins/com.st.stm32cube.ide.mcu.externaltools.gnu-tools-for-stm32.7-2018-q2-update.linux64_1.0.0.201904181610/tools/bin/../lib/gcc/arm-none-eabi/7.3.1/../../../../arm-none-eabi/lib/thumb/v7e-m/fpv4-sp/hard/libc_nano.a(lib_a-nano-freer.o)
                              /home/tung/st/stm32cubeide_1.2.0/plugins/com.st.stm32cube.ide.mcu.externaltools.gnu-tools-for-stm32.7-2018-q2-update.linux64_1.0.0.201904181610/tools/bin/../lib/gcc/arm-none-eabi/7.3.1/../../../../arm-none-eabi/lib/thumb/v7e-m/fpv4-sp/hard/libc_nano.a(lib_a-malloc.o) (_free_r)
/home/tung/st/stm32cubeide_1.2.0/plugins/com.st.stm32cube.ide.mcu.externaltools.gnu-tools-for-stm32.7-2018-q2-update.linux64_1.0.0.201904181610/tools/bin/../lib/gcc/arm-none-eabi/7.3.1/../../../../arm-none-eabi/lib/thumb/v7e-m/fpv4-sp/hard/libc_nano.a(lib_a-nano-mallocr.o)
                              /home/tung/st/stm32cubeide_1.2.0/plugins/com.st.stm32cube.ide.mcu.externaltools.gnu-tools-for-stm32.7-2018-q2-update.linux64_1.0.0.201904181610/tools/bin/../lib/gcc/arm-none-eabi/7.3.1/../../../../arm-none-eabi/lib/thumb/v7e-m/fpv4-sp/hard/libc_nano.a(lib_a-malloc.o) (_malloc_r)
/home/tung/st/stm32cubeide_1.2.0/plugins/com.st.stm32cube.ide.mcu.externaltools.gnu-tools-for-stm32.7-2018-q2-update.linux64_1.0.0.201904181610/tools/bin/../lib/gcc/arm-none-eabi/7.3.1/../../../../arm-none-eabi/lib/thumb/v7e-m/fpv4-sp/hard/libc_nano.a(lib_a-sbrkr.o)
[...]
Memory Configuration

Name             Origin             Length             Attributes
CCMRAM           0x0000000010000000 0x0000000000010000 xrw
RAM              0x0000000020000000 0x0000000000020000 xrw
FLASH            0x0000000008000000 0x0000000000100000 xr
*default*        0x0000000000000000 0xffffffffffffffff

Linker script and memory map

LOAD /home/tung/st/stm32cubeide_1.2.0/plugins/com.st.stm32cube.ide.mcu.externaltools.gnu-tools-for-stm32.7-2018-q2-update.linux64_1.0.0.201904181610/tools/bin/../lib/gcc/arm-none-eabi/7.3.1/thumb/v7e-m/fpv4-sp/hard/crti.o
LOAD /home/tung/st/stm32cubeide_1.2.0/plugins/com.st.stm32cube.ide.mcu.externaltools.gnu-tools-for-stm32.7-2018-q2-update.linux64_1.0.0.201904181610/tools/bin/../lib/gcc/arm-none-eabi/7.3.1/thumb/v7e-m/fpv4-sp/hard/crtbegin.o
LOAD /home/tung/st/stm32cubeide_1.2.0/plugins/com.st.stm32cube.ide.mcu.externaltools.gnu-tools-for-stm32.7-2018-q2-update.linux64_1.0.0.201904181610/tools/bin/../lib/gcc/arm-none-eabi/7.3.1/../../../../arm-none-eabi/lib/thumb/v7e-m/fpv4-sp/hard/crt0.o
LOAD Core/Src/EKF.o
LOAD Core/Src/IIR.o
LOAD Core/Src/IMU_EKF.o
LOAD Core/Src/MadgwickAHRS.o
LOAD Core/Src/PID.o
LOAD Core/Src/bmp180.o
LOAD Core/Src/main.o
LOAD Core/Src/matrix.o
LOAD Core/Src/mpu9250.o
LOAD Core/Src/nrf24.o
LOAD Core/Src/nrf24_hal.o
LOAD Core/Src/sbus.o
LOAD Core/Src/stm32f4xx_hal_msp.o
LOAD Core/Src/stm32f4xx_it.o
LOAD Core/Src/syscalls.o
LOAD Core/Src/sysmem.o
LOAD Core/Src/system_stm32f4xx.o
LOAD Core/Startup/startup_stm32f405rgtx.o
LOAD Drivers/STM32F4xx_HAL_Driver/Src/stm32f4xx_hal.o
LOAD Drivers/STM32F4xx_HAL_Driver/Src/stm32f4xx_hal_cortex.o
LOAD Drivers/STM32F4xx_HAL_Driver/Src/stm32f4xx_hal_crc.o
LOAD Drivers/STM32F4xx_HAL_Driver/Src/stm32f4xx_hal_dma.o
LOAD Drivers/STM32F4xx_HAL_Driver/Src/stm32f4xx_hal_dma_ex.o
LOAD Drivers/STM32F4xx_HAL_Driver/Src/stm32f4xx_hal_exti.o
LOAD Drivers/STM32F4xx_HAL_Driver/Src/stm32f4xx_hal_flash.o
LOAD Drivers/STM32F4xx_HAL_Driver/Src/stm32f4xx_hal_flash_ex.o
LOAD Drivers/STM32F4xx_HAL_Driver/Src/stm32f4xx_hal_flash_ramfunc.o
LOAD Drivers/STM32F4xx_HAL_Driver/Src/stm32f4xx_hal_gpio.o
LOAD Drivers/STM32F4xx_HAL_Driver/Src/stm32f4xx_hal_i2c.o
LOAD Drivers/STM32F4xx_HAL_Driver/Src/stm32f4xx_hal_i2c_ex.o
LOAD Drivers/STM32F4xx_HAL_Driver/Src/stm32f4xx_hal_pwr.o
LOAD Drivers/STM32F4xx_HAL_Driver/Src/stm32f4xx_hal_pwr_ex.o
LOAD Drivers/STM32F4xx_HAL_Driver/Src/stm32f4xx_hal_rcc.o
LOAD Drivers/STM32F4xx_HAL_Driver/Src/stm32f4xx_hal_rcc_ex.o
LOAD Drivers/STM32F4xx_HAL_Driver/Src/stm32f4xx_hal_spi.o
LOAD Drivers/STM32F4xx_HAL_Driver/Src/stm32f4xx_hal_tim.o
LOAD Drivers/STM32F4xx_HAL_Driver/Src/stm32f4xx_hal_tim_ex.o
LOAD Drivers/STM32F4xx_HAL_Driver/Src/stm32f4xx_hal_uart.o
START GROUP
LOAD /home/tung/st/stm32cubeide_1.2.0/plugins/com.st.stm32cube.ide.mcu.externaltools.gnu-tools-for-stm32.7-2018-q2-update.linux64_1.0.0.201904181610/tools/bin/../lib/gcc/arm-none-eabi/7.3.1/../../../../arm-none-eabi/lib/thumb/v7e-m/fpv4-sp/hard/libc_nano.a
LOAD /home/tung/st/stm32cubeide_1.2.0/plugins/com.st.stm32cube.ide.mcu.externaltools.gnu-tools-for-stm32.7-2018-q2-update.linux64_1.0.0.201904181610/tools/bin/../lib/gcc/arm-none-eabi/7.3.1/../../../../arm-none-eabi/lib/thumb/v7e-m/fpv4-sp/hard/libm.a
END GROUP
START GROUP
LOAD /home/tung/st/stm32cubeide_1.2.0/plugins/com.st.stm32cube.ide.mcu.externaltools.gnu-tools-for-stm32.7-2018-q2-update.linux64_1.0.0.201904181610/tools/bin/../lib/gcc/arm-none-eabi/7.3.1/thumb/v7e-m/fpv4-sp/hard/libgcc.a
LOAD /home/tung/st/stm32cubeide_1.2.0/plugins/com.st.stm32cube.ide.mcu.externaltools.gnu-tools-for-stm32.7-2018-q2-update.linux64_1.0.0.201904181610/tools/bin/../lib/gcc/arm-none-eabi/7.3.1/../../../../arm-none-eabi/lib/thumb/v7e-m/fpv4-sp/hard/libc_nano.a
END GROUP
START GROUP
LOAD /home/tung/st/stm32cubeide_1.2.0/plugins/com.st.stm32cube.ide.mcu.externaltools.gnu-tools-for-stm32.7-2018-q2-update.linux64_1.0.0.201904181610/tools/bin/../lib/gcc/arm-none-eabi/7.3.1/thumb/v7e-m/fpv4-sp/hard/libgcc.a
LOAD /home/tung/st/stm32cubeide_1.2.0/plugins/com.st.stm32cube.ide.mcu.externaltools.gnu-tools-for-stm32.7-2018-q2-update.linux64_1.0.0.201904181610/tools/bin/../lib/gcc/arm-none-eabi/7.3.1/../../../../arm-none-eabi/lib/thumb/v7e-m/fpv4-sp/hard/libc_nano.a
LOAD /home/tung/st/stm32cubeide_1.2.0/plugins/com.st.stm32cube.ide.mcu.externaltools.gnu-tools-for-stm32.7-2018-q2-update.linux64_1.0.0.201904181610/tools/bin/../lib/gcc/arm-none-eabi/7.3.1/../../../../arm-none-eabi/lib/thumb/v7e-m/fpv4-sp/hard/libnosys.a
END GROUP
START GROUP
LOAD /home/tung/st/stm32cubeide_1.2.0/plugins/com.st.stm32cube.ide.mcu.externaltools.gnu-tools-for-stm32.7-2018-q2-update.linux64_1.0.0.201904181610/tools/bin/../lib/gcc/arm-none-eabi/7.3.1/thumb/v7e-m/fpv4-sp/hard/libgcc.a
LOAD /home/tung/st/stm32cubeide_1.2.0/plugins/com.st.stm32cube.ide.mcu.externaltools.gnu-tools-for-stm32.7-2018-q2-update.linux64_1.0.0.201904181610/tools/bin/../lib/gcc/arm-none-eabi/7.3.1/../../../../arm-none-eabi/lib/thumb/v7e-m/fpv4-sp/hard/libc_nano.a
LOAD /home/tung/st/stm32cubeide_1.2.0/plugins/com.st.stm32cube.ide.mcu.externaltools.gnu-tools-for-stm32.7-2018-q2-update.linux64_1.0.0.201904181610/tools/bin/../lib/gcc/arm-none-eabi/7.3.1/../../../../arm-none-eabi/lib/thumb/v7e-m/fpv4-sp/hard/libnosys.a
END GROUP
LOAD /home/tung/st/stm32cubeide_1.2.0/plugins/com.st.stm32cube.ide.mcu.externaltools.gnu-tools-for-stm32.7-2018-q2-update.linux64_1.0.0.201904181610/tools/bin/../lib/gcc/arm-none-eabi/7.3.1/thumb/v7e-m/fpv4-sp/hard/crtend.o
LOAD /home/tung/st/stm32cubeide_1.2.0/plugins/com.st.stm32cube.ide.mcu.externaltools.gnu-tools-for-stm32.7-2018-q2-update.linux64_1.0.0.201904181610/tools/bin/../lib/gcc/arm-none-eabi/7.3.1/thumb/v7e-m/fpv4-sp/hard/crtn.o
                0x0000000020020000                _estack = (ORIGIN (RAM) + LENGTH (RAM))
                0x0000000000000200                _Min_Heap_Size = 0x200
                0x0000000000000400                _Min_Stack_Size = 0x400

.isr_vector     0x0000000008000000      0x188
                0x0000000008000000                . = ALIGN (0x4)
 *(.isr_vector)
 .isr_vector    0x0000000008000000      0x188 Core/Startup/startup_stm32f405rgtx.o
                0x0000000008000000                g_pfnVectors
                0x0000000008000188                . = ALIGN (0x4)

.text           0x0000000008000188     0x8d48
                0x0000000008000188                . = ALIGN (0x4)
 *(.text)
 .text          0x0000000008000188       0x40 /home/tung/st/stm32cubeide_1.2.0/plugins/com.st.stm32cube.ide.mcu.externaltools.gnu-tools-for-stm32.7-2018-q2-update.linux64_1.0.0.201904181610/tools/bin/../lib/gcc/arm-none-eabi/7.3.1/thumb/v7e-m/fpv4-sp/hard/crtbegin.o
 .text          0x00000000080001c8       0x10 /home/tung/st/stm32cubeide_1.2.0/plugins/com.st.stm32cube.ide.mcu.externaltools.gnu-tools-for-stm32.7-2018-q2-update.linux64_1.0.0.201904181610/tools/bin/../lib/gcc/arm-none-eabi/7.3.1/../../../../arm-none-eabi/lib/thumb/v7e-m/fpv4-sp/hard/libc_nano.a(lib_a-strlen.o)
                0x00000000080001c8                strlen
 .text          0x00000000080001d8      0x378 /home/tung/st/stm32cubeide_1.2.0/plugins/com.st.stm32cube.ide.mcu.externaltools.gnu-tools-for-stm32.7-2018-q2-update.linux64_1.0.0.201904181610/tools/bin/../lib/gcc/arm-none-eabi/7.3.1/thumb/v7e-m/fpv4-sp/hard/libgcc.a(_arm_addsubdf3.o)
                0x00000000080001d8                __aeabi_drsub
                0x00000000080001e0                __aeabi_dsub
                0x00000000080001e0                __subdf3
                0x00000000080001e4                __adddf3
                0x00000000080001e4                __aeabi_dadd
                0x000000000800045c                __aeabi_ui2d
                0x000000000800045c                __floatunsidf
                0x000000000800047c                __floatsidf
                0x000000000800047c                __aeabi_i2d
                0x00000000080004a0                __extendsfdf2
                0x00000000080004a0                __aeabi_f2d
                0x00000000080004e4                __aeabi_ul2d
                0x00000000080004e4                __floatundidf
                0x00000000080004f4                __floatdidf
                0x00000000080004f4                __aeabi_l2d
 .text          0x0000000008000550      0x424 /home/tung/st/stm32cubeide_1.2.0/plugins/com.st.stm32cube.ide.mcu.externaltools.gnu-tools-for-stm32.7-2018-q2-update.linux64_1.0.0.201904181610/tools/bin/../lib/gcc/arm-none-eabi/7.3.1/thumb/v7e-m/fpv4-sp/hard/libgcc.a(_arm_muldivdf3.o)
                0x0000000008000550                __aeabi_dmul
                0x0000000008000550                __muldf3
                0x00000000080007a4                __aeabi_ddiv
                0x00000000080007a4                __divdf3
 .text          0x0000000008000974      0x110 /home/tung/st/stm32cubeide_1.2.0/plugins/com.st.stm32cube.ide.mcu.externaltools.gnu-tools-for-stm32.7-2018-q2-update.linux64_1.0.0.201904181610/tools/bin/../lib/gcc/arm-none-eabi/7.3.1/thumb/v7e-m/fpv4-sp/hard/libgcc.a(_arm_cmpdf2.o)
                0x0000000008000974                __gtdf2
                0x0000000008000974                __gedf2
                0x000000000800097c                __ltdf2
                0x000000000800097c                __ledf2
                0x0000000008000984                __cmpdf2
                0x0000000008000984                __eqdf2
                0x0000000008000984                __nedf2
                0x0000000008000a00                __aeabi_cdrcmple
                0x0000000008000a10                __aeabi_cdcmple
                0x0000000008000a10                __aeabi_cdcmpeq
                0x0000000008000a20                __aeabi_dcmpeq
                0x0000000008000a34                __aeabi_dcmplt
                0x0000000008000a48                __aeabi_dcmple
                0x0000000008000a5c                __aeabi_dcmpge
                0x0000000008000a70                __aeabi_dcmpgt
 .text          0x0000000008000a84       0x2c /home/tung/st/stm32cubeide_1.2.0/plugins/com.st.stm32cube.ide.mcu.externaltools.gnu-tools-for-stm32.7-2018-q2-update.linux64_1.0.0.201904181610/tools/bin/../lib/gcc/arm-none-eabi/7.3.1/thumb/v7e-m/fpv4-sp/hard/libgcc.a(_arm_unorddf2.o)
                0x0000000008000a84                __aeabi_dcmpun
                0x0000000008000a84                __unorddf2
 .text          0x0000000008000ab0       0x50 /home/tung/st/stm32cubeide_1.2.0/plugins/com.st.stm32cube.ide.mcu.externaltools.gnu-tools-for-stm32.7-2018-q2-update.linux64_1.0.0.201904181610/tools/bin/../lib/gcc/arm-none-eabi/7.3.1/thumb/v7e-m/fpv4-sp/hard/libgcc.a(_arm_fixdfsi.o)
                0x0000000008000ab0                __fixdfsi
                0x0000000008000ab0                __aeabi_d2iz
 .text          0x0000000008000b00       0x40 /home/tung/st/stm32cubeide_1.2.0/plugins/com.st.stm32cube.ide.mcu.externaltools.gnu-tools-for-stm32.7-2018-q2-update.linux64_1.0.0.201904181610/tools/bin/../lib/gcc/arm-none-eabi/7.3.1/thumb/v7e-m/fpv4-sp/hard/libgcc.a(_arm_fixunsdfsi.o)
                0x0000000008000b00                __fixunsdfsi
                0x0000000008000b00                __aeabi_d2uiz
 .text          0x0000000008000b40       0xa0 /home/tung/st/stm32cubeide_1.2.0/plugins/com.st.stm32cube.ide.mcu.externaltools.gnu-tools-for-stm32.7-2018-q2-update.linux64_1.0.0.201904181610/tools/bin/../lib/gcc/arm-none-eabi/7.3.1/thumb/v7e-m/fpv4-sp/hard/libgcc.a(_arm_truncdfsf2.o)
                0x0000000008000b40                __aeabi_d2f
                0x0000000008000b40                __truncdfsf2
 .text          0x0000000008000be0       0x30 /home/tung/st/stm32cubeide_1.2.0/plugins/com.st.stm32cube.ide.mcu.externaltools.gnu-tools-for-stm32.7-2018-q2-update.linux64_1.0.0.201904181610/tools/bin/../lib/gcc/arm-none-eabi/7.3.1/thumb/v7e-m/fpv4-sp/hard/libgcc.a(_aeabi_uldivmod.o)
                0x0000000008000be0                __aeabi_uldivmod
 .text          0x0000000008000c10      0x2cc /home/tung/st/stm32cubeide_1.2.0/plugins/com.st.stm32cube.ide.mcu.externaltools.gnu-tools-for-stm32.7-2018-q2-update.linux64_1.0.0.201904181610/tools/bin/../lib/gcc/arm-none-eabi/7.3.1/thumb/v7e-m/fpv4-sp/hard/libgcc.a(_udivmoddi4.o)
                0x0000000008000c10                __udivmoddi4
 .text          0x0000000008000edc        0x4 /home/tung/st/stm32cubeide_1.2.0/plugins/com.st.stm32cube.ide.mcu.externaltools.gnu-tools-for-stm32.7-2018-q2-update.linux64_1.0.0.201904181610/tools/bin/../lib/gcc/arm-none-eabi/7.3.1/thumb/v7e-m/fpv4-sp/hard/libgcc.a(_dvmd_tls.o)
                0x0000000008000edc                __aeabi_ldiv0
                0x0000000008000edc                __aeabi_idiv0
 *(.text*)
 .text.quaternion_rot
                0x0000000008000ee0      0x218 Core/Src/MadgwickAHRS.o
                0x0000000008000ee0                quaternion_rot
 .text.invSqrt  0x00000000080010f8       0x78 Core/Src/MadgwickAHRS.o
                0x00000000080010f8                invSqrt
 .text.init_ESC
                0x0000000008001170       0xa0 Core/Src/main.o
                0x0000000008001170                init_ESC
 .text.set_ESC  0x0000000008001210       0x4c Core/Src/main.o
                0x0000000008001210                set_ESC
 .text.main     0x000000000800125c       0xa0 Core/Src/main.o
                0x000000000800125c                main
 .text.SystemClock_Config
                0x00000000080012fc       0xd4 Core/Src/main.o
                0x00000000080012fc                SystemClock_Config
 .text.MX_CRC_Init
                0x00000000080013d0       0x28 Core/Src/main.o
 .text.MX_I2C1_Init
                0x00000000080013f8       0x5c Core/Src/main.o
 .text.MX_SPI1_Init
                0x0000000008001454       0x6c Core/Src/main.o
 .text.MX_TIM1_Init
                0x00000000080014c0      0x150 Core/Src/main.o
 .text.MX_TIM3_Init
                0x0000000008001610       0x9c Core/Src/main.o
 .text.MX_TIM4_Init
                0x00000000080016ac       0x9c Core/Src/main.o
 .text.MX_UART4_Init
                0x0000000008001748       0x58 Core/Src/main.o
 .text.MX_USART1_UART_Init
                0x00000000080017a0       0x54 Core/Src/main.o
 .text.MX_USART3_UART_Init
                0x00000000080017f4       0x54 Core/Src/main.o
 .text.MX_GPIO_Init
                0x0000000008001848      0x114 Core/Src/main.o
 .text.HAL_UART_RxCpltCallback
                0x000000000800195c      0x114 Core/Src/main.o
                0x000000000800195c                HAL_UART_RxCpltCallback
 .text.HAL_TIM_PeriodElapsedCallback
                0x0000000008001a70       0x24 Core/Src/main.o
                0x0000000008001a70                HAL_TIM_PeriodElapsedCallback
 .text.Error_Handler
                0x0000000008001a94        0xe Core/Src/main.o
                0x0000000008001a94                Error_Handler
 *fill*         0x0000000008001aa2        0x6 
 .text.ftoa     0x0000000008001aa8      0x270 Core/Src/mpu9250.o
                0x0000000008001aa8                ftoa
 .text.init_MPU
                0x0000000008001d18      0x428 Core/Src/mpu9250.o
                0x0000000008001d18                init_MPU
 .text.process_MPU
                0x0000000008002140     0x101c Core/Src/mpu9250.o
                0x0000000008002140                process_MPU
 *fill*         0x000000000800315c        0x4 
 .text.complementary_filter
                0x0000000008003160      0x1c0 Core/Src/mpu9250.o
                0x0000000008003160                complementary_filter
 .text.quat2euler
                0x0000000008003320      0x258 Core/Src/mpu9250.o
                0x0000000008003320                quat2euler
 .text.calibration_IMU
                0x0000000008003578      0x434 Core/Src/mpu9250.o
                0x0000000008003578                calibration_IMU
 .text.print_raw
                0x00000000080039ac      0x248 Core/Src/mpu9250.o
                0x00000000080039ac                print_raw
 .text.print_msg
                0x0000000008003bf4       0x2c Core/Src/mpu9250.o
                0x0000000008003bf4                print_msg
 .text.sbus_decode
                0x0000000008003c20       0xc4 Core/Src/sbus.o
                0x0000000008003c20                sbus_decode
 .text.HAL_MspInit
                0x0000000008003ce4       0x50 Core/Src/stm32f4xx_hal_msp.o
                0x0000000008003ce4                HAL_MspInit
 .text.HAL_CRC_MspInit
                0x0000000008003d34       0x44 Core/Src/stm32f4xx_hal_msp.o
                0x0000000008003d34                HAL_CRC_MspInit
 .text.HAL_I2C_MspInit
                0x0000000008003d78       0x90 Core/Src/stm32f4xx_hal_msp.o
                0x0000000008003d78                HAL_I2C_MspInit
 .text.HAL_SPI_MspInit
                0x0000000008003e08       0x90 Core/Src/stm32f4xx_hal_msp.o
                0x0000000008003e08                HAL_SPI_MspInit
 .text.HAL_TIM_PWM_MspInit
                0x0000000008003e98       0x44 Core/Src/stm32f4xx_hal_msp.o
                0x0000000008003e98                HAL_TIM_PWM_MspInit
 .text.HAL_TIM_Base_MspInit
                0x0000000008003edc       0x7c Core/Src/stm32f4xx_hal_msp.o
                0x0000000008003edc                HAL_TIM_Base_MspInit
 .text.HAL_TIM_MspPostInit
                0x0000000008003f58       0x74 Core/Src/stm32f4xx_hal_msp.o
                0x0000000008003f58                HAL_TIM_MspPostInit
 .text.HAL_UART_MspInit
                0x0000000008003fcc      0x194 Core/Src/stm32f4xx_hal_msp.o
                0x0000000008003fcc                HAL_UART_MspInit
 .text.NMI_Handler
                0x0000000008004160        0xe Core/Src/stm32f4xx_it.o
                0x0000000008004160                NMI_Handler
 .text.HardFault_Handler
                0x000000000800416e        0x6 Core/Src/stm32f4xx_it.o
                0x000000000800416e                HardFault_Handler
 .text.MemManage_Handler
                0x0000000008004174        0x6 Core/Src/stm32f4xx_it.o
                0x0000000008004174                MemManage_Handler
 .text.BusFault_Handler
                0x000000000800417a        0x6 Core/Src/stm32f4xx_it.o
                0x000000000800417a                BusFault_Handler
 .text.UsageFault_Handler
                0x0000000008004180        0x6 Core/Src/stm32f4xx_it.o
                0x0000000008004180                UsageFault_Handler
 .text.SVC_Handler
                0x0000000008004186        0xe Core/Src/stm32f4xx_it.o
                0x0000000008004186                SVC_Handler
 .text.DebugMon_Handler
                0x0000000008004194        0xe Core/Src/stm32f4xx_it.o
                0x0000000008004194                DebugMon_Handler
 .text.PendSV_Handler
                0x00000000080041a2        0xe Core/Src/stm32f4xx_it.o
                0x00000000080041a2                PendSV_Handler
 .text.SysTick_Handler
                0x00000000080041b0        0xc Core/Src/stm32f4xx_it.o
                0x00000000080041b0                SysTick_Handler
 .text.TIM3_IRQHandler
                0x00000000080041bc       0x14 Core/Src/stm32f4xx_it.o
                0x00000000080041bc                TIM3_IRQHandler
 .text.USART1_IRQHandler
                0x00000000080041d0       0x14 Core/Src/stm32f4xx_it.o
                0x00000000080041d0                USART1_IRQHandler
 .text.USART3_IRQHandler
                0x00000000080041e4       0x14 Core/Src/stm32f4xx_it.o
                0x00000000080041e4                USART3_IRQHandler
 .text.UART4_IRQHandler
                0x00000000080041f8       0x14 Core/Src/stm32f4xx_it.o
                0x00000000080041f8                UART4_IRQHandler
 .text.SystemInit
                0x000000000800420c       0x6c Core/Src/system_stm32f4xx.o
                0x000000000800420c                SystemInit
 .text.Reset_Handler
                0x0000000008004278       0x50 Core/Startup/startup_stm32f405rgtx.o
                0x0000000008004278                Reset_Handler
 .text.Default_Handler
                0x00000000080042c8        0x2 Core/Startup/startup_stm32f405rgtx.o
                0x00000000080042c8                RTC_Alarm_IRQHandler
                0x00000000080042c8                HASH_RNG_IRQHandler
                0x00000000080042c8                EXTI2_IRQHandler
                0x00000000080042c8                TIM8_CC_IRQHandler
                0x00000000080042c8                TIM1_CC_IRQHandler
                0x00000000080042c8                DMA2_Stream5_IRQHandler
                0x00000000080042c8                DMA1_Stream5_IRQHandler
                0x00000000080042c8                PVD_IRQHandler
                0x00000000080042c8                SDIO_IRQHandler
                0x00000000080042c8                TAMP_STAMP_IRQHandler
                0x00000000080042c8                CAN2_RX1_IRQHandler
                0x00000000080042c8                EXTI3_IRQHandler
                0x00000000080042c8                TIM8_TRG_COM_TIM14_IRQHandler
                0x00000000080042c8                TIM1_UP_TIM10_IRQHandler
                0x00000000080042c8                TIM8_UP_TIM13_IRQHandler
                0x00000000080042c8                I2C3_ER_IRQHandler
                0x00000000080042c8                EXTI0_IRQHandler
                0x00000000080042c8                I2C2_EV_IRQHandler
                0x00000000080042c8                DMA1_Stream2_IRQHandler
                0x00000000080042c8                CAN1_RX0_IRQHandler
                0x00000000080042c8                FPU_IRQHandler
                0x00000000080042c8                OTG_HS_WKUP_IRQHandler
                0x00000000080042c8                CAN2_SCE_IRQHandler
                0x00000000080042c8                DMA2_Stream2_IRQHandler
                0x00000000080042c8                SPI1_IRQHandler
                0x00000000080042c8                TIM6_DAC_IRQHandler
                0x00000000080042c8                TIM1_BRK_TIM9_IRQHandler
                0x00000000080042c8                CAN2_RX0_IRQHandler
                0x00000000080042c8                DMA2_Stream3_IRQHandler
                0x00000000080042c8                USART6_IRQHandler
                0x00000000080042c8                CAN1_RX1_IRQHandler
                0x00000000080042c8                UART5_IRQHandler
                0x00000000080042c8                DMA2_Stream0_IRQHandler
                0x00000000080042c8                TIM4_IRQHandler
                0x00000000080042c8                I2C1_EV_IRQHandler
                0x00000000080042c8                DMA1_Stream6_IRQHandler
                0x00000000080042c8                DMA1_Stream1_IRQHandler
                0x00000000080042c8                RCC_IRQHandler
                0x00000000080042c8                TIM8_BRK_TIM12_IRQHandler
                0x00000000080042c8                Default_Handler
                0x00000000080042c8                EXTI15_10_IRQHandler
                0x00000000080042c8                ADC_IRQHandler
                0x00000000080042c8                DMA1_Stream7_IRQHandler
                0x00000000080042c8                TIM7_IRQHandler
                0x00000000080042c8                CAN2_TX_IRQHandler
                0x00000000080042c8                TIM5_IRQHandler
                0x00000000080042c8                DMA2_Stream7_IRQHandler
                0x00000000080042c8                I2C3_EV_IRQHandler
                0x00000000080042c8                EXTI9_5_IRQHandler
                0x00000000080042c8                RTC_WKUP_IRQHandler
                0x00000000080042c8                SPI2_IRQHandler
                0x00000000080042c8                OTG_HS_EP1_IN_IRQHandler
                0x00000000080042c8                DMA1_Stream0_IRQHandler
                0x00000000080042c8                CAN1_TX_IRQHandler
                0x00000000080042c8                EXTI4_IRQHandler
                0x00000000080042c8                FSMC_IRQHandler
                0x00000000080042c8                OTG_HS_EP1_OUT_IRQHandler
                0x00000000080042c8                WWDG_IRQHandler
                0x00000000080042c8                TIM2_IRQHandler
                0x00000000080042c8                OTG_FS_WKUP_IRQHandler
                0x00000000080042c8                TIM1_TRG_COM_TIM11_IRQHandler
                0x00000000080042c8                OTG_HS_IRQHandler
                0x00000000080042c8                EXTI1_IRQHandler
                0x00000000080042c8                USART2_IRQHandler
                0x00000000080042c8                I2C2_ER_IRQHandler
                0x00000000080042c8                DMA2_Stream1_IRQHandler
                0x00000000080042c8                CAN1_SCE_IRQHandler
                0x00000000080042c8                FLASH_IRQHandler
                0x00000000080042c8                DMA2_Stream4_IRQHandler
                0x00000000080042c8                OTG_FS_IRQHandler
                0x00000000080042c8                SPI3_IRQHandler
                0x00000000080042c8                DMA1_Stream4_IRQHandler
                0x00000000080042c8                I2C1_ER_IRQHandler
                0x00000000080042c8                DMA2_Stream6_IRQHandler
                0x00000000080042c8                DMA1_Stream3_IRQHandler
 *fill*         0x00000000080042ca        0x2 
 .text.HAL_Init
                0x00000000080042cc       0x44 Drivers/STM32F4xx_HAL_Driver/Src/stm32f4xx_hal.o
                0x00000000080042cc                HAL_Init
 .text.HAL_InitTick
                0x0000000008004310       0x60 Drivers/STM32F4xx_HAL_Driver/Src/stm32f4xx_hal.o
                0x0000000008004310                HAL_InitTick
 .text.HAL_IncTick
                0x0000000008004370       0x28 Drivers/STM32F4xx_HAL_Driver/Src/stm32f4xx_hal.o
                0x0000000008004370                HAL_IncTick
 .text.HAL_GetTick
                0x0000000008004398       0x18 Drivers/STM32F4xx_HAL_Driver/Src/stm32f4xx_hal.o
                0x0000000008004398                HAL_GetTick
 .text.HAL_Delay
                0x00000000080043b0       0x44 Drivers/STM32F4xx_HAL_Driver/Src/stm32f4xx_hal.o
                0x00000000080043b0                HAL_Delay
 .text.__NVIC_SetPriorityGrouping
                0x00000000080043f4       0x48 Drivers/STM32F4xx_HAL_Driver/Src/stm32f4xx_hal_cortex.o
 .text.__NVIC_GetPriorityGrouping
                0x000000000800443c       0x1c Drivers/STM32F4xx_HAL_Driver/Src/stm32f4xx_hal_cortex.o
 .text.__NVIC_EnableIRQ
                0x0000000008004458       0x3c Drivers/STM32F4xx_HAL_Driver/Src/stm32f4xx_hal_cortex.o
 .text.__NVIC_SetPriority
                0x0000000008004494       0x54 Drivers/STM32F4xx_HAL_Driver/Src/stm32f4xx_hal_cortex.o
 .text.NVIC_EncodePriority
                0x00000000080044e8       0x66 Drivers/STM32F4xx_HAL_Driver/Src/stm32f4xx_hal_cortex.o
 *fill*         0x000000000800454e        0x2 
 .text.SysTick_Config
                0x0000000008004550       0x44 Drivers/STM32F4xx_HAL_Driver/Src/stm32f4xx_hal_cortex.o
 .text.HAL_NVIC_SetPriorityGrouping
                0x0000000008004594       0x16 Drivers/STM32F4xx_HAL_Driver/Src/stm32f4xx_hal_cortex.o
                0x0000000008004594                HAL_NVIC_SetPriorityGrouping
 .text.HAL_NVIC_SetPriority
                0x00000000080045aa       0x38 Drivers/STM32F4xx_HAL_Driver/Src/stm32f4xx_hal_cortex.o
                0x00000000080045aa                HAL_NVIC_SetPriority
 .text.HAL_NVIC_EnableIRQ
                0x00000000080045e2       0x1c Drivers/STM32F4xx_HAL_Driver/Src/stm32f4xx_hal_cortex.o
                0x00000000080045e2                HAL_NVIC_EnableIRQ
 .text.HAL_SYSTICK_Config
                0x00000000080045fe       0x18 Drivers/STM32F4xx_HAL_Driver/Src/stm32f4xx_hal_cortex.o
                0x00000000080045fe                HAL_SYSTICK_Config
 .text.HAL_CRC_Init
                0x0000000008004616       0x38 Drivers/STM32F4xx_HAL_Driver/Src/stm32f4xx_hal_crc.o
                0x0000000008004616                HAL_CRC_Init
 .text.HAL_DMA_Abort_IT
                0x000000000800464e       0x44 Drivers/STM32F4xx_HAL_Driver/Src/stm32f4xx_hal_dma.o
                0x000000000800464e                HAL_DMA_Abort_IT
 *fill*         0x0000000008004692        0x2 
 .text.HAL_GPIO_Init
                0x0000000008004694      0x334 Drivers/STM32F4xx_HAL_Driver/Src/stm32f4xx_hal_gpio.o
                0x0000000008004694                HAL_GPIO_Init
 .text.HAL_GPIO_WritePin
                0x00000000080049c8       0x32 Drivers/STM32F4xx_HAL_Driver/Src/stm32f4xx_hal_gpio.o
                0x00000000080049c8                HAL_GPIO_WritePin
 .text.HAL_GPIO_TogglePin
                0x00000000080049fa       0x36 Drivers/STM32F4xx_HAL_Driver/Src/stm32f4xx_hal_gpio.o
                0x00000000080049fa                HAL_GPIO_TogglePin
 .text.HAL_I2C_Init
                0x0000000008004a30      0x270 Drivers/STM32F4xx_HAL_Driver/Src/stm32f4xx_hal_i2c.o
                0x0000000008004a30                HAL_I2C_Init
 .text.HAL_I2C_Master_Transmit
                0x0000000008004ca0      0x1fc Drivers/STM32F4xx_HAL_Driver/Src/stm32f4xx_hal_i2c.o
                0x0000000008004ca0                HAL_I2C_Master_Transmit
 .text.HAL_I2C_Master_Receive
                0x0000000008004e9c      0x44c Drivers/STM32F4xx_HAL_Driver/Src/stm32f4xx_hal_i2c.o
                0x0000000008004e9c                HAL_I2C_Master_Receive
 .text.HAL_I2C_IsDeviceReady
                0x00000000080052e8      0x25c Drivers/STM32F4xx_HAL_Driver/Src/stm32f4xx_hal_i2c.o
                0x00000000080052e8                HAL_I2C_IsDeviceReady
 .text.I2C_MasterRequestWrite
                0x0000000008005544      0x104 Drivers/STM32F4xx_HAL_Driver/Src/stm32f4xx_hal_i2c.o
 .text.I2C_MasterRequestRead
                0x0000000008005648      0x198 Drivers/STM32F4xx_HAL_Driver/Src/stm32f4xx_hal_i2c.o
 .text.I2C_WaitOnFlagUntilTimeout
                0x00000000080057e0       0xae Drivers/STM32F4xx_HAL_Driver/Src/stm32f4xx_hal_i2c.o
 .text.I2C_WaitOnMasterAddressFlagUntilTimeout
                0x000000000800588e       0xfe Drivers/STM32F4xx_HAL_Driver/Src/stm32f4xx_hal_i2c.o
 .text.I2C_WaitOnTXEFlagUntilTimeout
                0x000000000800598c       0x82 Drivers/STM32F4xx_HAL_Driver/Src/stm32f4xx_hal_i2c.o
 .text.I2C_WaitOnBTFFlagUntilTimeout
                0x0000000008005a0e       0x82 Drivers/STM32F4xx_HAL_Driver/Src/stm32f4xx_hal_i2c.o
 .text.I2C_WaitOnRXNEFlagUntilTimeout
                0x0000000008005a90       0xac Drivers/STM32F4xx_HAL_Driver/Src/stm32f4xx_hal_i2c.o
 .text.I2C_IsAcknowledgeFailed
                0x0000000008005b3c       0x5e Drivers/STM32F4xx_HAL_Driver/Src/stm32f4xx_hal_i2c.o
 *fill*         0x0000000008005b9a        0x2 
 .text.HAL_RCC_OscConfig
                0x0000000008005b9c      0x4e0 Drivers/STM32F4xx_HAL_Driver/Src/stm32f4xx_hal_rcc.o
                0x0000000008005b9c                HAL_RCC_OscConfig
 .text.HAL_RCC_ClockConfig
                0x000000000800607c      0x1cc Drivers/STM32F4xx_HAL_Driver/Src/stm32f4xx_hal_rcc.o
                0x000000000800607c                HAL_RCC_ClockConfig
 .text.HAL_RCC_GetSysClockFreq
                0x0000000008006248      0x164 Drivers/STM32F4xx_HAL_Driver/Src/stm32f4xx_hal_rcc.o
                0x0000000008006248                HAL_RCC_GetSysClockFreq
 .text.HAL_RCC_GetHCLKFreq
                0x00000000080063ac       0x18 Drivers/STM32F4xx_HAL_Driver/Src/stm32f4xx_hal_rcc.o
                0x00000000080063ac                HAL_RCC_GetHCLKFreq
 .text.HAL_RCC_GetPCLK1Freq
                0x00000000080063c4       0x28 Drivers/STM32F4xx_HAL_Driver/Src/stm32f4xx_hal_rcc.o
                0x00000000080063c4                HAL_RCC_GetPCLK1Freq
 .text.HAL_RCC_GetPCLK2Freq
                0x00000000080063ec       0x28 Drivers/STM32F4xx_HAL_Driver/Src/stm32f4xx_hal_rcc.o
                0x00000000080063ec                HAL_RCC_GetPCLK2Freq
 .text.HAL_SPI_Init
                0x0000000008006414       0xc8 Drivers/STM32F4xx_HAL_Driver/Src/stm32f4xx_hal_spi.o
                0x0000000008006414                HAL_SPI_Init
 .text.HAL_TIM_Base_Init
                0x00000000080064dc       0x56 Drivers/STM32F4xx_HAL_Driver/Src/stm32f4xx_hal_tim.o
                0x00000000080064dc                HAL_TIM_Base_Init
 .text.HAL_TIM_Base_Start
                0x0000000008006532       0x48 Drivers/STM32F4xx_HAL_Driver/Src/stm32f4xx_hal_tim.o
                0x0000000008006532                HAL_TIM_Base_Start
 .text.HAL_TIM_Base_Start_IT
                0x000000000800657a       0x48 Drivers/STM32F4xx_HAL_Driver/Src/stm32f4xx_hal_tim.o
                0x000000000800657a                HAL_TIM_Base_Start_IT
 .text.HAL_TIM_PWM_Init
                0x00000000080065c2       0x56 Drivers/STM32F4xx_HAL_Driver/Src/stm32f4xx_hal_tim.o
                0x00000000080065c2                HAL_TIM_PWM_Init
 .text.HAL_TIM_PWM_Start
                0x0000000008006618       0x7c Drivers/STM32F4xx_HAL_Driver/Src/stm32f4xx_hal_tim.o
                0x0000000008006618                HAL_TIM_PWM_Start
 .text.HAL_TIM_IRQHandler
                0x0000000008006694      0x210 Drivers/STM32F4xx_HAL_Driver/Src/stm32f4xx_hal_tim.o
                0x0000000008006694                HAL_TIM_IRQHandler
 .text.HAL_TIM_PWM_ConfigChannel
                0x00000000080068a4      0x18c Drivers/STM32F4xx_HAL_Driver/Src/stm32f4xx_hal_tim.o
                0x00000000080068a4                HAL_TIM_PWM_ConfigChannel
 .text.HAL_TIM_ConfigClockSource
                0x0000000008006a30      0x16e Drivers/STM32F4xx_HAL_Driver/Src/stm32f4xx_hal_tim.o
                0x0000000008006a30                HAL_TIM_ConfigClockSource
 .text.HAL_TIM_OC_DelayElapsedCallback
                0x0000000008006b9e       0x14 Drivers/STM32F4xx_HAL_Driver/Src/stm32f4xx_hal_tim.o
                0x0000000008006b9e                HAL_TIM_OC_DelayElapsedCallback
 .text.HAL_TIM_IC_CaptureCallback
                0x0000000008006bb2       0x14 Drivers/STM32F4xx_HAL_Driver/Src/stm32f4xx_hal_tim.o
                0x0000000008006bb2                HAL_TIM_IC_CaptureCallback
 .text.HAL_TIM_PWM_PulseFinishedCallback
                0x0000000008006bc6       0x14 Drivers/STM32F4xx_HAL_Driver/Src/stm32f4xx_hal_tim.o
                0x0000000008006bc6                HAL_TIM_PWM_PulseFinishedCallback
 .text.HAL_TIM_TriggerCallback
                0x0000000008006bda       0x14 Drivers/STM32F4xx_HAL_Driver/Src/stm32f4xx_hal_tim.o
                0x0000000008006bda                HAL_TIM_TriggerCallback
 *fill*         0x0000000008006bee        0x2 
 .text.TIM_Base_SetConfig
                0x0000000008006bf0      0x140 Drivers/STM32F4xx_HAL_Driver/Src/stm32f4xx_hal_tim.o
                0x0000000008006bf0                TIM_Base_SetConfig
 .text.TIM_OC1_SetConfig
                0x0000000008006d30       0xe0 Drivers/STM32F4xx_HAL_Driver/Src/stm32f4xx_hal_tim.o
 .text.TIM_OC2_SetConfig
                0x0000000008006e10       0xec Drivers/STM32F4xx_HAL_Driver/Src/stm32f4xx_hal_tim.o
                0x0000000008006e10                TIM_OC2_SetConfig
 .text.TIM_OC3_SetConfig
                0x0000000008006efc       0xe8 Drivers/STM32F4xx_HAL_Driver/Src/stm32f4xx_hal_tim.o
 .text.TIM_OC4_SetConfig
                0x0000000008006fe4       0xac Drivers/STM32F4xx_HAL_Driver/Src/stm32f4xx_hal_tim.o
 .text.TIM_TI1_ConfigInputStage
                0x0000000008007090       0x5e Drivers/STM32F4xx_HAL_Driver/Src/stm32f4xx_hal_tim.o
 .text.TIM_TI2_ConfigInputStage
                0x00000000080070ee       0x60 Drivers/STM32F4xx_HAL_Driver/Src/stm32f4xx_hal_tim.o
 .text.TIM_ITRx_SetConfig
                0x000000000800714e       0x36 Drivers/STM32F4xx_HAL_Driver/Src/stm32f4xx_hal_tim.o
 .text.TIM_ETR_SetConfig
                0x0000000008007184       0x40 Drivers/STM32F4xx_HAL_Driver/Src/stm32f4xx_hal_tim.o
                0x0000000008007184                TIM_ETR_SetConfig
 .text.TIM_CCxChannelCmd
                0x00000000080071c4       0x4a Drivers/STM32F4xx_HAL_Driver/Src/stm32f4xx_hal_tim.o
                0x00000000080071c4                TIM_CCxChannelCmd
 *fill*         0x000000000800720e        0x2 
 .text.HAL_TIMEx_MasterConfigSynchronization
                0x0000000008007210       0xf8 Drivers/STM32F4xx_HAL_Driver/Src/stm32f4xx_hal_tim_ex.o
                0x0000000008007210                HAL_TIMEx_MasterConfigSynchronization
 .text.HAL_TIMEx_ConfigBreakDeadTime
                0x0000000008007308       0xa4 Drivers/STM32F4xx_HAL_Driver/Src/stm32f4xx_hal_tim_ex.o
                0x0000000008007308                HAL_TIMEx_ConfigBreakDeadTime
 .text.HAL_TIMEx_CommutCallback
                0x00000000080073ac       0x14 Drivers/STM32F4xx_HAL_Driver/Src/stm32f4xx_hal_tim_ex.o
                0x00000000080073ac                HAL_TIMEx_CommutCallback
 .text.HAL_TIMEx_BreakCallback
                0x00000000080073c0       0x14 Drivers/STM32F4xx_HAL_Driver/Src/stm32f4xx_hal_tim_ex.o
                0x00000000080073c0                HAL_TIMEx_BreakCallback
 .text.HAL_UART_Init
                0x00000000080073d4       0x9a Drivers/STM32F4xx_HAL_Driver/Src/stm32f4xx_hal_uart.o
                0x00000000080073d4                HAL_UART_Init
 .text.HAL_UART_Transmit
                0x000000000800746e      0x132 Drivers/STM32F4xx_HAL_Driver/Src/stm32f4xx_hal_uart.o
                0x000000000800746e                HAL_UART_Transmit
 .text.HAL_UART_Receive_IT
                0x00000000080075a0       0xaa Drivers/STM32F4xx_HAL_Driver/Src/stm32f4xx_hal_uart.o
                0x00000000080075a0                HAL_UART_Receive_IT
 *fill*         0x000000000800764a        0x2 
 .text.HAL_UART_IRQHandler
                0x000000000800764c      0x200 Drivers/STM32F4xx_HAL_Driver/Src/stm32f4xx_hal_uart.o
                0x000000000800764c                HAL_UART_IRQHandler
 .text.HAL_UART_TxCpltCallback
                0x000000000800784c       0x14 Drivers/STM32F4xx_HAL_Driver/Src/stm32f4xx_hal_uart.o
                0x000000000800784c                HAL_UART_TxCpltCallback
 .text.HAL_UART_ErrorCallback
                0x0000000008007860       0x14 Drivers/STM32F4xx_HAL_Driver/Src/stm32f4xx_hal_uart.o
                0x0000000008007860                HAL_UART_ErrorCallback
 .text.UART_WaitOnFlagUntilTimeout
                0x0000000008007874       0x94 Drivers/STM32F4xx_HAL_Driver/Src/stm32f4xx_hal_uart.o
 .text.UART_EndRxTransfer
                0x0000000008007908       0x3c Drivers/STM32F4xx_HAL_Driver/Src/stm32f4xx_hal_uart.o
 .text.UART_DMAAbortOnError
                0x0000000008007944       0x28 Drivers/STM32F4xx_HAL_Driver/Src/stm32f4xx_hal_uart.o
 .text.UART_Transmit_IT
                0x000000000800796c       0xac Drivers/STM32F4xx_HAL_Driver/Src/stm32f4xx_hal_uart.o
 .text.UART_EndTransmit_IT
                0x0000000008007a18       0x30 Drivers/STM32F4xx_HAL_Driver/Src/stm32f4xx_hal_uart.o
 .text.UART_Receive_IT
                0x0000000008007a48      0x102 Drivers/STM32F4xx_HAL_Driver/Src/stm32f4xx_hal_uart.o
 *fill*         0x0000000008007b4a        0x2 
 .text.UART_SetConfig
                0x0000000008007b4c      0x6f8 Drivers/STM32F4xx_HAL_Driver/Src/stm32f4xx_hal_uart.o
 .text.__errno  0x0000000008008244        0xc /home/tung/st/stm32cubeide_1.2.0/plugins/com.st.stm32cube.ide.mcu.externaltools.gnu-tools-for-stm32.7-2018-q2-update.linux64_1.0.0.201904181610/tools/bin/../lib/gcc/arm-none-eabi/7.3.1/../../../../arm-none-eabi/lib/thumb/v7e-m/fpv4-sp/hard/libc_nano.a(lib_a-errno.o)
                0x0000000008008244                __errno
 .text.__libc_init_array
                0x0000000008008250       0x48 /home/tung/st/stm32cubeide_1.2.0/plugins/com.st.stm32cube.ide.mcu.externaltools.gnu-tools-for-stm32.7-2018-q2-update.linux64_1.0.0.201904181610/tools/bin/../lib/gcc/arm-none-eabi/7.3.1/../../../../arm-none-eabi/lib/thumb/v7e-m/fpv4-sp/hard/libc_nano.a(lib_a-init.o)
                0x0000000008008250                __libc_init_array
 .text.memset   0x0000000008008298       0x10 /home/tung/st/stm32cubeide_1.2.0/plugins/com.st.stm32cube.ide.mcu.externaltools.gnu-tools-for-stm32.7-2018-q2-update.linux64_1.0.0.201904181610/tools/bin/../lib/gcc/arm-none-eabi/7.3.1/../../../../arm-none-eabi/lib/thumb/v7e-m/fpv4-sp/hard/libc_nano.a(lib_a-memset.o)
                0x0000000008008298                memset
 .text.atan     0x00000000080082a8      0x340 /home/tung/st/stm32cubeide_1.2.0/plugins/com.st.stm32cube.ide.mcu.externaltools.gnu-tools-for-stm32.7-2018-q2-update.linux64_1.0.0.201904181610/tools/bin/../lib/gcc/arm-none-eabi/7.3.1/../../../../arm-none-eabi/lib/thumb/v7e-m/fpv4-sp/hard/libm.a(lib_a-s_atan.o)
                0x00000000080082a8                atan
 .text.fabs     0x00000000080085e8       0x12 /home/tung/st/stm32cubeide_1.2.0/plugins/com.st.stm32cube.ide.mcu.externaltools.gnu-tools-for-stm32.7-2018-q2-update.linux64_1.0.0.201904181610/tools/bin/../lib/gcc/arm-none-eabi/7.3.1/../../../../arm-none-eabi/lib/thumb/v7e-m/fpv4-sp/hard/libm.a(lib_a-s_fabs.o)
                0x00000000080085e8                fabs
 *fill*         0x00000000080085fa        0x2 
 .text.asin     0x00000000080085fc       0xb0 /home/tung/st/stm32cubeide_1.2.0/plugins/com.st.stm32cube.ide.mcu.externaltools.gnu-tools-for-stm32.7-2018-q2-update.linux64_1.0.0.201904181610/tools/bin/../lib/gcc/arm-none-eabi/7.3.1/../../../../arm-none-eabi/lib/thumb/v7e-m/fpv4-sp/hard/libm.a(lib_a-w_asin.o)
                0x00000000080085fc                asin
 .text.atan2    0x00000000080086ac        0x4 /home/tung/st/stm32cubeide_1.2.0/plugins/com.st.stm32cube.ide.mcu.externaltools.gnu-tools-for-stm32.7-2018-q2-update.linux64_1.0.0.201904181610/tools/bin/../lib/gcc/arm-none-eabi/7.3.1/../../../../arm-none-eabi/lib/thumb/v7e-m/fpv4-sp/hard/libm.a(lib_a-w_atan2.o)
                0x00000000080086ac                atan2
 .text.sqrt     0x00000000080086b0       0xb4 /home/tung/st/stm32cubeide_1.2.0/plugins/com.st.stm32cube.ide.mcu.externaltools.gnu-tools-for-stm32.7-2018-q2-update.linux64_1.0.0.201904181610/tools/bin/../lib/gcc/arm-none-eabi/7.3.1/../../../../arm-none-eabi/lib/thumb/v7e-m/fpv4-sp/hard/libm.a(lib_a-w_sqrt.o)
                0x00000000080086b0                sqrt
 *fill*         0x0000000008008764        0x4 
 .text.__ieee754_asin
                0x0000000008008768      0x420 /home/tung/st/stm32cubeide_1.2.0/plugins/com.st.stm32cube.ide.mcu.externaltools.gnu-tools-for-stm32.7-2018-q2-update.linux64_1.0.0.201904181610/tools/bin/../lib/gcc/arm-none-eabi/7.3.1/../../../../arm-none-eabi/lib/thumb/v7e-m/fpv4-sp/hard/libm.a(lib_a-e_asin.o)
                0x0000000008008768                __ieee754_asin
 .text.__ieee754_atan2
                0x0000000008008b88      0x1bc /home/tung/st/stm32cubeide_1.2.0/plugins/com.st.stm32cube.ide.mcu.externaltools.gnu-tools-for-stm32.7-2018-q2-update.linux64_1.0.0.201904181610/tools/bin/../lib/gcc/arm-none-eabi/7.3.1/../../../../arm-none-eabi/lib/thumb/v7e-m/fpv4-sp/hard/libm.a(lib_a-e_atan2.o)
                0x0000000008008b88                __ieee754_atan2
 .text.__ieee754_sqrt
                0x0000000008008d44      0x160 /home/tung/st/stm32cubeide_1.2.0/plugins/com.st.stm32cube.ide.mcu.externaltools.gnu-tools-for-stm32.7-2018-q2-update.linux64_1.0.0.201904181610/tools/bin/../lib/gcc/arm-none-eabi/7.3.1/../../../../arm-none-eabi/lib/thumb/v7e-m/fpv4-sp/hard/libm.a(lib_a-e_sqrt.o)
                0x0000000008008d44                __ieee754_sqrt
 .text.matherr  0x0000000008008ea4        0x4 /home/tung/st/stm32cubeide_1.2.0/plugins/com.st.stm32cube.ide.mcu.externaltools.gnu-tools-for-stm32.7-2018-q2-update.linux64_1.0.0.201904181610/tools/bin/../lib/gcc/arm-none-eabi/7.3.1/../../../../arm-none-eabi/lib/thumb/v7e-m/fpv4-sp/hard/libm.a(lib_a-s_matherr.o)
                0x0000000008008ea4                matherr
 .text.nan      0x0000000008008ea8       0x10 /home/tung/st/stm32cubeide_1.2.0/plugins/com.st.stm32cube.ide.mcu.externaltools.gnu-tools-for-stm32.7-2018-q2-update.linux64_1.0.0.201904181610/tools/bin/../lib/gcc/arm-none-eabi/7.3.1/../../../../arm-none-eabi/lib/thumb/v7e-m/fpv4-sp/hard/libm.a(lib_a-s_nan.o)
                0x0000000008008ea8                nan
 *(.glue_7)
 .glue_7        0x0000000008008eb8        0x0 linker stubs
 *(.glue_7t)
 .glue_7t       0x0000000008008eb8        0x0 linker stubs
 *(.eh_frame)
 .eh_frame      0x0000000008008eb8        0x0 /home/tung/st/stm32cubeide_1.2.0/plugins/com.st.stm32cube.ide.mcu.externaltools.gnu-tools-for-stm32.7-2018-q2-update.linux64_1.0.0.201904181610/tools/bin/../lib/gcc/arm-none-eabi/7.3.1/thumb/v7e-m/fpv4-sp/hard/crtbegin.o
 *(.init)
 .init          0x0000000008008eb8        0x4 /home/tung/st/stm32cubeide_1.2.0/plugins/com.st.stm32cube.ide.mcu.externaltools.gnu-tools-for-stm32.7-2018-q2-update.linux64_1.0.0.201904181610/tools/bin/../lib/gcc/arm-none-eabi/7.3.1/thumb/v7e-m/fpv4-sp/hard/crti.o
                0x0000000008008eb8                _init
 .init          0x0000000008008ebc        0x8 /home/tung/st/stm32cubeide_1.2.0/plugins/com.st.stm32cube.ide.mcu.externaltools.gnu-tools-for-stm32.7-2018-q2-update.linux64_1.0.0.201904181610/tools/bin/../lib/gcc/arm-none-eabi/7.3.1/thumb/v7e-m/fpv4-sp/hard/crtn.o
 *(.fini)
 .fini          0x0000000008008ec4        0x4 /home/tung/st/stm32cubeide_1.2.0/plugins/com.st.stm32cube.ide.mcu.externaltools.gnu-tools-for-stm32.7-2018-q2-update.linux64_1.0.0.201904181610/tools/bin/../lib/gcc/arm-none-eabi/7.3.1/thumb/v7e-m/fpv4-sp/hard/crti.o
                0x0000000008008ec4                _fini
 .fini          0x0000000008008ec8        0x8 /home/tung/st/stm32cubeide_1.2.0/plugins/com.st.stm32cube.ide.mcu.externaltools.gnu-tools-for-stm32.7-2018-q2-update.linux64_1.0.0.201904181610/tools/bin/../lib/gcc/arm-none-eabi/7.3.1/thumb/v7e-m/fpv4-sp/hard/crtn.o
                0x0000000008008ed0                . = ALIGN (0x4)
                0x0000000008008ed0                _etext = .

.vfp11_veneer   0x0000000008008ed0        0x0
 .vfp11_veneer  0x0000000008008ed0        0x0 linker stubs

.v4_bx          0x0000000008008ed0        0x0
 .v4_bx         0x0000000008008ed0        0x0 linker stubs

.iplt           0x0000000008008ed0        0x0
 .iplt          0x0000000008008ed0        0x0 /home/tung/st/stm32cubeide_1.2.0/plugins/com.st.stm32cube.ide.mcu.externaltools.gnu-tools-for-stm32.7-2018-q2-update.linux64_1.0.0.201904181610/tools/bin/../lib/gcc/arm-none-eabi/7.3.1/thumb/v7e-m/fpv4-sp/hard/crtbegin.o

.rodata         0x0000000008008ed0       0xf4
                0x0000000008008ed0                . = ALIGN (0x4)
 *(.rodata)
 .rodata        0x0000000008008ed0       0x32 Core/Src/mpu9250.o
 *(.rodata*)
 *fill*         0x0000000008008f02        0x6 
 .rodata.rounders
                0x0000000008008f08       0x58 Core/Src/mpu9250.o
 .rodata.AHBPrescTable
                0x0000000008008f60       0x10 Core/Src/system_stm32f4xx.o
                0x0000000008008f60                AHBPrescTable
 .rodata.APBPrescTable
                0x0000000008008f70        0x8 Core/Src/system_stm32f4xx.o
                0x0000000008008f70                APBPrescTable
 .rodata.atanhi
                0x0000000008008f78       0x20 /home/tung/st/stm32cubeide_1.2.0/plugins/com.st.stm32cube.ide.mcu.externaltools.gnu-tools-for-stm32.7-2018-q2-update.linux64_1.0.0.201904181610/tools/bin/../lib/gcc/arm-none-eabi/7.3.1/../../../../arm-none-eabi/lib/thumb/v7e-m/fpv4-sp/hard/libm.a(lib_a-s_atan.o)
 .rodata.atanlo
                0x0000000008008f98       0x20 /home/tung/st/stm32cubeide_1.2.0/plugins/com.st.stm32cube.ide.mcu.externaltools.gnu-tools-for-stm32.7-2018-q2-update.linux64_1.0.0.201904181610/tools/bin/../lib/gcc/arm-none-eabi/7.3.1/../../../../arm-none-eabi/lib/thumb/v7e-m/fpv4-sp/hard/libm.a(lib_a-s_atan.o)
 .rodata.asin.str1.1
                0x0000000008008fb8        0x5 /home/tung/st/stm32cubeide_1.2.0/plugins/com.st.stm32cube.ide.mcu.externaltools.gnu-tools-for-stm32.7-2018-q2-update.linux64_1.0.0.201904181610/tools/bin/../lib/gcc/arm-none-eabi/7.3.1/../../../../arm-none-eabi/lib/thumb/v7e-m/fpv4-sp/hard/libm.a(lib_a-w_asin.o)
                                          0x6 (size before relaxing)
 .rodata.sqrt.str1.1
                0x0000000008008fbd        0x5 /home/tung/st/stm32cubeide_1.2.0/plugins/com.st.stm32cube.ide.mcu.externaltools.gnu-tools-for-stm32.7-2018-q2-update.linux64_1.0.0.201904181610/tools/bin/../lib/gcc/arm-none-eabi/7.3.1/../../../../arm-none-eabi/lib/thumb/v7e-m/fpv4-sp/hard/libm.a(lib_a-w_sqrt.o)
                0x0000000008008fc4                . = ALIGN (0x4)
 *fill*         0x0000000008008fc2        0x2 

.ARM.extab      0x0000000008008fc4        0x0
                0x0000000008008fc4                . = ALIGN (0x4)
 *(.ARM.extab* .gnu.linkonce.armextab.*)
                0x0000000008008fc4                . = ALIGN (0x4)

.ARM            0x0000000008008fc4        0x8
                0x0000000008008fc4                . = ALIGN (0x4)
                0x0000000008008fc4                __exidx_start = .
 *(.ARM.exidx*)
 .ARM.exidx     0x0000000008008fc4        0x8 /home/tung/st/stm32cubeide_1.2.0/plugins/com.st.stm32cube.ide.mcu.externaltools.gnu-tools-for-stm32.7-2018-q2-update.linux64_1.0.0.201904181610/tools/bin/../lib/gcc/arm-none-eabi/7.3.1/thumb/v7e-m/fpv4-sp/hard/libgcc.a(_udivmoddi4.o)
                0x0000000008008fcc                __exidx_end = .
                0x0000000008008fcc                . = ALIGN (0x4)

.rel.dyn        0x0000000008008fcc        0x0
 .rel.iplt      0x0000000008008fcc        0x0 /home/tung/st/stm32cubeide_1.2.0/plugins/com.st.stm32cube.ide.mcu.externaltools.gnu-tools-for-stm32.7-2018-q2-update.linux64_1.0.0.201904181610/tools/bin/../lib/gcc/arm-none-eabi/7.3.1/thumb/v7e-m/fpv4-sp/hard/crtbegin.o

.preinit_array  0x0000000008008fcc        0x0
                0x0000000008008fcc                . = ALIGN (0x4)
                0x0000000008008fcc                PROVIDE (__preinit_array_start = .)
 *(.preinit_array*)
                0x0000000008008fcc                PROVIDE (__preinit_array_end = .)
                0x0000000008008fcc                . = ALIGN (0x4)

.init_array     0x0000000008008fcc        0x4
                0x0000000008008fcc                . = ALIGN (0x4)
                0x0000000008008fcc                PROVIDE (__init_array_start = .)
 *(SORT_BY_NAME(.init_array.*))
 *(.init_array*)
 .init_array    0x0000000008008fcc        0x4 /home/tung/st/stm32cubeide_1.2.0/plugins/com.st.stm32cube.ide.mcu.externaltools.gnu-tools-for-stm32.7-2018-q2-update.linux64_1.0.0.201904181610/tools/bin/../lib/gcc/arm-none-eabi/7.3.1/thumb/v7e-m/fpv4-sp/hard/crtbegin.o
                0x0000000008008fd0                PROVIDE (__init_array_end = .)
                0x0000000008008fd0                . = ALIGN (0x4)

.fini_array     0x0000000008008fd0        0x4
                0x0000000008008fd0                . = ALIGN (0x4)
                [!provide]                        PROVIDE (__fini_array_start = .)
 *(SORT_BY_NAME(.fini_array.*))
 *(.fini_array*)
 .fini_array    0x0000000008008fd0        0x4 /home/tung/st/stm32cubeide_1.2.0/plugins/com.st.stm32cube.ide.mcu.externaltools.gnu-tools-for-stm32.7-2018-q2-update.linux64_1.0.0.201904181610/tools/bin/../lib/gcc/arm-none-eabi/7.3.1/thumb/v7e-m/fpv4-sp/hard/crtbegin.o
                [!provide]                        PROVIDE (__fini_array_end = .)
                0x0000000008008fd4                . = ALIGN (0x4)
                0x0000000008008fd4                _sidata = LOADADDR (.data)

.data           0x0000000020000000       0xa4 load address 0x0000000008008fd4
                0x0000000020000000                . = ALIGN (0x4)
                0x0000000020000000                _sdata = .
 *(.data)
 *(.data*)
 .data.A_m      0x0000000020000000       0x24 Core/Src/mpu9250.o
                0x0000000020000000                A_m
 .data.b_m      0x0000000020000024        0xc Core/Src/mpu9250.o
                0x0000000020000024                b_m
 .data.SystemCoreClock
                0x0000000020000030        0x4 Core/Src/system_stm32f4xx.o
                0x0000000020000030                SystemCoreClock
 .data.uwTickPrio
                0x0000000020000034        0x4 Drivers/STM32F4xx_HAL_Driver/Src/stm32f4xx_hal.o
                0x0000000020000034                uwTickPrio
 .data.uwTickFreq
                0x0000000020000038        0x1 Drivers/STM32F4xx_HAL_Driver/Src/stm32f4xx_hal.o
                0x0000000020000038                uwTickFreq
 *fill*         0x0000000020000039        0x3 
 .data._impure_ptr
                0x000000002000003c        0x4 /home/tung/st/stm32cubeide_1.2.0/plugins/com.st.stm32cube.ide.mcu.externaltools.gnu-tools-for-stm32.7-2018-q2-update.linux64_1.0.0.201904181610/tools/bin/../lib/gcc/arm-none-eabi/7.3.1/../../../../arm-none-eabi/lib/thumb/v7e-m/fpv4-sp/hard/libc_nano.a(lib_a-impure.o)
                0x000000002000003c                _impure_ptr
 .data.impure_data
                0x0000000020000040       0x60 /home/tung/st/stm32cubeide_1.2.0/plugins/com.st.stm32cube.ide.mcu.externaltools.gnu-tools-for-stm32.7-2018-q2-update.linux64_1.0.0.201904181610/tools/bin/../lib/gcc/arm-none-eabi/7.3.1/../../../../arm-none-eabi/lib/thumb/v7e-m/fpv4-sp/hard/libc_nano.a(lib_a-impure.o)
 .data.__fdlib_version
                0x00000000200000a0        0x1 /home/tung/st/stm32cubeide_1.2.0/plugins/com.st.stm32cube.ide.mcu.externaltools.gnu-tools-for-stm32.7-2018-q2-update.linux64_1.0.0.201904181610/tools/bin/../lib/gcc/arm-none-eabi/7.3.1/../../../../arm-none-eabi/lib/thumb/v7e-m/fpv4-sp/hard/libm.a(lib_a-s_lib_ver.o)
                0x00000000200000a0                __fdlib_version
                0x00000000200000a4                . = ALIGN (0x4)
 *fill*         0x00000000200000a1        0x3 
                0x00000000200000a4                _edata = .

.igot.plt       0x00000000200000a4        0x0 load address 0x0000000008009078
 .igot.plt      0x00000000200000a4        0x0 /home/tung/st/stm32cubeide_1.2.0/plugins/com.st.stm32cube.ide.mcu.externaltools.gnu-tools-for-stm32.7-2018-q2-update.linux64_1.0.0.201904181610/tools/bin/../lib/gcc/arm-none-eabi/7.3.1/thumb/v7e-m/fpv4-sp/hard/crtbegin.o
                0x00000000200000a4                . = ALIGN (0x4)

.bss            0x00000000200000a8      0x69c load address 0x0000000008009078
                0x00000000200000a8                _sbss = .
                0x00000000200000a8                __bss_start__ = _sbss
 *(.bss)
 .bss           0x00000000200000a8       0x1c /home/tung/st/stm32cubeide_1.2.0/plugins/com.st.stm32cube.ide.mcu.externaltools.gnu-tools-for-stm32.7-2018-q2-update.linux64_1.0.0.201904181610/tools/bin/../lib/gcc/arm-none-eabi/7.3.1/thumb/v7e-m/fpv4-sp/hard/crtbegin.o
 *(.bss*)
 *(COMMON)
 COMMON         0x00000000200000c4       0x2c Core/Src/MadgwickAHRS.o
                0x00000000200000c4                magd_p
                0x00000000200000c8                qr3
                0x00000000200000cc                magd_y
                0x00000000200000d0                qd1
                0x00000000200000d4                qr2
                0x00000000200000d8                qd2
                0x00000000200000dc                qd3
                0x00000000200000e0                qr0
                0x00000000200000e4                magd_r
                0x00000000200000e8                qd0
                0x00000000200000ec                qr1
 COMMON         0x00000000200000f0       0x6e Core/Src/PID.o
                0x00000000200000f0                esc_value2
                0x00000000200000f8                Kd_pitch
                0x0000000020000100                D_pitch
                0x0000000020000104                err_1_pitch
                0x0000000020000108                esc_value1
                0x0000000020000110                Kp_pitch
                0x0000000020000118                Ki_pitch
                0x0000000020000120                Ki_roll
                0x0000000020000128                Kp_roll
                0x0000000020000130                I_pitch
                0x0000000020000134                PID_value
                0x0000000020000138                err_2_pitch
                0x000000002000013c                P_pitch
                0x0000000020000140                dir
                0x0000000020000144                esc_value3
                0x0000000020000148                Kd_roll
                0x0000000020000150                PID_value_pre
                0x0000000020000154                err_pitch
                0x0000000020000158                dt
                0x000000002000015c                esc_value4
 *fill*         0x000000002000015e        0x2 
 COMMON         0x0000000020000160       0xb2 Core/Src/bmp180.o
                0x0000000020000160                MD
                0x0000000020000162                AC1
                0x0000000020000164                AC6
                0x0000000020000168                hi2c1
                0x00000000200001bc                UT
                0x00000000200001c0                AC5
                0x00000000200001c4                T
                0x00000000200001c8                b4
                0x00000000200001cc                x2
                0x00000000200001d0                calib_data
                0x00000000200001e6                AC4
                0x00000000200001e8                b7
                0x00000000200001ec                MB
                0x00000000200001ee                AC2
                0x00000000200001f0                AC3
                0x00000000200001f2                B2
                0x00000000200001f4                b5
                0x00000000200001f8                x3
                0x00000000200001fc                x1
                0x0000000020000200                b3
                0x0000000020000204                b6
                0x0000000020000208                B1
                0x000000002000020c                UP
                0x0000000020000210                MC
 *fill*         0x0000000020000212        0x2 
 COMMON         0x0000000020000214      0x204 Core/Src/main.o
                0x0000000020000214                t_sample
                0x0000000020000218                htim4
                0x0000000020000258                huart3
                0x0000000020000298                esc_value
                0x00000000200002a0                hcrc
                0x00000000200002a8                Rx_data
                0x00000000200002ac                htim3
                0x00000000200002ec                end
                0x00000000200002f0                i
                0x00000000200002f4                huart1
                0x0000000020000334                htim1
                0x0000000020000374                huart4
                0x00000000200003b4                hspi1
                0x000000002000040c                Rx_buffer
                0x0000000020000414                start
 COMMON         0x0000000020000418      0x328 Core/Src/mpu9250.o
                0x0000000020000418                w21
                0x000000002000041c                w2_
                0x0000000020000420                Acc_z
                0x0000000020000424                t
                0x0000000020000428                w01
                0x0000000020000430                p
                0x0000000020000438                w1
                0x000000002000043c                roll_gyro
                0x0000000020000440                med_gyroX
                0x0000000020000444                Gyro_x
                0x0000000020000448                magnet_calib
                0x0000000020000458                bGy
                0x0000000020000460                g_
                0x0000000020000478                g
                0x0000000020000480                y3
                0x0000000020000484                com_angle_y
                0x0000000020000488                Acc_y
                0x000000002000048c                w11
                0x0000000020000490                data_raw
                0x00000000200004a0                w
                0x00000000200004a8                ax_ref
                0x00000000200004b0                temp
                0x00000000200004b4                med_gyroY
                0x00000000200004b8                y2
                0x00000000200004bc                Mag_z
                0x00000000200004c0                med_accZ
                0x00000000200004c8                r
                0x00000000200004d0                Gyro_z
                0x00000000200004d4                com_angle_p
                0x00000000200004d8                com_angle_r
                0x00000000200004dc                Mag_x
                0x00000000200004e0                Acc_x
                0x00000000200004e8                bAy
                0x00000000200004f0                az_ref
                0x00000000200004f8                w2__
                0x00000000200004fc                asay
                0x0000000020000500                w2
                0x0000000020000504                data
                0x0000000020000508                bGx
                0x0000000020000510                y
                0x0000000020000518                y3_
                0x000000002000051c                yaw_mag
                0x0000000020000520                x_k
                0x0000000020000540                Mag_y
                0x0000000020000544                count
                0x0000000020000548                med_accX
                0x0000000020000550                P_plus_k
                0x00000000200006d8                bAx
                0x00000000200006e0                med_accY
                0x00000000200006e4                end1
                0x00000000200006e8                w__
                0x00000000200006ec                pitch_gyro
                0x00000000200006f0                yaw
                0x00000000200006f4                w_
                0x00000000200006f8                Gyro_y
                0x00000000200006fc                pitch
                0x0000000020000700                roll
                0x0000000020000704                med_gyroZ
                0x0000000020000708                w1_
                0x0000000020000710                bAz
                0x0000000020000718                bGz
                0x0000000020000720                roll_acc
                0x0000000020000724                pitch_acc
                0x0000000020000728                asaz
                0x000000002000072c                w1__
                0x0000000020000730                asax
                0x0000000020000734                y1
                0x0000000020000738                ay_ref
 COMMON         0x0000000020000740        0x4 Drivers/STM32F4xx_HAL_Driver/Src/stm32f4xx_hal.o
                0x0000000020000740                uwTick
                0x0000000020000744                . = ALIGN (0x4)
                0x0000000020000744                _ebss = .
                0x0000000020000744                __bss_end__ = _ebss

._user_heap_stack
                0x0000000020000744      0x604 load address 0x0000000008009078
                0x0000000020000748                . = ALIGN (0x8)
 *fill*         0x0000000020000744        0x4 
                [!provide]                        PROVIDE (end = .)
                [!provide]                        PROVIDE (_end = .)
                0x0000000020000948                . = (. + _Min_Heap_Size)
 *fill*         0x0000000020000748      0x200 
                0x0000000020000d48                . = (. + _Min_Stack_Size)
 *fill*         0x0000000020000948      0x400 
                0x0000000020000d48                . = ALIGN (0x8)

/DISCARD/
 libc.a(*)
 libm.a(*)
 libgcc.a(*)

.ARM.attributes
                0x0000000000000000       0x30
 *(.ARM.attributes)
 .ARM.attributes
                0x0000000000000000       0x22 /home/tung/st/stm32cubeide_1.2.0/plugins/com.st.stm32cube.ide.mcu.externaltools.gnu-tools-for-stm32.7-2018-q2-update.linux64_1.0.0.201904181610/tools/bin/../lib/gcc/arm-none-eabi/7.3.1/thumb/v7e-m/fpv4-sp/hard/crti.o
 .ARM.attributes
                0x0000000000000022       0x34 /home/tung/st/stm32cubeide_1.2.0/plugins/com.st.stm32cube.ide.mcu.externaltools.gnu-tools-for-stm32.7-2018-q2-update.linux64_1.0.0.201904181610/tools/bin/../lib/gcc/arm-none-eabi/7.3.1/thumb/v7e-m/fpv4-sp/hard/crtbegin.o
 .ARM.attributes
                0x0000000000000056       0x39 Core/Src/MadgwickAHRS.o
 .ARM.attributes
                0x000000000000008f       0x39 Core/Src/PID.o
 .ARM.attributes
                0x00000000000000c8       0x39 Core/Src/bmp180.o
 .ARM.attributes
                0x0000000000000101       0x39 Core/Src/main.o
 .ARM.attributes
                0x000000000000013a       0x39 Core/Src/mpu9250.o
 .ARM.attributes
                0x0000000000000173       0x39 Core/Src/sbus.o
 .ARM.attributes
                0x00000000000001ac       0x39 Core/Src/stm32f4xx_hal_msp.o
 .ARM.attributes
                0x00000000000001e5       0x39 Core/Src/stm32f4xx_it.o
 .ARM.attributes
                0x000000000000021e       0x39 Core/Src/system_stm32f4xx.o
 .ARM.attributes
                0x0000000000000257       0x21 Core/Startup/startup_stm32f405rgtx.o
 .ARM.attributes
                0x0000000000000278       0x39 Drivers/STM32F4xx_HAL_Driver/Src/stm32f4xx_hal.o
 .ARM.attributes
                0x00000000000002b1       0x39 Drivers/STM32F4xx_HAL_Driver/Src/stm32f4xx_hal_cortex.o
 .ARM.attributes
                0x00000000000002ea       0x39 Drivers/STM32F4xx_HAL_Driver/Src/stm32f4xx_hal_crc.o
 .ARM.attributes
                0x0000000000000323       0x39 Drivers/STM32F4xx_HAL_Driver/Src/stm32f4xx_hal_dma.o
 .ARM.attributes
                0x000000000000035c       0x39 Drivers/STM32F4xx_HAL_Driver/Src/stm32f4xx_hal_gpio.o
 .ARM.attributes
                0x0000000000000395       0x39 Drivers/STM32F4xx_HAL_Driver/Src/stm32f4xx_hal_i2c.o
 .ARM.attributes
                0x00000000000003ce       0x39 Drivers/STM32F4xx_HAL_Driver/Src/stm32f4xx_hal_rcc.o
 .ARM.attributes
                0x0000000000000407       0x39 Drivers/STM32F4xx_HAL_Driver/Src/stm32f4xx_hal_spi.o
 .ARM.attributes
                0x0000000000000440       0x39 Drivers/STM32F4xx_HAL_Driver/Src/stm32f4xx_hal_tim.o
 .ARM.attributes
                0x0000000000000479       0x39 Drivers/STM32F4xx_HAL_Driver/Src/stm32f4xx_hal_tim_ex.o
 .ARM.attributes
                0x00000000000004b2       0x39 Drivers/STM32F4xx_HAL_Driver/Src/stm32f4xx_hal_uart.o
 .ARM.attributes
                0x00000000000004eb       0x34 /home/tung/st/stm32cubeide_1.2.0/plugins/com.st.stm32cube.ide.mcu.externaltools.gnu-tools-for-stm32.7-2018-q2-update.linux64_1.0.0.201904181610/tools/bin/../lib/gcc/arm-none-eabi/7.3.1/../../../../arm-none-eabi/lib/thumb/v7e-m/fpv4-sp/hard/libc_nano.a(lib_a-errno.o)
 .ARM.attributes
                0x000000000000051f       0x34 /home/tung/st/stm32cubeide_1.2.0/plugins/com.st.stm32cube.ide.mcu.externaltools.gnu-tools-for-stm32.7-2018-q2-update.linux64_1.0.0.201904181610/tools/bin/../lib/gcc/arm-none-eabi/7.3.1/../../../../arm-none-eabi/lib/thumb/v7e-m/fpv4-sp/hard/libc_nano.a(lib_a-impure.o)
 .ARM.attributes
                0x0000000000000553       0x34 /home/tung/st/stm32cubeide_1.2.0/plugins/com.st.stm32cube.ide.mcu.externaltools.gnu-tools-for-stm32.7-2018-q2-update.linux64_1.0.0.201904181610/tools/bin/../lib/gcc/arm-none-eabi/7.3.1/../../../../arm-none-eabi/lib/thumb/v7e-m/fpv4-sp/hard/libc_nano.a(lib_a-init.o)
 .ARM.attributes
                0x0000000000000587       0x34 /home/tung/st/stm32cubeide_1.2.0/plugins/com.st.stm32cube.ide.mcu.externaltools.gnu-tools-for-stm32.7-2018-q2-update.linux64_1.0.0.201904181610/tools/bin/../lib/gcc/arm-none-eabi/7.3.1/../../../../arm-none-eabi/lib/thumb/v7e-m/fpv4-sp/hard/libc_nano.a(lib_a-memset.o)
 .ARM.attributes
                0x00000000000005bb       0x1b /home/tung/st/stm32cubeide_1.2.0/plugins/com.st.stm32cube.ide.mcu.externaltools.gnu-tools-for-stm32.7-2018-q2-update.linux64_1.0.0.201904181610/tools/bin/../lib/gcc/arm-none-eabi/7.3.1/../../../../arm-none-eabi/lib/thumb/v7e-m/fpv4-sp/hard/libc_nano.a(lib_a-strlen.o)
 .ARM.attributes
                0x00000000000005d6       0x34 /home/tung/st/stm32cubeide_1.2.0/plugins/com.st.stm32cube.ide.mcu.externaltools.gnu-tools-for-stm32.7-2018-q2-update.linux64_1.0.0.201904181610/tools/bin/../lib/gcc/arm-none-eabi/7.3.1/../../../../arm-none-eabi/lib/thumb/v7e-m/fpv4-sp/hard/libm.a(lib_a-s_atan.o)
 .ARM.attributes
                0x000000000000060a       0x34 /home/tung/st/stm32cubeide_1.2.0/plugins/com.st.stm32cube.ide.mcu.externaltools.gnu-tools-for-stm32.7-2018-q2-update.linux64_1.0.0.201904181610/tools/bin/../lib/gcc/arm-none-eabi/7.3.1/../../../../arm-none-eabi/lib/thumb/v7e-m/fpv4-sp/hard/libm.a(lib_a-s_fabs.o)
 .ARM.attributes
                0x000000000000063e       0x34 /home/tung/st/stm32cubeide_1.2.0/plugins/com.st.stm32cube.ide.mcu.externaltools.gnu-tools-for-stm32.7-2018-q2-update.linux64_1.0.0.201904181610/tools/bin/../lib/gcc/arm-none-eabi/7.3.1/../../../../arm-none-eabi/lib/thumb/v7e-m/fpv4-sp/hard/libm.a(lib_a-w_asin.o)
 .ARM.attributes
                0x0000000000000672       0x34 /home/tung/st/stm32cubeide_1.2.0/plugins/com.st.stm32cube.ide.mcu.externaltools.gnu-tools-for-stm32.7-2018-q2-update.linux64_1.0.0.201904181610/tools/bin/../lib/gcc/arm-none-eabi/7.3.1/../../../../arm-none-eabi/lib/thumb/v7e-m/fpv4-sp/hard/libm.a(lib_a-w_atan2.o)
 .ARM.attributes
                0x00000000000006a6       0x34 /home/tung/st/stm32cubeide_1.2.0/plugins/com.st.stm32cube.ide.mcu.externaltools.gnu-tools-for-stm32.7-2018-q2-update.linux64_1.0.0.201904181610/tools/bin/../lib/gcc/arm-none-eabi/7.3.1/../../../../arm-none-eabi/lib/thumb/v7e-m/fpv4-sp/hard/libm.a(lib_a-w_sqrt.o)
 .ARM.attributes
                0x00000000000006da       0x34 /home/tung/st/stm32cubeide_1.2.0/plugins/com.st.stm32cube.ide.mcu.externaltools.gnu-tools-for-stm32.7-2018-q2-update.linux64_1.0.0.201904181610/tools/bin/../lib/gcc/arm-none-eabi/7.3.1/../../../../arm-none-eabi/lib/thumb/v7e-m/fpv4-sp/hard/libm.a(lib_a-e_asin.o)
 .ARM.attributes
                0x000000000000070e       0x34 /home/tung/st/stm32cubeide_1.2.0/plugins/com.st.stm32cube.ide.mcu.externaltools.gnu-tools-for-stm32.7-2018-q2-update.linux64_1.0.0.201904181610/tools/bin/../lib/gcc/arm-none-eabi/7.3.1/../../../../arm-none-eabi/lib/thumb/v7e-m/fpv4-sp/hard/libm.a(lib_a-e_atan2.o)
 .ARM.attributes
                0x0000000000000742       0x34 /home/tung/st/stm32cubeide_1.2.0/plugins/com.st.stm32cube.ide.mcu.externaltools.gnu-tools-for-stm32.7-2018-q2-update.linux64_1.0.0.201904181610/tools/bin/../lib/gcc/arm-none-eabi/7.3.1/../../../../arm-none-eabi/lib/thumb/v7e-m/fpv4-sp/hard/libm.a(lib_a-e_sqrt.o)
 .ARM.attributes
                0x0000000000000776       0x34 /home/tung/st/stm32cubeide_1.2.0/plugins/com.st.stm32cube.ide.mcu.externaltools.gnu-tools-for-stm32.7-2018-q2-update.linux64_1.0.0.201904181610/tools/bin/../lib/gcc/arm-none-eabi/7.3.1/../../../../arm-none-eabi/lib/thumb/v7e-m/fpv4-sp/hard/libm.a(lib_a-s_lib_ver.o)
 .ARM.attributes
                0x00000000000007aa       0x34 /home/tung/st/stm32cubeide_1.2.0/plugins/com.st.stm32cube.ide.mcu.externaltools.gnu-tools-for-stm32.7-2018-q2-update.linux64_1.0.0.201904181610/tools/bin/../lib/gcc/arm-none-eabi/7.3.1/../../../../arm-none-eabi/lib/thumb/v7e-m/fpv4-sp/hard/libm.a(lib_a-s_matherr.o)
 .ARM.attributes
                0x00000000000007de       0x34 /home/tung/st/stm32cubeide_1.2.0/plugins/com.st.stm32cube.ide.mcu.externaltools.gnu-tools-for-stm32.7-2018-q2-update.linux64_1.0.0.201904181610/tools/bin/../lib/gcc/arm-none-eabi/7.3.1/../../../../arm-none-eabi/lib/thumb/v7e-m/fpv4-sp/hard/libm.a(lib_a-s_nan.o)
 .ARM.attributes
                0x0000000000000812       0x22 /home/tung/st/stm32cubeide_1.2.0/plugins/com.st.stm32cube.ide.mcu.externaltools.gnu-tools-for-stm32.7-2018-q2-update.linux64_1.0.0.201904181610/tools/bin/../lib/gcc/arm-none-eabi/7.3.1/thumb/v7e-m/fpv4-sp/hard/libgcc.a(_arm_addsubdf3.o)
 .ARM.attributes
                0x0000000000000834       0x22 /home/tung/st/stm32cubeide_1.2.0/plugins/com.st.stm32cube.ide.mcu.externaltools.gnu-tools-for-stm32.7-2018-q2-update.linux64_1.0.0.201904181610/tools/bin/../lib/gcc/arm-none-eabi/7.3.1/thumb/v7e-m/fpv4-sp/hard/libgcc.a(_arm_muldivdf3.o)
 .ARM.attributes
                0x0000000000000856       0x22 /home/tung/st/stm32cubeide_1.2.0/plugins/com.st.stm32cube.ide.mcu.externaltools.gnu-tools-for-stm32.7-2018-q2-update.linux64_1.0.0.201904181610/tools/bin/../lib/gcc/arm-none-eabi/7.3.1/thumb/v7e-m/fpv4-sp/hard/libgcc.a(_arm_cmpdf2.o)
 .ARM.attributes
                0x0000000000000878       0x22 /home/tung/st/stm32cubeide_1.2.0/plugins/com.st.stm32cube.ide.mcu.externaltools.gnu-tools-for-stm32.7-2018-q2-update.linux64_1.0.0.201904181610/tools/bin/../lib/gcc/arm-none-eabi/7.3.1/thumb/v7e-m/fpv4-sp/hard/libgcc.a(_arm_unorddf2.o)
 .ARM.attributes
                0x000000000000089a       0x22 /home/tung/st/stm32cubeide_1.2.0/plugins/com.st.stm32cube.ide.mcu.externaltools.gnu-tools-for-stm32.7-2018-q2-update.linux64_1.0.0.201904181610/tools/bin/../lib/gcc/arm-none-eabi/7.3.1/thumb/v7e-m/fpv4-sp/hard/libgcc.a(_arm_fixdfsi.o)
 .ARM.attributes
                0x00000000000008bc       0x22 /home/tung/st/stm32cubeide_1.2.0/plugins/com.st.stm32cube.ide.mcu.externaltools.gnu-tools-for-stm32.7-2018-q2-update.linux64_1.0.0.201904181610/tools/bin/../lib/gcc/arm-none-eabi/7.3.1/thumb/v7e-m/fpv4-sp/hard/libgcc.a(_arm_fixunsdfsi.o)
 .ARM.attributes
                0x00000000000008de       0x22 /home/tung/st/stm32cubeide_1.2.0/plugins/com.st.stm32cube.ide.mcu.externaltools.gnu-tools-for-stm32.7-2018-q2-update.linux64_1.0.0.201904181610/tools/bin/../lib/gcc/arm-none-eabi/7.3.1/thumb/v7e-m/fpv4-sp/hard/libgcc.a(_arm_truncdfsf2.o)
 .ARM.attributes
                0x0000000000000900       0x22 /home/tung/st/stm32cubeide_1.2.0/plugins/com.st.stm32cube.ide.mcu.externaltools.gnu-tools-for-stm32.7-2018-q2-update.linux64_1.0.0.201904181610/tools/bin/../lib/gcc/arm-none-eabi/7.3.1/thumb/v7e-m/fpv4-sp/hard/libgcc.a(_aeabi_uldivmod.o)
 .ARM.attributes
                0x0000000000000922       0x34 /home/tung/st/stm32cubeide_1.2.0/plugins/com.st.stm32cube.ide.mcu.externaltools.gnu-tools-for-stm32.7-2018-q2-update.linux64_1.0.0.201904181610/tools/bin/../lib/gcc/arm-none-eabi/7.3.1/thumb/v7e-m/fpv4-sp/hard/libgcc.a(_udivmoddi4.o)
 .ARM.attributes
                0x0000000000000956       0x22 /home/tung/st/stm32cubeide_1.2.0/plugins/com.st.stm32cube.ide.mcu.externaltools.gnu-tools-for-stm32.7-2018-q2-update.linux64_1.0.0.201904181610/tools/bin/../lib/gcc/arm-none-eabi/7.3.1/thumb/v7e-m/fpv4-sp/hard/libgcc.a(_dvmd_tls.o)
 .ARM.attributes
                0x0000000000000978       0x22 /home/tung/st/stm32cubeide_1.2.0/plugins/com.st.stm32cube.ide.mcu.externaltools.gnu-tools-for-stm32.7-2018-q2-update.linux64_1.0.0.201904181610/tools/bin/../lib/gcc/arm-none-eabi/7.3.1/thumb/v7e-m/fpv4-sp/hard/crtn.o
OUTPUT(drone_board_1.elf elf32-littlearm)

.debug_info     0x0000000000000000    0x138a4
 .debug_info    0x0000000000000000      0xf4c Core/Src/MadgwickAHRS.o
 .debug_info    0x0000000000000f4c      0x255 Core/Src/PID.o
 .debug_info    0x00000000000011a1      0xa47 Core/Src/bmp180.o
 .debug_info    0x0000000000001be8     0x1b52 Core/Src/main.o
 .debug_info    0x000000000000373a     0x230e Core/Src/mpu9250.o
 .debug_info    0x0000000000005a48      0x10a Core/Src/sbus.o
 .debug_info    0x0000000000005b52     0x16ab Core/Src/stm32f4xx_hal_msp.o
 .debug_info    0x00000000000071fd      0x94b Core/Src/stm32f4xx_it.o
 .debug_info    0x0000000000007b48      0x554 Core/Src/system_stm32f4xx.o
 .debug_info    0x000000000000809c       0x22 Core/Startup/startup_stm32f405rgtx.o
 .debug_info    0x00000000000080be      0x933 Drivers/STM32F4xx_HAL_Driver/Src/stm32f4xx_hal.o
 .debug_info    0x00000000000089f1      0xe16 Drivers/STM32F4xx_HAL_Driver/Src/stm32f4xx_hal_cortex.o
 .debug_info    0x0000000000009807      0x441 Drivers/STM32F4xx_HAL_Driver/Src/stm32f4xx_hal_crc.o
 .debug_info    0x0000000000009c48      0x968 Drivers/STM32F4xx_HAL_Driver/Src/stm32f4xx_hal_dma.o
 .debug_info    0x000000000000a5b0      0x7b5 Drivers/STM32F4xx_HAL_Driver/Src/stm32f4xx_hal_gpio.o
 .debug_info    0x000000000000ad65     0x23b5 Drivers/STM32F4xx_HAL_Driver/Src/stm32f4xx_hal_i2c.o
 .debug_info    0x000000000000d11a      0x904 Drivers/STM32F4xx_HAL_Driver/Src/stm32f4xx_hal_rcc.o
 .debug_info    0x000000000000da1e     0x163a Drivers/STM32F4xx_HAL_Driver/Src/stm32f4xx_hal_spi.o
 .debug_info    0x000000000000f058     0x24a9 Drivers/STM32F4xx_HAL_Driver/Src/stm32f4xx_hal_tim.o
 .debug_info    0x0000000000011501     0x1157 Drivers/STM32F4xx_HAL_Driver/Src/stm32f4xx_hal_tim_ex.o
 .debug_info    0x0000000000012658     0x124c Drivers/STM32F4xx_HAL_Driver/Src/stm32f4xx_hal_uart.o

.debug_abbrev   0x0000000000000000     0x27da
 .debug_abbrev  0x0000000000000000      0x270 Core/Src/MadgwickAHRS.o
 .debug_abbrev  0x0000000000000270       0xa6 Core/Src/PID.o
 .debug_abbrev  0x0000000000000316      0x1bd Core/Src/bmp180.o
 .debug_abbrev  0x00000000000004d3      0x298 Core/Src/main.o
 .debug_abbrev  0x000000000000076b      0x376 Core/Src/mpu9250.o
 .debug_abbrev  0x0000000000000ae1       0x7d Core/Src/sbus.o
 .debug_abbrev  0x0000000000000b5e      0x212 Core/Src/stm32f4xx_hal_msp.o
 .debug_abbrev  0x0000000000000d70      0x15a Core/Src/stm32f4xx_it.o
 .debug_abbrev  0x0000000000000eca      0x12b Core/Src/system_stm32f4xx.o
 .debug_abbrev  0x0000000000000ff5       0x12 Core/Startup/startup_stm32f405rgtx.o
 .debug_abbrev  0x0000000000001007      0x1c7 Drivers/STM32F4xx_HAL_Driver/Src/stm32f4xx_hal.o
 .debug_abbrev  0x00000000000011ce      0x2fa Drivers/STM32F4xx_HAL_Driver/Src/stm32f4xx_hal_cortex.o
 .debug_abbrev  0x00000000000014c8      0x1b7 Drivers/STM32F4xx_HAL_Driver/Src/stm32f4xx_hal_crc.o
 .debug_abbrev  0x000000000000167f      0x229 Drivers/STM32F4xx_HAL_Driver/Src/stm32f4xx_hal_dma.o
 .debug_abbrev  0x00000000000018a8      0x1c9 Drivers/STM32F4xx_HAL_Driver/Src/stm32f4xx_hal_gpio.o
 .debug_abbrev  0x0000000000001a71      0x254 Drivers/STM32F4xx_HAL_Driver/Src/stm32f4xx_hal_i2c.o
 .debug_abbrev  0x0000000000001cc5      0x245 Drivers/STM32F4xx_HAL_Driver/Src/stm32f4xx_hal_rcc.o
 .debug_abbrev  0x0000000000001f0a      0x240 Drivers/STM32F4xx_HAL_Driver/Src/stm32f4xx_hal_spi.o
 .debug_abbrev  0x000000000000214a      0x230 Drivers/STM32F4xx_HAL_Driver/Src/stm32f4xx_hal_tim.o
 .debug_abbrev  0x000000000000237a      0x21e Drivers/STM32F4xx_HAL_Driver/Src/stm32f4xx_hal_tim_ex.o
 .debug_abbrev  0x0000000000002598      0x242 Drivers/STM32F4xx_HAL_Driver/Src/stm32f4xx_hal_uart.o

.debug_aranges  0x0000000000000000     0x1228
 .debug_aranges
                0x0000000000000000       0x38 Core/Src/MadgwickAHRS.o
 .debug_aranges
                0x0000000000000038       0x28 Core/Src/PID.o
 .debug_aranges
                0x0000000000000060       0x38 Core/Src/bmp180.o
 .debug_aranges
                0x0000000000000098       0xa8 Core/Src/main.o
 .debug_aranges
                0x0000000000000140       0x78 Core/Src/mpu9250.o
 .debug_aranges
                0x00000000000001b8       0x20 Core/Src/sbus.o
 .debug_aranges
                0x00000000000001d8       0x88 Core/Src/stm32f4xx_hal_msp.o
 .debug_aranges
                0x0000000000000260       0x80 Core/Src/stm32f4xx_it.o
 .debug_aranges
                0x00000000000002e0       0x28 Core/Src/system_stm32f4xx.o
 .debug_aranges
                0x0000000000000308       0x28 Core/Startup/startup_stm32f405rgtx.o
 .debug_aranges
                0x0000000000000330       0xf0 Drivers/STM32F4xx_HAL_Driver/Src/stm32f4xx_hal.o
 .debug_aranges
                0x0000000000000420      0x118 Drivers/STM32F4xx_HAL_Driver/Src/stm32f4xx_hal_cortex.o
 .debug_aranges
                0x0000000000000538       0x50 Drivers/STM32F4xx_HAL_Driver/Src/stm32f4xx_hal_crc.o
 .debug_aranges
                0x0000000000000588       0x90 Drivers/STM32F4xx_HAL_Driver/Src/stm32f4xx_hal_dma.o
 .debug_aranges
                0x0000000000000618       0x58 Drivers/STM32F4xx_HAL_Driver/Src/stm32f4xx_hal_gpio.o
 .debug_aranges
                0x0000000000000670      0x298 Drivers/STM32F4xx_HAL_Driver/Src/stm32f4xx_hal_i2c.o
 .debug_aranges
                0x0000000000000908       0x88 Drivers/STM32F4xx_HAL_Driver/Src/stm32f4xx_hal_rcc.o
 .debug_aranges
                0x0000000000000990      0x1d0 Drivers/STM32F4xx_HAL_Driver/Src/stm32f4xx_hal_spi.o
 .debug_aranges
                0x0000000000000b60      0x3a8 Drivers/STM32F4xx_HAL_Driver/Src/stm32f4xx_hal_tim.o
 .debug_aranges
                0x0000000000000f08      0x150 Drivers/STM32F4xx_HAL_Driver/Src/stm32f4xx_hal_tim_ex.o
 .debug_aranges
                0x0000000000001058      0x1d0 Drivers/STM32F4xx_HAL_Driver/Src/stm32f4xx_hal_uart.o

.debug_ranges   0x0000000000000000     0x1100
 .debug_ranges  0x0000000000000000       0x28 Core/Src/MadgwickAHRS.o
 .debug_ranges  0x0000000000000028       0x18 Core/Src/PID.o
 .debug_ranges  0x0000000000000040       0x28 Core/Src/bmp180.o
 .debug_ranges  0x0000000000000068       0x98 Core/Src/main.o
 .debug_ranges  0x0000000000000100       0x68 Core/Src/mpu9250.o
 .debug_ranges  0x0000000000000168       0x10 Core/Src/sbus.o
 .debug_ranges  0x0000000000000178       0x78 Core/Src/stm32f4xx_hal_msp.o
 .debug_ranges  0x00000000000001f0       0x70 Core/Src/stm32f4xx_it.o
 .debug_ranges  0x0000000000000260       0x18 Core/Src/system_stm32f4xx.o
 .debug_ranges  0x0000000000000278       0x20 Core/Startup/startup_stm32f405rgtx.o
 .debug_ranges  0x0000000000000298       0xe0 Drivers/STM32F4xx_HAL_Driver/Src/stm32f4xx_hal.o
 .debug_ranges  0x0000000000000378      0x108 Drivers/STM32F4xx_HAL_Driver/Src/stm32f4xx_hal_cortex.o
 .debug_ranges  0x0000000000000480       0x40 Drivers/STM32F4xx_HAL_Driver/Src/stm32f4xx_hal_crc.o
 .debug_ranges  0x00000000000004c0       0x80 Drivers/STM32F4xx_HAL_Driver/Src/stm32f4xx_hal_dma.o
 .debug_ranges  0x0000000000000540       0x48 Drivers/STM32F4xx_HAL_Driver/Src/stm32f4xx_hal_gpio.o
 .debug_ranges  0x0000000000000588      0x2a8 Drivers/STM32F4xx_HAL_Driver/Src/stm32f4xx_hal_i2c.o
 .debug_ranges  0x0000000000000830       0x78 Drivers/STM32F4xx_HAL_Driver/Src/stm32f4xx_hal_rcc.o
 .debug_ranges  0x00000000000008a8      0x1c0 Drivers/STM32F4xx_HAL_Driver/Src/stm32f4xx_hal_spi.o
 .debug_ranges  0x0000000000000a68      0x398 Drivers/STM32F4xx_HAL_Driver/Src/stm32f4xx_hal_tim.o
 .debug_ranges  0x0000000000000e00      0x140 Drivers/STM32F4xx_HAL_Driver/Src/stm32f4xx_hal_tim_ex.o
 .debug_ranges  0x0000000000000f40      0x1c0 Drivers/STM32F4xx_HAL_Driver/Src/stm32f4xx_hal_uart.o

.debug_macro    0x0000000000000000    0x1f0d9
 .debug_macro   0x0000000000000000       0xea Core/Src/MadgwickAHRS.o
 .debug_macro   0x00000000000000ea       0x10 Core/Src/MadgwickAHRS.o
 .debug_macro   0x00000000000000fa       0x71 Core/Src/PID.o
 .debug_macro   0x000000000000016b       0x8e Core/Src/PID.o
 .debug_macro   0x00000000000001f9       0x51 Core/Src/PID.o
 .debug_macro   0x000000000000024a       0xef Core/Src/PID.o
 .debug_macro   0x0000000000000339       0x6a Core/Src/PID.o
 .debug_macro   0x00000000000003a3      0x1df Core/Src/PID.o
 .debug_macro   0x0000000000000582      0x205 Core/Src/bmp180.o
 .debug_macro   0x0000000000000787      0x19c Core/Src/bmp180.o
 .debug_macro   0x0000000000000923       0x32 Core/Src/bmp180.o
 .debug_macro   0x0000000000000955       0x2f Core/Src/bmp180.o
 .debug_macro   0x0000000000000984       0x1c Core/Src/bmp180.o
 .debug_macro   0x00000000000009a0       0x22 Core/Src/bmp180.o
 .debug_macro   0x00000000000009c2       0xdf Core/Src/bmp180.o
 .debug_macro   0x0000000000000aa1     0x102d Core/Src/bmp180.o
 .debug_macro   0x0000000000001ace      0x11f Core/Src/bmp180.o
 .debug_macro   0x0000000000001bed    0x14251 Core/Src/bmp180.o
 .debug_macro   0x0000000000015e3e       0x43 Core/Src/bmp180.o
 .debug_macro   0x0000000000015e81     0x3652 Core/Src/bmp180.o
 .debug_macro   0x00000000000194d3       0x5a Core/Src/bmp180.o
 .debug_macro   0x000000000001952d      0x8a7 Core/Src/bmp180.o
 .debug_macro   0x0000000000019dd4      0x9fe Core/Src/bmp180.o
 .debug_macro   0x000000000001a7d2      0x174 Core/Src/bmp180.o
 .debug_macro   0x000000000001a946      0x117 Core/Src/bmp180.o
 .debug_macro   0x000000000001aa5d      0x130 Core/Src/bmp180.o
 .debug_macro   0x000000000001ab8d       0x27 Core/Src/bmp180.o
 .debug_macro   0x000000000001abb4      0x287 Core/Src/bmp180.o
 .debug_macro   0x000000000001ae3b       0x5f Core/Src/bmp180.o
 .debug_macro   0x000000000001ae9a      0x236 Core/Src/bmp180.o
 .debug_macro   0x000000000001b0d0       0x22 Core/Src/bmp180.o
 .debug_macro   0x000000000001b0f2      0x12c Core/Src/bmp180.o
 .debug_macro   0x000000000001b21e      0x21e Core/Src/bmp180.o
 .debug_macro   0x000000000001b43c       0x2e Core/Src/bmp180.o
 .debug_macro   0x000000000001b46a      0x1b5 Core/Src/bmp180.o
 .debug_macro   0x000000000001b61f       0xd6 Core/Src/bmp180.o
 .debug_macro   0x000000000001b6f5      0x11a Core/Src/bmp180.o
 .debug_macro   0x000000000001b80f       0x7e Core/Src/bmp180.o
 .debug_macro   0x000000000001b88d       0x89 Core/Src/bmp180.o
 .debug_macro   0x000000000001b916      0x225 Core/Src/bmp180.o
 .debug_macro   0x000000000001bb3b      0x8a0 Core/Src/bmp180.o
 .debug_macro   0x000000000001c3db       0x47 Core/Src/bmp180.o
 .debug_macro   0x000000000001c422      0x287 Core/Src/bmp180.o
 .debug_macro   0x000000000001c6a9      0x12d Core/Src/bmp180.o
 .debug_macro   0x000000000001c7d6       0x2e Core/Src/bmp180.o
 .debug_macro   0x000000000001c804      0x23e Core/Src/main.o
 .debug_macro   0x000000000001ca42       0x28 Core/Src/main.o
 .debug_macro   0x000000000001ca6a       0x5e Core/Src/main.o
 .debug_macro   0x000000000001cac8      0x154 Core/Src/main.o
 .debug_macro   0x000000000001cc1c      0x30f Core/Src/mpu9250.o
 .debug_macro   0x000000000001cf2b       0xd0 Core/Src/mpu9250.o
 .debug_macro   0x000000000001cffb       0x46 Core/Src/mpu9250.o
 .debug_macro   0x000000000001d041      0x32a Core/Src/mpu9250.o
 .debug_macro   0x000000000001d36b       0x67 Core/Src/sbus.o
 .debug_macro   0x000000000001d3d2      0x20b Core/Src/stm32f4xx_hal_msp.o
 .debug_macro   0x000000000001d5dd      0x215 Core/Src/stm32f4xx_it.o
 .debug_macro   0x000000000001d7f2      0x202 Core/Src/system_stm32f4xx.o
 .debug_macro   0x000000000001d9f4      0x25c Drivers/STM32F4xx_HAL_Driver/Src/stm32f4xx_hal.o
 .debug_macro   0x000000000001dc50      0x1fc Drivers/STM32F4xx_HAL_Driver/Src/stm32f4xx_hal_cortex.o
 .debug_macro   0x000000000001de4c      0x1fc Drivers/STM32F4xx_HAL_Driver/Src/stm32f4xx_hal_crc.o
 .debug_macro   0x000000000001e048      0x202 Drivers/STM32F4xx_HAL_Driver/Src/stm32f4xx_hal_dma.o
 .debug_macro   0x000000000001e24a      0x232 Drivers/STM32F4xx_HAL_Driver/Src/stm32f4xx_hal_gpio.o
 .debug_macro   0x000000000001e47c      0x23c Drivers/STM32F4xx_HAL_Driver/Src/stm32f4xx_hal_i2c.o
 .debug_macro   0x000000000001e6b8      0x220 Drivers/STM32F4xx_HAL_Driver/Src/stm32f4xx_hal_rcc.o
 .debug_macro   0x000000000001e8d8      0x20b Drivers/STM32F4xx_HAL_Driver/Src/stm32f4xx_hal_spi.o
 .debug_macro   0x000000000001eae3      0x1fd Drivers/STM32F4xx_HAL_Driver/Src/stm32f4xx_hal_tim.o
 .debug_macro   0x000000000001ece0      0x1fc Drivers/STM32F4xx_HAL_Driver/Src/stm32f4xx_hal_tim_ex.o
 .debug_macro   0x000000000001eedc      0x1fd Drivers/STM32F4xx_HAL_Driver/Src/stm32f4xx_hal_uart.o

.debug_line     0x0000000000000000     0xdd8e
 .debug_line    0x0000000000000000      0x5cd Core/Src/MadgwickAHRS.o
 .debug_line    0x00000000000005cd      0x3bd Core/Src/PID.o
 .debug_line    0x000000000000098a      0x833 Core/Src/bmp180.o
 .debug_line    0x00000000000011bd      0x9a9 Core/Src/main.o
 .debug_line    0x0000000000001b66      0xbf5 Core/Src/mpu9250.o
 .debug_line    0x000000000000275b      0x391 Core/Src/sbus.o
 .debug_line    0x0000000000002aec      0x872 Core/Src/stm32f4xx_hal_msp.o
 .debug_line    0x000000000000335e      0x800 Core/Src/stm32f4xx_it.o
 .debug_line    0x0000000000003b5e      0x735 Core/Src/system_stm32f4xx.o
 .debug_line    0x0000000000004293       0x86 Core/Startup/startup_stm32f405rgtx.o
 .debug_line    0x0000000000004319      0x919 Drivers/STM32F4xx_HAL_Driver/Src/stm32f4xx_hal.o
 .debug_line    0x0000000000004c32      0xa3d Drivers/STM32F4xx_HAL_Driver/Src/stm32f4xx_hal_cortex.o
 .debug_line    0x000000000000566f      0x7c8 Drivers/STM32F4xx_HAL_Driver/Src/stm32f4xx_hal_crc.o
 .debug_line    0x0000000000005e37      0x9e7 Drivers/STM32F4xx_HAL_Driver/Src/stm32f4xx_hal_dma.o
 .debug_line    0x000000000000681e      0x8f8 Drivers/STM32F4xx_HAL_Driver/Src/stm32f4xx_hal_gpio.o
 .debug_line    0x0000000000007116     0x1b53 Drivers/STM32F4xx_HAL_Driver/Src/stm32f4xx_hal_i2c.o
 .debug_line    0x0000000000008c69      0x971 Drivers/STM32F4xx_HAL_Driver/Src/stm32f4xx_hal_rcc.o
 .debug_line    0x00000000000095da     0x10cc Drivers/STM32F4xx_HAL_Driver/Src/stm32f4xx_hal_spi.o
 .debug_line    0x000000000000a6a6     0x1992 Drivers/STM32F4xx_HAL_Driver/Src/stm32f4xx_hal_tim.o
 .debug_line    0x000000000000c038      0xd2f Drivers/STM32F4xx_HAL_Driver/Src/stm32f4xx_hal_tim_ex.o
 .debug_line    0x000000000000cd67     0x1027 Drivers/STM32F4xx_HAL_Driver/Src/stm32f4xx_hal_uart.o

.debug_str      0x0000000000000000    0xc3694
 .debug_str     0x0000000000000000     0x6b6f Core/Src/MadgwickAHRS.o
                                       0x6d5d (size before relaxing)
 .debug_str     0x0000000000006b6f      0xb40 Core/Src/PID.o
                                       0x3cf9 (size before relaxing)
 .debug_str     0x00000000000076af    0xb670f Core/Src/bmp180.o
                                      0xba778 (size before relaxing)
 .debug_str     0x00000000000bddbe     0x148d Core/Src/main.o
                                      0xbbd27 (size before relaxing)
 .debug_str     0x00000000000bf24b      0x5e3 Core/Src/mpu9250.o
                                      0xbdfcf (size before relaxing)
 .debug_str     0x00000000000bf82e       0x13 Core/Src/sbus.o
                                       0x3c54 (size before relaxing)
 .debug_str     0x00000000000bf841      0x5ed Core/Src/stm32f4xx_hal_msp.o
                                      0xbb3c2 (size before relaxing)
 .debug_str     0x00000000000bfe2e      0x102 Core/Src/stm32f4xx_it.o
                                      0xba8b3 (size before relaxing)
 .debug_str     0x00000000000bff30       0xc4 Core/Src/system_stm32f4xx.o
                                      0xba2f6 (size before relaxing)
 .debug_str     0x00000000000bfff4       0x36 Core/Startup/startup_stm32f405rgtx.o
                                         0x72 (size before relaxing)
 .debug_str     0x00000000000c002a      0x58d Drivers/STM32F4xx_HAL_Driver/Src/stm32f4xx_hal.o
                                      0xbada2 (size before relaxing)
 .debug_str     0x00000000000c05b7      0x399 Drivers/STM32F4xx_HAL_Driver/Src/stm32f4xx_hal_cortex.o
                                      0xbab91 (size before relaxing)
 .debug_str     0x00000000000c0950       0xa5 Drivers/STM32F4xx_HAL_Driver/Src/stm32f4xx_hal_crc.o
                                      0xba33b (size before relaxing)
 .debug_str     0x00000000000c09f5      0x31d Drivers/STM32F4xx_HAL_Driver/Src/stm32f4xx_hal_dma.o
                                      0xba70b (size before relaxing)
 .debug_str     0x00000000000c0d12      0x207 Drivers/STM32F4xx_HAL_Driver/Src/stm32f4xx_hal_gpio.o
                                      0xba535 (size before relaxing)
 .debug_str     0x00000000000c0f19      0xa86 Drivers/STM32F4xx_HAL_Driver/Src/stm32f4xx_hal_i2c.o
                                      0xbb23f (size before relaxing)
 .debug_str     0x00000000000c199f      0x24e Drivers/STM32F4xx_HAL_Driver/Src/stm32f4xx_hal_rcc.o
                                      0xba6e3 (size before relaxing)
 .debug_str     0x00000000000c1bed      0x545 Drivers/STM32F4xx_HAL_Driver/Src/stm32f4xx_hal_spi.o
                                      0xbab64 (size before relaxing)
 .debug_str     0x00000000000c2132      0xc65 Drivers/STM32F4xx_HAL_Driver/Src/stm32f4xx_hal_tim.o
                                      0xbb402 (size before relaxing)
 .debug_str     0x00000000000c2d97      0x40e Drivers/STM32F4xx_HAL_Driver/Src/stm32f4xx_hal_tim_ex.o
                                      0xbac02 (size before relaxing)
 .debug_str     0x00000000000c31a5      0x4ef Drivers/STM32F4xx_HAL_Driver/Src/stm32f4xx_hal_uart.o
                                      0xbab42 (size before relaxing)

.comment        0x0000000000000000       0x7b
 .comment       0x0000000000000000       0x7b Core/Src/MadgwickAHRS.o
                                         0x7c (size before relaxing)
 .comment       0x000000000000007b       0x7c Core/Src/PID.o
 .comment       0x000000000000007b       0x7c Core/Src/bmp180.o
 .comment       0x000000000000007b       0x7c Core/Src/main.o
 .comment       0x000000000000007b       0x7c Core/Src/mpu9250.o
 .comment       0x000000000000007b       0x7c Core/Src/sbus.o
 .comment       0x000000000000007b       0x7c Core/Src/stm32f4xx_hal_msp.o
 .comment       0x000000000000007b       0x7c Core/Src/stm32f4xx_it.o
 .comment       0x000000000000007b       0x7c Core/Src/system_stm32f4xx.o
 .comment       0x000000000000007b       0x7c Drivers/STM32F4xx_HAL_Driver/Src/stm32f4xx_hal.o
 .comment       0x000000000000007b       0x7c Drivers/STM32F4xx_HAL_Driver/Src/stm32f4xx_hal_cortex.o
 .comment       0x000000000000007b       0x7c Drivers/STM32F4xx_HAL_Driver/Src/stm32f4xx_hal_crc.o
 .comment       0x000000000000007b       0x7c Drivers/STM32F4xx_HAL_Driver/Src/stm32f4xx_hal_dma.o
 .comment       0x000000000000007b       0x7c Drivers/STM32F4xx_HAL_Driver/Src/stm32f4xx_hal_gpio.o
 .comment       0x000000000000007b       0x7c Drivers/STM32F4xx_HAL_Driver/Src/stm32f4xx_hal_i2c.o
 .comment       0x000000000000007b       0x7c Drivers/STM32F4xx_HAL_Driver/Src/stm32f4xx_hal_rcc.o
 .comment       0x000000000000007b       0x7c Drivers/STM32F4xx_HAL_Driver/Src/stm32f4xx_hal_spi.o
 .comment       0x000000000000007b       0x7c Drivers/STM32F4xx_HAL_Driver/Src/stm32f4xx_hal_tim.o
 .comment       0x000000000000007b       0x7c Drivers/STM32F4xx_HAL_Driver/Src/stm32f4xx_hal_tim_ex.o
 .comment       0x000000000000007b       0x7c Drivers/STM32F4xx_HAL_Driver/Src/stm32f4xx_hal_uart.o

.debug_frame    0x0000000000000000     0x5150
 .debug_frame   0x0000000000000000       0xb0 Core/Src/MadgwickAHRS.o
 .debug_frame   0x00000000000000b0       0x60 Core/Src/PID.o
 .debug_frame   0x0000000000000110       0xb0 Core/Src/bmp180.o