main.c:90:6:init_nRF24	4	static
main.c:99:6:init_ESC	8	static
main.c:118:6:set_ESC	4	static
main.c:132:5:main	16	static
main.c:217:6:SystemClock_Config	88	static
main.c:260:13:MX_CRC_Init	8	static
main.c:286:13:MX_I2C1_Init	8	static
main.c:320:13:MX_SPI1_Init	8	static
main.c:358:13:MX_TIM1_Init	80	static
main.c:435:13:MX_TIM3_Init	32	static
main.c:480:13:MX_TIM4_Init	32	static
main.c:525:13:MX_UART4_Init	8	static
main.c:558:13:MX_USART1_UART_Init	8	static
main.c:591:13:MX_USART3_UART_Init	8	static
main.c:624:13:MX_GPIO_Init	48	static
main.c:667:6:HAL_UART_RxCpltCallback	24	static
main.c:716:6:HAL_TIM_PeriodElapsedCallback	16	static
main.c:729:6:Error_Handler	4	static
