main.h:75:13:void MX_I2C1_Init()	8	static
main.h:109:13:void MX_TIM1_Init()	96	static
main.h:196:13:void MX_TIM4_Init()	32	static
main.h:247:13:void MX_USART1_UART_Init()	8	static
main.h:280:13:void MX_USART3_UART_Init()	8	static
main.h:313:13:void MX_GPIO_Init()	48	static
cmath:106:3:constexpr float std::asin(float)	16	static
cmath:125:3:constexpr float std::atan(float)	16	static
cmath:144:3:constexpr float std::atan2(float, float)	16	static
cmath:463:3:constexpr float std::sqrt(float)	16	static
mpu_data_type.hpp:59:8:char* ftoa(double, char*, int)	56	static
mpu_data_type.hpp:182:7:float invSqrt(float)	32	static
mpu9250.hpp:131:6:char init_MPU()	80	static
mpu9250.hpp:238:6:void adding_raw()	4	static
mpu9250.hpp:247:6:void delete_raw()	4	static
mpu9250.hpp:258:10:IMU_data process_MPU(bool)	56	static
mpu9250.hpp:300:10:MAG_data process_magnet()	96	static
mpu9250.hpp:335:13:EULER_angle complementary_filter(IMU_data, float, float)	80	static
mpu9250.hpp:359:13:EULER_angle quat2euler(quaternion)	120	static
mpu9250.hpp:395:6:void calibration_IMU()	56	static
Matrix.hpp:29:9:int Matrix::get_value(double*)	24	static
Matrix.hpp:51:1:Matrix::Matrix(int, int)	32	static
Matrix.hpp:63:1:Matrix::~Matrix()	16	static
Matrix.hpp:63:1:virtual Matrix::~Matrix()	16	static
Matrix.hpp:20:7:constexpr Matrix::Matrix(const Matrix&)	16	static
Matrix.hpp:68:8:Matrix diag_mat(int, int)	40	static
Matrix.hpp:78:8:Matrix getCofactor(Matrix, int, int)	40	static
Matrix.hpp:100:8:Matrix mul_mat(Matrix, Matrix)	56	static
Matrix.hpp:113:8:Matrix add_mat(Matrix, Matrix)	40	static
Matrix.hpp:125:8:Matrix sub_mat(Matrix, Matrix)	40	static
Matrix.hpp:138:8:Matrix transpose(Matrix)	32	static
Matrix.hpp:20:7:constexpr Matrix& Matrix::operator=(const Matrix&)	24	static
Matrix.hpp:148:8:double determinant(Matrix)	1712	static
Matrix.hpp:172:8:Matrix adjoint(Matrix)	1296	static
Matrix.hpp:206:8:Matrix inverse(Matrix)	472	static
EKF.h:29:7:void EKF::loadEKF(double*, double*, double*, double*)	24	static
EKF.h:232:1:EKF::EKF()	16	static
EKF.h:235:1:EKF::~EKF()	16	static
EKF.h:235:1:virtual EKF::~EKF()	16	static
MadgwickAHRS.h:49:6:void MadgwickAHRSupdate(float, float, float, float, float, float, float, float, float)	192	static
MadgwickAHRS.h:148:13:EULER_angle MadgwickAHRSupdateIMU(IMU_data, float)	200	static
MadgwickAHRS.h:253:13:EULER_angle quaternion_rot(IMU_data, float)	128	static
main.cpp:84:5:int main()	64	static
main.cpp:195:6:void SystemClock_Config()	88	static
main.cpp:246:13:void MX_TIM3_Init()	32	static
main.cpp:294:6:void HAL_TIM_PeriodElapsedCallback(TIM_HandleTypeDef*)	16	static
main.cpp:329:6:void Error_Handler()	4	static
main.cpp:335:1:void __static_initialization_and_destruction_0(int, int)	16	static
main.cpp:335:1:cpp)	8	static
main.cpp:335:1:cpp)	8	static
