core_cm3.h:1480:22:__NVIC_SetPriorityGrouping	24	static
stm32f1xx_ll_rcc.h:794:26:LL_RCC_HSE_IsReady	4	static
stm32f1xx_ll_rcc.h:1027:26:LL_RCC_GetSysClkSource	4	static
stm32f1xx_ll_bus.h:447:22:LL_APB1_GRP1_EnableClock	24	static
stm32f1xx_ll_bus.h:763:22:LL_APB2_GRP1_EnableClock	24	static
stm32f1xx_ll_system.h:483:26:LL_FLASH_GetLatency	4	static
stm32f1xx_ll_cortex.h:244:22:LL_SYSTICK_SetClkSource	16	static
stm32f1xx_ll_gpio.h:833:22:LL_GPIO_ResetOutputPin	16	static
stm32f1xx_ll_gpio.h:1563:22:LL_GPIO_AF_Remap_SWJ_NOJTAG	4	static
main.c:67:5:main	8	static
main.c:136:6:SystemClock_Config	16	static
main.c:184:13:MX_GPIO_Init	32	static
main.c:224:6:Error_Handler	4	static
