nokia5110.c:12:6:LCD_setRST	16	static
nokia5110.c:17:6:LCD_setCE	16	static
nokia5110.c:22:6:LCD_setDC	16	static
nokia5110.c:26:6:LCD_setDIN	16	static
nokia5110.c:31:6:LCD_setCLK	16	static
nokia5110.c:42:6:LCD_send	24	static
nokia5110.c:57:6:LCD_write	16	static
nokia5110.c:73:6:LCD_init	8	static
nokia5110.c:87:6:LCD_invert	16	static
nokia5110.c:96:6:LCD_putChar	24	static
nokia5110.c:110:6:LCD_print	16	static
nokia5110.c:120:6:LCD_clrScr	16	static
nokia5110.c:126:6:LCD_clrScr1	16	static
nokia5110.c:133:6:LCD_printBuffer	24	static
nokia5110.c:145:6:LCD_goXY	16	static
nokia5110.c:153:6:LCD_refreshScr	16	static
nokia5110.c:169:6:LCD_refreshArea	32	static
nokia5110.c:186:6:LCD_setPixel	16	static
nokia5110.c:206:6:LCD_drawHLine	40	static
nokia5110.c:224:6:LCD_drawVLine	32	static
nokia5110.c:238:5:abs	16	static
nokia5110.c:252:6:LCD_drawLine	80	static
nokia5110.c:331:6:LCD_drawRectangle	24	static
